--------- beginning of /dev/log/system
I/Vold    (   84): Vold 2.1 (the revenge) firing up
D/Vold    (   84): Volume usb state changing -1 (Initializing) -> 0 (No-Media)
I/SystemServer(  282): Entered the Android system server!
I/SystemServer(  282): Entropy Mixer
I/SystemServer(  282): Power Manager
I/SystemServer(  282): Activity Manager
I/ActivityManager(  282): Memory class: 256
W/BatteryStatsImpl(  282): Couldn't get kernel wake lock stats
I/SystemServer(  282): Telephony Registry
I/ActivityManager(  282): Enabled StrictMode logging for AThread's Looper
I/SystemServer(  282): Scheduling Policy
I/SystemServer(  282): Package Manager
W/PackageManager(  282): Boot class path not found: /system/framework/filterfw.jar
W/PackageManager(  282): Package com.metago.astro desires unavailable shared library com.kyocera.dualscreen; ignoring!
W/PackageParser(  282): No actions in intent filter at /system/app/Bluetooth.apk Binary XML file line #159
W/PackageParser(  282): No actions in intent filter at /system/app/Contacts.apk Binary XML file line #533
I/Installer(  282): connecting...
W/PackageParser(  282): No actions in intent filter at /data/app/ApiDemos.apk Binary XML file line #2674
W/PackageParser(  282): No actions in intent filter at /data/app/ApiDemos.apk Binary XML file line #2680
W/PackageManager(  282): Package com.example.android.apis desires unavailable shared library com.example.will.never.exist; ignoring!
W/PackageParser(  282): No actions in intent filter at /data/app/com.skout.android-1.apk Binary XML file line #380
I/PackageParser(  282): com.lexa.fakegps: compat added android.permission.WRITE_EXTERNAL_STORAGE android.permission.READ_PHONE_STATE
I/PackageManager(  282): Time to scan packages: 1.08 seconds
W/PackageManager(  282): Not granting permission android.permission.WRITE_SECURE_SETTINGS to package com.lexa.fakegps (protectionLevel=50 flags=0xae44)
W/PackageManager(  282): Not granting permission android.permission.INSTALL_PACKAGES to package com.tencent.mm (protectionLevel=18 flags=0xbe44)
W/PackageManager(  282): Unknown permission com.tencent.mm.location.permission.SEND_VIEW in package com.tencent.mm
W/PackageManager(  282): Unknown permission android.permission.ADD_SYSTEM_SERVICE in package com.android.phone
W/PackageManager(  282): Unknown permission com.android.vending.billing.IBillingAccountService.BIND2 in package com.google.android.gsf.login
W/PackageManager(  282): Unknown permission com.android.chrome.TOS_ACKED in package com.google.android.gsf.login
W/PackageManager(  282): Not granting permission android.permission.SEND_DOWNLOAD_COMPLETED_INTENTS to package com.android.browser (protectionLevel=2 flags=0x9be45)
W/PackageManager(  282): Unknown permission com.google.android.gm.permission.READ_GMAIL in package com.google.android.talk
W/PackageManager(  282): Not granting permission android.permission.BROADCAST_SMS to package be.rosoco (protectionLevel=2 flags=0xbe46)
W/PackageManager(  282): Unknown permission android.permission.LOCATION in package be.rosoco
W/PackageManager(  282): Not granting permission android.permission.READ_LOGS to package be.rosoco (protectionLevel=50 flags=0xbe46)
W/PackageManager(  282): Unknown permission android.permission.READ_OWNER_DATA in package com.google.android.setupwizard
W/PackageManager(  282): Unknown permission android.permission.WRITE_OWNER_DATA in package com.google.android.setupwizard
W/PackageManager(  282): Not granting permission android.permission.SEND_DOWNLOAD_COMPLETED_INTENTS to package com.android.vending (protectionLevel=2 flags=0xabec5)
W/PackageManager(  282): Unknown permission android.permission.MANAGE_USERS in package com.android.vending
W/PackageManager(  282): Unknown permission android.permission.INTERACT_ACROSS_USERS in package com.android.vending
W/PackageManager(  282): Not granting permission android.permission.READ_LOGS to package net.aisence.Touchelper (protectionLevel=50 flags=0xbe44)
W/PackageManager(  282): Unknown permission android.webkit.permission.PLUGIN in package com.adobe.flashplayer
W/PackageManager(  282): Not granting permission android.permission.DEVICE_POWER to package com.android.deskclock (protectionLevel=2 flags=0x8be45)
I/SystemServer(  282): Account Manager
I/SystemServer(  282): Content Manager
I/SystemServer(  282): System Content Providers
I/SystemServer(  282): Lights Service
I/SystemServer(  282): Battery Service
I/SystemServer(  282): Vibrator Service
I/SystemServer(  282): Alarm Manager
I/SystemServer(  282): Init Watchdog
I/SystemServer(  282): Window Manager
I/InputManager(  282): Initializing input manager
W/StatusBarManager(  282): warning: no STATUS_BAR_SERVICE
I/WindowManager(  282): Enabled StrictMode for PolicyThread's Looper
I/InputManager(  282): Starting input manager
I/WindowManager(  282): Enabled StrictMode logging for WMThread's Looper
I/SystemServer(  282): Bluetooth Service
I/SystemServer(  282): Input Method Service
W/InputMethodManagerService(  282): Couldn't create dir.: /data/system/inputmethod
I/SystemServer(  282): Accessibility Manager
I/ActivityManager(  282): Config changed: {1.0 0mcc0mnc en_US sw600dp w1024dp h575dp lrg long land ?uimode ?night -touch -keyb/v/h -nav/h s.2}
I/SystemServer(  282): Mount Service
D/MountService(  282): got storage path: /mnt/sdcard description: Internal storage primary: true removable: false emulated: true mtpReserve: 100 allowMassStorage: false maxFileSize: 0
D/MountService(  282): using emulated external storage
I/SystemServer(  282): LockSettingsService
I/SystemServer(  282): Device Policy
I/SystemServer(  282): Status Bar
I/SystemServer(  282): Clipboard Service
I/SystemServer(  282): NetworkManagement Service
D/VoldCmdListener(   84): volume list
D/MountService(  282): volume state changed for /mnt/USB (null -> removed)
D/VoldCmdListener(   84): asec list
I/SystemServer(  282): Text Service Manager Service
I/SystemServer(  282): NetworkStats Service
I/SystemServer(  282): NetworkPolicy Service
I/SystemServer(  282): Wi-Fi P2pService
I/SystemServer(  282): Wi-Fi Service
I/ActivityManager(  282): Config changed: {1.0 0mcc0mnc en_US sw600dp w1024dp h575dp lrg long land ?uimode ?night -touch qwerty/v/v -nav/h s.3}
W/PackageManager(  282): Not granting permission android.permission.WRITE_SECURE_SETTINGS to package com.lexa.fakegps (protectionLevel=50 flags=0xae44)
W/PackageManager(  282): Not granting permission android.permission.INSTALL_PACKAGES to package com.tencent.mm (protectionLevel=18 flags=0xbe44)
W/PackageManager(  282): Unknown permission com.tencent.mm.location.permission.SEND_VIEW in package com.tencent.mm
W/PackageManager(  282): Unknown permission android.permission.ADD_SYSTEM_SERVICE in package com.android.phone
W/PackageManager(  282): Unknown permission com.android.vending.billing.IBillingAccountService.BIND2 in package com.google.android.gsf.login
W/PackageManager(  282): Unknown permission com.android.chrome.TOS_ACKED in package com.google.android.gsf.login
W/PackageManager(  282): Not granting permission android.permission.SEND_DOWNLOAD_COMPLETED_INTENTS to package com.android.browser (protectionLevel=2 flags=0x9be45)
W/PackageManager(  282): Unknown permission com.google.android.gm.permission.READ_GMAIL in package com.google.android.talk
W/PackageManager(  282): Not granting permission android.permission.BROADCAST_SMS to package be.rosoco (protectionLevel=2 flags=0xbe46)
W/PackageManager(  282): Unknown permission android.permission.LOCATION in package be.rosoco
W/PackageManager(  282): Not granting permission android.permission.READ_LOGS to package be.rosoco (protectionLevel=50 flags=0xbe46)
W/PackageManager(  282): Unknown permission android.permission.READ_OWNER_DATA in package com.google.android.setupwizard
W/PackageManager(  282): Unknown permission android.permission.WRITE_OWNER_DATA in package com.google.android.setupwizard
W/PackageManager(  282): Not granting permission android.permission.SEND_DOWNLOAD_COMPLETED_INTENTS to package com.android.vending (protectionLevel=2 flags=0xabec5)
W/PackageManager(  282): Unknown permission android.permission.MANAGE_USERS in package com.android.vending
W/PackageManager(  282): Unknown permission android.permission.INTERACT_ACROSS_USERS in package com.android.vending
W/PackageManager(  282): Not granting permission android.permission.READ_LOGS to package net.aisence.Touchelper (protectionLevel=50 flags=0xbe44)
W/PackageManager(  282): Unknown permission android.webkit.permission.PLUGIN in package com.adobe.flashplayer
W/PackageManager(  282): Not granting permission android.permission.DEVICE_POWER to package com.android.deskclock (protectionLevel=2 flags=0x8be45)
I/SystemServer(  282): Connectivity Service
D/ConnectivityService(  282): ConnectivityService starting up
E/ConnectivityService(  282): Ignoring protectedNetwork 10
E/ConnectivityService(  282): Ignoring protectedNetwork 11
E/ConnectivityService(  282): Ignoring protectedNetwork 12
I/WifiService(  282): WifiService starting up with Wi-Fi enabled
D/WifiService(  282): setWifiEnabled: true pid=282, uid=1000
I/SystemServer(  282): Network Service Discovery Service
D/NsdService(  282): Network service discovery enabled true
I/SystemServer(  282): Throttle Service
I/SystemServer(  282): UpdateLock Service
I/SystemServer(  282): Notification Manager
I/SystemServer(  282): Device Storage Monitor
I/SystemServer(  282): Location Manager
I/SystemServer(  282): Country Detector
I/SystemServer(  282): Search Service
I/SystemServer(  282): DropBox Service
I/SystemServer(  282): Wallpaper Service
I/SystemServer(  282): Audio Service
I/SystemServer(  282): Dock Observer
W/DockObserver(  282): This kernel does not have dock station support
I/SystemServer(  282): Wired Accessory Observer
W/WiredAccessoryObserver(  282): This kernel does not have wired headset support
W/WiredAccessoryObserver(  282): This kernel does not have usb audio support
W/WiredAccessoryObserver(  282): This kernel does not have HDMI audio support
I/SystemServer(  282): USB Service
I/SystemServer(  282): Serial Service
I/SystemServer(  282): UI Mode Manager Service
I/SystemServer(  282): Backup Service
V/BackupManagerService(  282): Initializing package tracking
V/BackupManagerService(  282): addPackageParticipantsLocked: all
V/BackupManagerService(  282): Registering transport android/com.android.internal.backup.LocalTransport = com.android.internal.backup.LocalTransport@a6d1f450
V/BackupManagerService(  282): Starting with transport android/com.android.internal.backup.LocalTransport
V/BackupManagerService(  282): Binding to Google transport
I/BackupManagerService(  282): Found stale backup journal, scheduling
I/BackupManagerService(  282):   android
D/BackupManagerService(  282): Now staging backup of android
I/BackupManagerService(  282): Backup enabled => true
I/SystemServer(  282): AppWidget Service
I/SystemServer(  282): Recognition Service
I/SystemServer(  282): DiskStats Service
I/SystemServer(  282): SamplingProfiler Service
I/SystemServer(  282): NetworkTimeUpdateService
I/SystemServer(  282): CommonTimeManagementService
I/SystemServer(  282): CertBlacklister
D/PowerManagerService(  282): system ready!
I/ActivityManager(  282): System now ready
I/SystemServer(  282): Making services ready
D/SystemServer(  282): Starting service: Intent { cmp=com.android.systemui/.SystemUIService }
I/ActivityManager(  282): Start proc com.android.systemui for service com.android.systemui/.SystemUIService: pid=355 uid=10050 gids={1028, 1015, 3002, 3001}
D/NetworkManagementService(  282): enabling bandwidth control
W/DropBoxManagerService(  282): Dropping: system_server_wtf (1211 > 0 bytes)
W/NetworkStats(  282): bandwidth controls disabled, unable to track stats
W/NetworkPolicy(  282): bandwidth controls disabled, unable to enforce policy
I/ActivityManager(  282): Config changed: {1.0 0mcc0mnc en_US sw600dp w1024dp h575dp lrg long land -touch qwerty/v/v -nav/h s.4}
W/RecognitionManagerService(  282): no available voice recognition services found
W/InputMethodManagerService(  282): Ignoring setImeWindowStatus of uid 1000 token: null
W/InputMethodManagerService(  282): Found no subtypes in a system IME: com.android.inputmethod.pinyin
I/ActivityManager(  282): Start proc com.android.inputmethod.latin for service com.android.inputmethod.latin/.LatinIME: pid=418 uid=10026 gids={1028}
W/LocationManagerService(  282): com.google.android.location implements com.android.location.service.NetworkLocationProvider but its signatures don't match those in @0, ignoring
W/LocationManagerService(  282): com.google.android.location implements com.android.location.service.GeocodeProvider but its signatures don't match those in @0, ignoring
I/ActivityManager(  282): Start proc com.android.phone for added application com.android.phone: pid=430 uid=1001 gids={3002, 3001, 3003, 1015, 1028}
I/ActivityManager(  282): START {act=android.intent.action.MAIN cat=[android.intent.category.HOME] flg=0x10000000 cmp=com.android.launcher/com.android.launcher2.Launcher u=0} from pid 0
I/ActivityManager(  282): Start proc com.android.launcher for activity com.android.launcher/com.android.launcher2.Launcher: pid=448 uid=10027 gids={1028}
I/SystemServer(  282): Enabled StrictMode for system server main thread.
W/ThrottleService(  282): unable to find stats for iface rmnet0
W/ActivityThread(  282): ClassLoader.loadClass: The class loader returned by Thread.getContextClassLoader() may fail for processes that host multiple applications. You should explicitly specify a context class loader. For example: Thread.setContextClassLoader(getClass().getClassLoader());
I/LocationManagerService(  282): request passive (pid 282) 0 0
I/ActivityManager(  282): Start proc com.android.smspush for service com.android.smspush/.WapPushManager: pid=475 uid=10059 gids={1028}
V/BackupManagerService(  282): Connected to Google transport
V/BackupManagerService(  282): Registering transport com.google.android.backup/.BackupTransportService = com.google.android.backup.BackupTransportService$1@a6d55d20
D/SystemUIService(  355): loading: class com.android.systemui.statusbar.phone.PhoneStatusBar
D/SystemUIService(  355): running: com.android.systemui.statusbar.phone.PhoneStatusBar@a69e7ed0
I/ActivityManager(  282): Start proc com.google.android.gsf.login for service com.google.android.gsf.login/com.google.android.gsf.loginservice.GoogleLoginService: pid=495 uid=10009 gids={3003, 1015, 1028, 1007, 2001, 3006}
I/ActivityManager(  282): Start proc android.process.acore for content provider com.android.providers.contacts/.CallLogProvider: pid=515 uid=10000 gids={3003, 1015, 1028}
I/StatusBarManagerService(  282): registerStatusBar bar=com.android.internal.statusbar.IStatusBar$Stub$Proxy@a6c632c8
W/ActivityManager(  282): Unable to start service Intent { act=com.android.ussd.IExtendedNetworkService }: not found
W/InputMethodManagerService(  282): Found no subtypes in a system IME: com.android.inputmethod.pinyin
E/ActivityThread(  418): Failed to find provider info for com.android.inputmethod.latin.dictionarypack
D/PhoneStatusBar(  355): disable: < expand icons alerts ticker system_info back home RECENT* clock >
D/StorageNotification(  355): Startup with UMS connection false (media state mounted)
D/SystemUIService(  355): loading: class com.android.systemui.power.PowerUI
D/SystemUIService(  355): running: com.android.systemui.power.PowerUI@a6ac3298
D/SystemUIService(  355): loading: class com.android.systemui.media.RingtonePlayer
D/SystemUIService(  355): running: com.android.systemui.media.RingtonePlayer@a6ac4058
I/StorageNotification(  355): UMS connection changed to false (media state mounted)
D/WifiService(  282): New client listening to asynchronous messages
D/PhoneStatusBar(  355): disable: < expand icons alerts ticker system_info BACK* HOME* RECENT CLOCK* >
I/ActivityManager(  282): Start proc com.android.deskclock for broadcast com.android.deskclock/com.android.alarmclock.AnalogAppWidgetProvider: pid=574 uid=10012 gids={1028}
D/PowerManagerService(  282): bootCompleted
V/DevicePolicyManagerService(  282): Sending password expiration notifications for action android.intent.action.BOOT_COMPLETED
W/MountService(  282): Duplicate state transition (mounted -> mounted) for /mnt/sdcard
D/MountService(  282): sendStorageIntent Intent { act=android.intent.action.MEDIA_MOUNTED dat=file:///mnt/sdcard (has extras) }
V/WiredAccessoryObserver(  282): init()
W/ActivityManager(  282): Permission denied: checkComponentPermission() owningUid=1000
W/BroadcastQueue(  282): Permission Denial: broadcasting Intent { act=android.appwidget.action.APPWIDGET_UPDATE_OPTIONS flg=0x10 cmp=com.android.settings/.widget.SettingsAppWidgetProvider (has extras) } from android (pid=448, uid=10027) is not exported from uid 1000 due to receiver com.android.settings/com.android.settings.widget.SettingsAppWidgetProvider
I/ActivityManager(  282): Start proc com.android.contacts for broadcast com.android.contacts/.calllog.CallLogReceiver: pid=595 uid=10000 gids={3003, 1015, 1028}
I/ActivityManager(  282): Start proc com.android.providers.calendar for broadcast com.android.providers.calendar/.CalendarReceiver: pid=623 uid=10007 gids={3003, 1015, 1028}
I/ActivityManager(  282): Start proc android.process.media for content provider com.android.providers.downloads/.DownloadProvider: pid=633 uid=10013 gids={1015, 1023, 1024, 1028, 2001, 3003, 3007}
I/ActivityManager(  282): Start proc com.android.email for broadcast com.android.email/.service.EmailBroadcastReceiver: pid=665 uid=10014 gids={3003, 1015, 1028}
I/ActivityManager(  282): Start proc com.android.exchange for service com.android.exchange/.ExchangeService: pid=682 uid=10015 gids={3003, 1015, 1028}
I/ActivityManager(  282): Start proc com.google.android.apps.genie.geniewidget for broadcast com.google.android.apps.genie.geniewidget/.miniwidget.MiniWidgetProvider: pid=699 uid=10019 gids={3003, 1015, 1028}
I/ActivityManager(  282): Start proc com.google.process.gapps for content provider com.google.android.gsf/.settings.GoogleSettingsProvider: pid=723 uid=10009 gids={3003, 1015, 1028, 1007, 2001, 3006}
W/ActivityThread(  723): ClassLoader.loadClass: The class loader returned by Thread.getContextClassLoader() may fail for processes that host multiple applications. You should explicitly specify a context class loader. For example: Thread.setContextClassLoader(getClass().getClassLoader());
I/ActivityManager(  282): Start proc com.google.android.partnersetup for broadcast com.google.android.partnersetup/.GooglePartnerSetup: pid=744 uid=10023 gids={3003, 1028}
I/SystemUpdateService(  723): cancelUpdate (empty URL)
I/ActivityManager(  282): Start proc com.android.mms for broadcast com.android.mms/.transaction.MmsSystemEventReceiver: pid=775 uid=10033 gids={3003, 1015, 1028}
I/SystemUpdateService(  723): cancelUpdate (empty URL)
D/CountryDetector(  282): The first listener is added
I/ActivityManager(  282): Start proc com.google.android.onetimeinitializer for broadcast com.google.android.onetimeinitializer/.OneTimeInitializerReceiver: pid=804 uid=10037 gids={1028}
I/ActivityManager(  282): Start proc com.google.android.talk for broadcast com.google.android.talk/.videochat.BootCompleteReceiver: pid=819 uid=10051 gids={3003, 1015, 1006, 3002, 1028}
I/ActivityManager(  282): Start proc com.android.voicedialer for broadcast com.android.voicedialer/.VoiceDialerReceiver: pid=842 uid=10056 gids={3002, 1028}
I/ActivityManager(  282): Start proc com.android.vending for broadcast com.android.vending/com.google.android.finsky.receivers.BootCompletedReceiver: pid=858 uid=10041 gids={3003, 1015, 1028}
D/ConnectivityService(  282): handleInetConditionChange: no active default network - ignore
W/BroadcastQueue(  282): Permission Denial: receiving Intent { act=android.intent.action.BOOT_COMPLETED flg=0x10 } to com.ttxapps.wifiadb requires android.permission.RECEIVE_BOOT_COMPLETED due to sender null (uid 1000)
I/ActivityManager(  282): Start proc com.tencent.mm:push for broadcast com.tencent.mm/.booter.MMReceivers$BootReceiver: pid=892 uid=10064 gids={1006, 3003, 1015, 3002, 3001, 1028}
E/ActivityThread(  892): Failed to find provider info for com.tencent.mm.coolassist.debugprovider
I/ActivityManager(  282): Start proc com.immomo.momo for broadcast com.immomo.momo/.android.broadcast.BootCompletedReceiver: pid=908 uid=10065 gids={3003, 1015, 1028}
E/ActivityThread(  892): Failed to find provider info for com.tencent.mm.coolassist.debugprovider
I/ActivityManager(  282): Start proc com.immomo.momo:push for service com.immomo.momo/.android.service.XService: pid=924 uid=10065 gids={3003, 1015, 1028}
I/ActivityManager(  282): Start proc com.lexa.fakegps for broadcast com.lexa.fakegps/.FakeGPSService$BootReceiver: pid=936 uid=10066 gids={3003, 1015, 1028}
I/ActivityManager(  282): Start proc com.tencent.mm for broadcast com.tencent.mm/.booter.MountReceiver: pid=950 uid=10064 gids={1006, 3003, 1015, 3002, 3001, 1028}
E/ActivityThread(  950): Failed to find provider info for com.tencent.mm.coolassist.debugprovider
I/ActivityManager(  282): Start proc com.android.settings for broadcast com.android.settings/.widget.SettingsAppWidgetProvider: pid=988 uid=1000 gids={1015, 3002, 3001, 3003, 1028, 3007}
I/ActivityManager(  282): No longer want com.google.android.gsf.login (pid 495): hidden #16
I/ActivityManager(  282): Start proc com.android.calendar for broadcast com.android.calendar/.alerts.AlertReceiver: pid=1000 uid=10006 gids={3003, 1028}
I/ActivityManager(  282): No longer want com.android.contacts (pid 595): hidden #16
I/ActivityManager(  282): No longer want android.process.acore (pid 515): hidden #16
I/ActivityManager(  282): Start proc com.google.android.gsf.login for service com.google.android.gsf.login/com.google.android.gsf.loginservice.GoogleLoginService: pid=1048 uid=10009 gids={3003, 1015, 1028, 1007, 2001, 3006}
I/ActivityManager(  282): No longer want com.google.android.apps.genie.geniewidget (pid 699): hidden #16
I/ActivityManager(  282): Start proc android.process.acore for content provider com.android.providers.contacts/.ContactsProvider2: pid=1076 uid=10000 gids={3003, 1015, 1028}
I/ActivityManager(  282): No longer want com.google.android.partnersetup (pid 744): hidden #16
D/PhoneStatusBar(  355): disable: < expand icons alerts ticker system_info BACK HOME recent* CLOCK >
D/PhoneStatusBar(  355): disable: < expand icons alerts ticker system_info back* home* recent clock* >
I/ActivityManager(  282): No longer want com.android.mms (pid 775): hidden #16
D/CountryDetector(  282): No listener is left
D/PhoneStatusBar(  355): disable: < expand icons alerts TICKER* SYSTEM_INFO* back home recent clock >
D/PhoneStatusBar(  355): makeIconsInvisible
W/InputMethodManagerService(  282): Window already focused, ignoring focus gain of: com.android.internal.view.IInputMethodClient$Stub$Proxy@a6da95c8 attribute=null
D/PhoneStatusBar(  355): disable: < expand icons alerts ticker* system_info* back home recent clock >
I/ActivityManager(  282): START {act=android.intent.action.MAIN cat=[android.intent.category.LAUNCHER] flg=0x10200000 cmp=com.android.settings/.Settings u=0} from pid 448
W/WindowManager(  282): Failure taking screenshot for (315x184) to layer 21005
D/WifiService(  282): setWifiEnabled: true pid=988, uid=1000
I/ActivityManager(  282): START {act=android.intent.action.MAIN cmp=com.android.settings/.SubSettings (has extras) u=0} from pid 988
W/WindowManager(  282): Failure taking screenshot for (315x184) to layer 21010
D/ConnectivityService(  282): ConnectivityChange for WIFI: DISCONNECTED/DISCONNECTED
I/ActivityManager(  282): Start proc com.google.android.apps.uploader for broadcast com.google.android.apps.uploader/com.google.android.picasasync.ConnectivityReceiver: pid=1118 uid=10031 gids={3003, 1015, 1028}
I/ActivityManager(  282): Start proc com.ttxapps.wifiadb for broadcast com.ttxapps.wifiadb/.NetworkStateReceiver: pid=1130 uid=10063 gids={3003, 1028}
D/PhoneStatusBar(  355): addNotification score=0
I/ActivityManager(  282): No longer want com.google.android.onetimeinitializer (pid 804): hidden #16
W/SocketClient(   87): write error (Broken pipe)
D/ConnectivityService(  282): ConnectivityChange for WIFI: DISCONNECTED/DISCONNECTED
D/ConnectivityService(  282): ConnectivityChange for WIFI: CONNECTED/CONNECTED
D/ConnectivityService(  282): handleInetConditionHoldEnd: net=1, condition=100, published condition=0
D/ConnectivityService(  282): handleInetConditionHoldEnd: net=1, condition=100, published condition=100
W/WindowManager(  282): Failure taking screenshot for (315x184) to layer 21015
W/WindowManager(  282): Failure taking screenshot for (315x184) to layer 21010
W/InputMethodManagerService(  282): Starting input on non-focused client com.android.internal.view.IInputMethodClient$Stub$Proxy@a6e60910 (uid=1000 pid=988)
I/ActivityManager(  282): No longer want com.android.exchange (pid 682): hidden #16
I/ActivityManager(  282): START {act=android.intent.action.MAIN cat=[android.intent.category.LAUNCHER] flg=0x10200000 cmp=com.ttxapps.wifiadb/.MainActivity u=0} from pid 448
W/WindowManager(  282): Failure taking screenshot for (315x184) to layer 21005
D/PhoneStatusBar(  355): addNotification score=0
I/ActivityManager(  282): Start proc com.noshufou.android.su for broadcast com.noshufou.android.su/.SuResultReceiver: pid=1259 uid=10049 gids={3003, 1015, 1028}
W/ThrottleService(  282): unable to find stats for iface rmnet0
W/WindowManager(  282): Failure taking screenshot for (315x184) to layer 21010
W/InputMethodManagerService(  282): Starting input on non-focused client com.android.internal.view.IInputMethodClient$Stub$Proxy@a6f76828 (uid=10063 pid=1130)
I/ActivityManager(  282): START {act=android.intent.action.MAIN cat=[android.intent.category.LAUNCHER] flg=0x10200000 pkg=be.rosoco cmp=be.rosoco/.DeveloperShellActivity bnds=[762,48][850,136] u=0} from pid 448
W/WindowManager(  282): Failure taking screenshot for (315x184) to layer 21005
I/ActivityManager(  282): Start proc be.rosoco for activity be.rosoco/.DeveloperShellActivity: pid=1313 uid=10067 gids={3003, 1028}
W/WindowManager(  282): Failure taking screenshot for (315x184) to layer 21010
W/InputMethodManagerService(  282): Starting input on non-focused client com.android.internal.view.IInputMethodClient$Stub$Proxy@a6dbb980 (uid=10067 pid=1313)
I/ActivityManager(  282): No longer want com.android.voicedialer (pid 842): hidden #16
I/ActivityManager(  282): START {act=android.intent.action.MAIN cat=[android.intent.category.LAUNCHER] flg=0x10200000 cmp=com.tencent.mm/.ui.LauncherUI u=0} from pid 448
W/WindowManager(  282): Failure taking screenshot for (315x184) to layer 21005
I/ActivityManager(  282): START {flg=0x4000000 cmp=com.tencent.mm/.ui.MainTabUI u=0} from pid 950
I/ActivityManager(  282): Config changed: {1.0 0mcc0mnc en_US sw600dp w600dp h999dp lrg long port -touch qwerty/v/v -nav/h s.5}
I/ActivityManager(  282): START {cmp=com.tencent.mm/.plugin.nearby.ui.NearbyFriendsUI u=0} from pid 950
W/WindowManager(  282): Failure taking screenshot for (341x200) to layer 21015
--------- beginning of /dev/log/main
E/AuxilaryLog[<1361209008>](  950): (Friends)
E/AuxilaryLog[<1361209008>](  950): 罗刚
E/AuxilaryLog[<1361209008>](  950): Within 4km
E/AuxilaryLog[<1361209008>](  950): {signature}
E/AuxilaryLog[<1361209008>](  950): {signature}
E/AuxilaryLog[<1361209008>](  950): 只在乎那些在乎我的人！
E/AuxilaryLog[<1361209008>](  950): {title}
E/AuxilaryLog[<1361209008>](  950): {signature}
E/AuxilaryLog[<1361209008>](  950): (Friends)
E/AuxilaryLog[<1361209008>](  950): 抱紧了我让我心痛
E/AuxilaryLog[<1361209008>](  950): Within 4km
E/AuxilaryLog[<1361209008>](  950): {signature}
E/AuxilaryLog[<1361209008>](  950): {signature}
E/AuxilaryLog[<1361209008>](  950): 离开了这个地方'还真的有点怀念'有点舍不得
E/AuxilaryLog[<1361209008>](  950): {title}
E/AuxilaryLog[<1361209008>](  950): {signature}
E/AuxilaryLog[<1361209008>](  950): (Friends)
E/AuxilaryLog[<1361209008>](  950): 胜
E/AuxilaryLog[<1361209008>](  950): Within 5km
E/AuxilaryLog[<1361209008>](  950): {signature}
E/AuxilaryLog[<1361209008>](  950): {signature}
E/AuxilaryLog[<1361209008>](  950): 奋斗！！！！
D/dalvikvm(  950): GC_CONCURRENT freed 511K, 7% free 8221K/8839K, paused 0ms+4ms, total 7ms
D/dalvikvm(  950): GC_FOR_ALLOC freed 861K, 13% free 8448K/9607K, paused 19ms, total 33ms
W/audio_hw_primary(   93): out_write() limiting sleep time 116507 to 39909
W/audio_hw_primary(   93): out_write() limiting sleep time 78435 to 39909
W/audio_hw_primary(   93): out_write() limiting sleep time 51950 to 39909
E/AuxilaryLog[<1361209012>](  950): {title}
E/AuxilaryLog[<1361209012>](  950): {signature}
E/AuxilaryLog[<1361209012>](  950): (Friends)
E/AuxilaryLog[<1361209012>](  950): 杨燕
E/AuxilaryLog[<1361209012>](  950): Within 5km
E/AuxilaryLog[<1361209012>](  950): {signature}
E/AuxilaryLog[<1361209012>](  950): {signature}
E/AuxilaryLog[<1361209012>](  950): 随着时间的流失，梦想变成现实，下步又要走向哪里.
E/AuxilaryLog[<1361209012>](  950): {title}
E/AuxilaryLog[<1361209012>](  950): {signature}
E/AuxilaryLog[<1361209012>](  950): (Friends)
E/AuxilaryLog[<1361209012>](  950): ●才叔℡
E/AuxilaryLog[<1361209012>](  950): Within 5km
E/AuxilaryLog[<1361209012>](  950): {signature}
E/AuxilaryLog[<1361209012>](  950): {signature}
E/AuxilaryLog[<1361209012>](  950): 孤独的沉思者…
E/AuxilaryLog[<1361209012>](  950): RYS
E/AuxilaryLog[<1361209012>](  950): RYS
E/AuxilaryLog[<1361209012>](  950): 潘锡良
E/AuxilaryLog[<1361209012>](  950): Within 5km
E/AuxilaryLog[<1361209012>](  950): 年年岁岁春相似，岁岁年年人不同
E/AuxilaryLog[<1361209012>](  950): 年年岁岁春相似，岁岁年年人不同
E/AuxilaryLog[<1361209012>](  950): 嘻嘻
E/AuxilaryLog[<1361209012>](  950): 罗娟
E/AuxilaryLog[<1361209012>](  950): 罗娟
E/AuxilaryLog[<1361209012>](  950): ！！！！
E/AuxilaryLog[<1361209012>](  950): Within 5km
E/AuxilaryLog[<1361209012>](  950): {signature}
E/AuxilaryLog[<1361209012>](  950): {signature}
E/AuxilaryLog[<1361209012>](  950): 杨俊
E/AuxilaryLog[<1361209012>](  950): 周敏杰
E/AuxilaryLog[<1361209012>](  950): 周敏杰
E/AuxilaryLog[<1361209012>](  950): "背影ゝ诠释誰的沉沦ヽ
E/AuxilaryLog[<1361209012>](  950): Within 5km
E/AuxilaryLog[<1361209012>](  950): 呵呵
E/AuxilaryLog[<1361209012>](  950): 呵呵
E/AuxilaryLog[<1361209012>](  950): 　　命运的意思是，处境选择你而不是其它
E/AuxilaryLog[<1361209012>](  950): 周晓苏
E/AuxilaryLog[<1361209012>](  950): 周晓苏
E/AuxilaryLog[<1361209012>](  950): 晨徒路人甲
E/AuxilaryLog[<1361209012>](  950): Within 5km
E/AuxilaryLog[<1361209012>](  950): 希望我的她能早点出现。
E/AuxilaryLog[<1361209012>](  950): 希望我的她能早点出现。
E/AuxilaryLog[<1361209012>](  950): 大爷的哥终于适应过来了
E/AuxilaryLog[<1361209012>](  950): 等待，爱情。来敲门
E/AuxilaryLog[<1361209012>](  950): 等待，爱情。来敲门
E/AuxilaryLog[<1361209012>](  950): 迟了
E/AuxilaryLog[<1361209012>](  950): Within 5km
E/AuxilaryLog[<1361209012>](  950): 喜欢安静 静静地享受安静
E/AuxilaryLog[<1361209012>](  950): 喜欢安静 静静地享受安静
E/AuxilaryLog[<1361209012>](  950): 迟了……一切都迟了……
E/AuxilaryLog[<1361209012>](  950): 艾
E/AuxilaryLog[<1361209012>](  950): 艾
E/AuxilaryLog[<1361209012>](  950): 无与伦比
E/AuxilaryLog[<1361209012>](  950): Within 5km
E/AuxilaryLog[<1361209012>](  950): 因爱生恨
E/AuxilaryLog[<1361209012>](  950): 因爱生恨
E/AuxilaryLog[<1361209012>](  950): 努力不一定成功，但是放弃一定失败
E/AuxilaryLog[<1361209013>](  950): 小久
E/AuxilaryLog[<1361209013>](  950): 小久
E/AuxilaryLog[<1361209013>](  950): 孤单
E/AuxilaryLog[<1361209013>](  950): Within 5km
E/AuxilaryLog[<1361209013>](  950): 墨斗鱼
E/AuxilaryLog[<1361209013>](  950): 墨斗鱼
E/AuxilaryLog[<1361209013>](  950): 低调
E/AuxilaryLog[<1361209013>](  950): Within 5km
E/AuxilaryLog[<1361209013>](  950): Anmy
E/AuxilaryLog[<1361209013>](  950): Anmy
E/AuxilaryLog[<1361209013>](  950): 张亚辉
E/AuxilaryLog[<1361209013>](  950): Within 5km
E/AuxilaryLog[<1361209013>](  950): 这几天有开车去上海的吗？把我带上啊！
E/AuxilaryLog[<1361209013>](  950): 这几天有开车去上海的吗？把我带上啊！
E/AuxilaryLog[<1361209013>](  950): 你潇洒的走了！可我还是舍不得，放不开……
E/AuxilaryLog[<1361209013>](  950): 吴作富.
E/AuxilaryLog[<1361209013>](  950): 吴作富.
E/AuxilaryLog[<1361209013>](  950): 李新焕
E/AuxilaryLog[<1361209013>](  950): Within 5km
E/AuxilaryLog[<1361209013>](  950): 胡磊
E/AuxilaryLog[<1361209013>](  950): 胡磊
E/AuxilaryLog[<1361209013>](  950): 李昭
E/AuxilaryLog[<1361209013>](  950): Within 5km
E/AuxilaryLog[<1361209013>](  950): 在茫茫人海寻一知己，得之我幸，不得我命…
E/AuxilaryLog[<1361209013>](  950): 在茫茫人海寻一知己，得之我幸，不得我命…
E/AuxilaryLog[<1361209013>](  950): ¿
E/AuxilaryLog[<1361209013>](  950): 剑客
E/AuxilaryLog[<1361209013>](  950): 剑客
E/AuxilaryLog[<1361209013>](  950): 李恒
E/AuxilaryLog[<1361209013>](  950): Within 5km
E/AuxilaryLog[<1361209013>](  950): ╄→  靑 ěг℡
E/AuxilaryLog[<1361209013>](  950): ╄→  靑 ěг℡
E/AuxilaryLog[<1361209013>](  950): 寂寞小男人
E/AuxilaryLog[<1361209013>](  950): Within 5km
E/AuxilaryLog[<1361209013>](  950): 罗刚
E/AuxilaryLog[<1361209013>](  950): 罗刚
E/AuxilaryLog[<1361209013>](  950): ——Helios
E/AuxilaryLog[<1361209013>](  950): Within 6km
E/AuxilaryLog[<1361209013>](  950): 只在乎那些在乎我的人！
E/AuxilaryLog[<1361209013>](  950): 只在乎那些在乎我的人！
E/AuxilaryLog[<1361209013>](  950): 人活在世界上不需理会别人的看法……做好自己该做的事就行了！
E/AuxilaryLog[<1361209013>](  950): 抱紧了我让我心痛
E/AuxilaryLog[<1361209013>](  950): 抱紧了我让我心痛
E/AuxilaryLog[<1361209013>](  950): 莫问
E/AuxilaryLog[<1361209013>](  950): Within 6km
E/AuxilaryLog[<1361209013>](  950): 胜
E/AuxilaryLog[<1361209013>](  950): 胜
E/AuxilaryLog[<1361209013>](  950): Dingli
E/AuxilaryLog[<1361209013>](  950): Within 6km
E/AuxilaryLog[<1361209013>](  950): 奋斗！！！！
E/AuxilaryLog[<1361209013>](  950): 奋斗！！！！
E/AuxilaryLog[<1361209013>](  950): Do not let up one's attack of the failing enemy
E/AuxilaryLog[<1361209013>](  950): 杨燕
E/AuxilaryLog[<1361209013>](  950): 杨燕
E/AuxilaryLog[<1361209013>](  950): 90后
E/AuxilaryLog[<1361209013>](  950): Within 6km
E/AuxilaryLog[<1361209013>](  950): 随着时间的流失，梦想变成现实，下步又要走向哪里.
E/AuxilaryLog[<1361209013>](  950): 随着时间的流失，梦想变成现实，下步又要走向哪里.
E/AuxilaryLog[<1361209013>](  950): 感觉这样真的好累，我是不是该换个环境了
E/AuxilaryLog[<1361209013>](  950): ●才叔℡
E/AuxilaryLog[<1361209013>](  950): ●才叔℡
E/AuxilaryLog[<1361209013>](  950): 心碎男孩
E/AuxilaryLog[<1361209013>](  950): Within 6km
E/AuxilaryLog[<1361209013>](  950): 孤独的沉思者…
E/AuxilaryLog[<1361209013>](  950): 孤独的沉思者…
E/AuxilaryLog[<1361209013>](  950): 爱情就像捡贝壳一样，不要捡最美的最好的，要捡自己最喜欢的，
E/AuxilaryLog[<1361209014>](  950): 潘锡良
E/AuxilaryLog[<1361209014>](  950): 潘锡良
E/AuxilaryLog[<1361209014>](  950): 马刚
E/AuxilaryLog[<1361209014>](  950): Within 6km
E/AuxilaryLog[<1361209014>](  950): ！！！！
E/AuxilaryLog[<1361209014>](  950): ！！！！
E/AuxilaryLog[<1361209014>](  950): 毛毛
E/AuxilaryLog[<1361209014>](  950): Within 6km
E/AuxilaryLog[<1361209014>](  950): 杨俊
E/AuxilaryLog[<1361209014>](  950): 杨俊
E/AuxilaryLog[<1361209014>](  950): 大家好才是真的好
E/AuxilaryLog[<1361209014>](  950): "背影ゝ诠释誰的沉沦ヽ
E/AuxilaryLog[<1361209014>](  950): "背影ゝ诠释誰的沉沦ヽ
E/AuxilaryLog[<1361209014>](  950): 忘流年
E/AuxilaryLog[<1361209014>](  950): Within 6km
E/AuxilaryLog[<1361209014>](  950): 　　命运的意思是，处境选择你而不是其它
E/AuxilaryLog[<1361209014>](  950): 　　命运的意思是，处境选择你而不是其它
E/AuxilaryLog[<1361209014>](  950): 爱无非就是给你伤害我的理由…
E/AuxilaryLog[<1361209014>](  950): 晨徒路人甲
E/AuxilaryLog[<1361209014>](  950): 晨徒路人甲
E/AuxilaryLog[<1361209014>](  950): 小七
E/AuxilaryLog[<1361209014>](  950): Within 6km
E/AuxilaryLog[<1361209014>](  950): 大爷的哥终于适应过来了
E/AuxilaryLog[<1361209014>](  950): 大爷的哥终于适应过来了
E/AuxilaryLog[<1361209014>](  950): 享受生活
E/AuxilaryLog[<1361209014>](  950): 迟了
E/AuxilaryLog[<1361209014>](  950): 迟了
E/AuxilaryLog[<1361209014>](  950): lunatic/。
E/AuxilaryLog[<1361209014>](  950): Within 6km
E/AuxilaryLog[<1361209014>](  950): 迟了……一切都迟了……
E/AuxilaryLog[<1361209014>](  950): 迟了……一切都迟了……
E/AuxilaryLog[<1361209014>](  950): 快到碗里来~
E/AuxilaryLog[<1361209014>](  950): 无与伦比
E/AuxilaryLog[<1361209014>](  950): 无与伦比
E/AuxilaryLog[<1361209014>](  950): 奋斗
E/AuxilaryLog[<1361209014>](  950): Within 6km
E/AuxilaryLog[<1361209014>](  950): 孤单
E/AuxilaryLog[<1361209014>](  950): 孤单
E/AuxilaryLog[<1361209014>](  950): 罗静
E/AuxilaryLog[<1361209014>](  950): Within 6km
E/AuxilaryLog[<1361209014>](  950): {signature}
E/AuxilaryLog[<1361209014>](  950): {signature}
E/AuxilaryLog[<1361209014>](  950): 人生有太多的无奈，就让一切顺其自然。新的一年，加油！
E/AuxilaryLog[<1361209014>](  950): 低调
E/AuxilaryLog[<1361209014>](  950): 低调
E/AuxilaryLog[<1361209014>](  950): "JoJo
E/AuxilaryLog[<1361209014>](  950): Within 6km
E/AuxilaryLog[<1361209014>](  950): 思想就像内裤，要有，但不能逢人就证明你有。
E/AuxilaryLog[<1361209014>](  950): 思想就像内裤，要有，但不能逢人就证明你有。
E/AuxilaryLog[<1361209014>](  950): 无锡不去了。
D/dalvikvm(  950): GC_CONCURRENT freed 1235K, 14% free 8589K/9927K, paused 13ms+0ms, total 46ms
D/dalvikvm(  950): GC_FOR_ALLOC freed 532K, 15% free 8676K/10119K, paused 64ms, total 64ms
D/dalvikvm(  950): GC_FOR_ALLOC freed 359K, 14% free 8888K/10247K, paused 55ms, total 56ms
D/dalvikvm(  950): GC_FOR_ALLOC freed 356K, 14% free 9135K/10503K, paused 64ms, total 64ms
E/AuxilaryLog[<1361209016>](  950): 张亚辉
E/AuxilaryLog[<1361209016>](  950): 张亚辉
E/AuxilaryLog[<1361209016>](  950): ANE
E/AuxilaryLog[<1361209016>](  950): Within 6km
E/AuxilaryLog[<1361209017>](  950): 李新焕
E/AuxilaryLog[<1361209017>](  950): 李新焕
E/AuxilaryLog[<1361209017>](  950): 系统
E/AuxilaryLog[<1361209017>](  950): Within 7km
E/AuxilaryLog[<1361209017>](  950): {signature}
E/AuxilaryLog[<1361209017>](  950): {signature}
E/AuxilaryLog[<1361209017>](  950): 只有你懂我
E/AuxilaryLog[<1361209017>](  950): 李昭
E/AuxilaryLog[<1361209017>](  950): 李昭
E/AuxilaryLog[<1361209017>](  950): 七夜
E/AuxilaryLog[<1361209017>](  950): Within 7km
E/AuxilaryLog[<1361209017>](  950): ¿
E/AuxilaryLog[<1361209017>](  950): ¿
E/AuxilaryLog[<1361209017>](  950): 夜深了该睡了
E/AuxilaryLog[<1361209017>](  950): 李恒
E/AuxilaryLog[<1361209017>](  950): 李恒
E/AuxilaryLog[<1361209017>](  950): miss　you
E/AuxilaryLog[<1361209017>](  950): Within 7km
E/AuxilaryLog[<1361209017>](  950): 幸福是一种心态,领悟了,放下了,就幸福,,,,
E/AuxilaryLog[<1361209017>](  950): 幸福是一种心态,领悟了,放下了,就幸福,,,,
E/AuxilaryLog[<1361209017>](  950): Your name ,my heart……
E/AuxilaryLog[<1361209017>](  950): 寂寞小男人
E/AuxilaryLog[<1361209017>](  950): 寂寞小男人
E/AuxilaryLog[<1361209017>](  950): 天壤
E/AuxilaryLog[<1361209017>](  950): Within 7km
E/AuxilaryLog[<1361209017>](  950): ——Helios
E/AuxilaryLog[<1361209017>](  950): ——Helios
E/AuxilaryLog[<1361209017>](  950): 北斗
E/AuxilaryLog[<1361209017>](  950): Within 7km
E/AuxilaryLog[<1361209017>](  950): 莫问
E/AuxilaryLog[<1361209017>](  950): 莫问
E/AuxilaryLog[<1361209017>](  950): 一切随缘
E/AuxilaryLog[<1361209017>](  950): Within 7km
E/AuxilaryLog[<1361209017>](  950): 离开了这个地方'还真的有点怀念'有点舍不得
E/AuxilaryLog[<1361209017>](  950): 离开了这个地方'还真的有点怀念'有点舍不得
E/AuxilaryLog[<1361209017>](  950): 感情是睡出来的，爱情是骗来的
E/AuxilaryLog[<1361209017>](  950): Dingli
E/AuxilaryLog[<1361209017>](  950): Dingli
E/AuxilaryLog[<1361209017>](  950): 高
E/AuxilaryLog[<1361209017>](  950): Within 7km
E/AuxilaryLog[<1361209017>](  950): Do not let up one's attack of the failing enemy
E/AuxilaryLog[<1361209017>](  950): Do not let up one's attack of the failing enemy
E/AuxilaryLog[<1361209017>](  950): 妈才是最亲最爱你的人
E/AuxilaryLog[<1361209017>](  950): 90后
E/AuxilaryLog[<1361209017>](  950): 90后
E/AuxilaryLog[<1361209017>](  950): 漆雕長銘
E/AuxilaryLog[<1361209017>](  950): Within 7km
E/AuxilaryLog[<1361209017>](  950): 感觉这样真的好累，我是不是该换个环境了
E/AuxilaryLog[<1361209017>](  950): 感觉这样真的好累，我是不是该换个环境了
E/AuxilaryLog[<1361209017>](  950): 寜靜致遠
E/AuxilaryLog[<1361209017>](  950): 心碎男孩
E/AuxilaryLog[<1361209017>](  950): 心碎男孩
E/AuxilaryLog[<1361209017>](  950): 豆豆
E/AuxilaryLog[<1361209017>](  950): Within 7km
E/AuxilaryLog[<1361209017>](  950): 爱情就像捡贝壳一样，不要捡最美的最好的，要捡自己最喜欢的，
E/AuxilaryLog[<1361209017>](  950): 爱情就像捡贝壳一样，不要捡最美的最好的，要捡自己最喜欢的，
E/AuxilaryLog[<1361209017>](  950): 老鼠老虎'傻傻分不清楚'小傻妞。。。
E/AuxilaryLog[<1361209017>](  950): 马刚
E/AuxilaryLog[<1361209017>](  950): 马刚
E/AuxilaryLog[<1361209017>](  950): 成熟r
E/AuxilaryLog[<1361209017>](  950): Within 7km
E/AuxilaryLog[<1361209017>](  950): 毛毛
E/AuxilaryLog[<1361209017>](  950): 毛毛
E/AuxilaryLog[<1361209017>](  950): 姜晓润
E/AuxilaryLog[<1361209017>](  950): Within 7km
E/AuxilaryLog[<1361209017>](  950): 大家好才是真的好
E/AuxilaryLog[<1361209017>](  950): 大家好才是真的好
E/AuxilaryLog[<1361209017>](  950): 爱那么短，遗忘那么长
E/AuxilaryLog[<1361209018>](  950): 忘流年
E/AuxilaryLog[<1361209018>](  950): 忘流年
E/AuxilaryLog[<1361209018>](  950): 神奇三彪
E/AuxilaryLog[<1361209018>](  950): Within 7km
E/AuxilaryLog[<1361209018>](  950): 小七
E/AuxilaryLog[<1361209018>](  950): 小七
E/AuxilaryLog[<1361209018>](  950): 方新
E/AuxilaryLog[<1361209018>](  950): Within 7km
E/AuxilaryLog[<1361209018>](  950): 享受生活
E/AuxilaryLog[<1361209018>](  950): 享受生活
E/AuxilaryLog[<1361209018>](  950): 我就是我
E/AuxilaryLog[<1361209018>](  950): lunatic/。
E/AuxilaryLog[<1361209018>](  950): lunatic/。
E/AuxilaryLog[<1361209018>](  950): 相見恨晚
E/AuxilaryLog[<1361209018>](  950): Within 7km
E/AuxilaryLog[<1361209018>](  950): 快到碗里来~
E/AuxilaryLog[<1361209018>](  950): 快到碗里来~
E/AuxilaryLog[<1361209018>](  950): 人生最精彩的不是实现梦想的瞬间，而是坚持梦想的过程。
E/AuxilaryLog[<1361209018>](  950): 奋斗
E/AuxilaryLog[<1361209018>](  950): 奋斗
E/AuxilaryLog[<1361209018>](  950): 仙草
E/AuxilaryLog[<1361209018>](  950): Within 7km
E/AuxilaryLog[<1361209018>](  950): 努力不一定成功，但是放弃一定失败
E/AuxilaryLog[<1361209018>](  950): 努力不一定成功，但是放弃一定失败
E/AuxilaryLog[<1361209018>](  950): 有缘一切皆有可能
E/AuxilaryLog[<1361209020>](  355): 12:37
E/AuxilaryLog[<1361209020>](  355): 12:37
E/AuxilaryLog[<1361209020>](  355): Monday
E/AuxilaryLog[<1361209020>](  355): February 18, 2013
D/dalvikvm(  950): GC_CONCURRENT freed 1207K, 13% free 9499K/10823K, paused 11ms+0ms, total 16ms
D/dalvikvm(  950): GC_FOR_ALLOC freed 754K, 15% free 9738K/11335K, paused 3ms, total 3ms
D/dalvikvm(  950): GC_FOR_ALLOC freed 972K, 14% free 10085K/11655K, paused 5ms, total 5ms
E/AuxilaryLog[<1361209063>](  950): 罗静
E/AuxilaryLog[<1361209063>](  950): 罗静
E/AuxilaryLog[<1361209063>](  950): 孙浩
E/AuxilaryLog[<1361209063>](  950): Within 8km
E/AuxilaryLog[<1361209063>](  950): 人生有太多的无奈，就让一切顺其自然。新的一年，加油！
E/AuxilaryLog[<1361209063>](  950): 人生有太多的无奈，就让一切顺其自然。新的一年，加油！
E/AuxilaryLog[<1361209063>](  950): 萝卜青菜各有所爱！
W/audio_hw_primary(   93): out_write() limiting sleep time 116507 to 39909
W/audio_hw_primary(   93): out_write() limiting sleep time 113242 to 39909
W/audio_hw_primary(   93): out_write() limiting sleep time 98344 to 39909
E/AuxilaryLog[<1361209064>](  950): "JoJo
E/AuxilaryLog[<1361209064>](  950): "JoJo
E/AuxilaryLog[<1361209064>](  950): 别多想，，，
W/audio_hw_primary(   93): out_write() limiting sleep time 83469 to 39909
E/AuxilaryLog[<1361209064>](  950): Within 8km
E/AuxilaryLog[<1361209064>](  950): 无锡不去了。
E/AuxilaryLog[<1361209064>](  950): 无锡不去了。
E/AuxilaryLog[<1361209064>](  950): 为什么总是瞎想呀！太累了……
W/audio_hw_primary(   93): out_write() limiting sleep time 56984 to 39909
W/audio_hw_primary(   93): out_write() limiting sleep time 49455 to 39909
E/AuxilaryLog[<1361209064>](  950): ANE
E/AuxilaryLog[<1361209064>](  950): ANE
E/AuxilaryLog[<1361209064>](  950): 方謙偉
E/AuxilaryLog[<1361209064>](  950): Within 8km
E/AuxilaryLog[<1361209064>](  950): 你潇洒的走了！可我还是舍不得，放不开……
E/AuxilaryLog[<1361209064>](  950): 你潇洒的走了！可我还是舍不得，放不开……
E/AuxilaryLog[<1361209064>](  950): 你是我無法觸碰的彼岸花…
E/AuxilaryLog[<1361209064>](  950): 系统
E/AuxilaryLog[<1361209064>](  950): 系统
E/AuxilaryLog[<1361209064>](  950): 随风逐流漂向远方
E/AuxilaryLog[<1361209064>](  950): Within 8km
E/AuxilaryLog[<1361209064>](  950): 只有你懂我
E/AuxilaryLog[<1361209064>](  950): 只有你懂我
E/AuxilaryLog[<1361209064>](  950): 下一个永远比上一个好，亲们你认为呢？
E/AuxilaryLog[<1361209064>](  950): 七夜
E/AuxilaryLog[<1361209064>](  950): 七夜
E/AuxilaryLog[<1361209064>](  950): 丁荣
E/AuxilaryLog[<1361209064>](  950): Within 8km
E/AuxilaryLog[<1361209064>](  950): 夜深了该睡了
E/AuxilaryLog[<1361209064>](  950): 夜深了该睡了
E/AuxilaryLog[<1361209064>](  950): 过好现在
E/AuxilaryLog[<1361209064>](  950): miss　you
E/AuxilaryLog[<1361209064>](  950): miss　you
E/AuxilaryLog[<1361209064>](  950): 火星文
E/AuxilaryLog[<1361209064>](  950): Within 8km
E/AuxilaryLog[<1361209064>](  950): Your name ,my heart……
E/AuxilaryLog[<1361209064>](  950): Your name ,my heart……
E/AuxilaryLog[<1361209064>](  950): 有谁才是我知音
E/AuxilaryLog[<1361209064>](  950): 天壤
E/AuxilaryLog[<1361209064>](  950): 天壤
E/AuxilaryLog[<1361209064>](  950): 蜜糖吥甜
E/AuxilaryLog[<1361209064>](  950): Within 8km
E/AuxilaryLog[<1361209064>](  950): {signature}
E/AuxilaryLog[<1361209064>](  950): {signature}
E/AuxilaryLog[<1361209064>](  950): 甜言蜜語`說鉿左耳聽…
D/dalvikvm(  950): GC_FOR_ALLOC freed 1069K, 14% free 10431K/12103K, paused 40ms, total 40ms
E/AuxilaryLog[<1361209066>](  950): 北斗
E/AuxilaryLog[<1361209066>](  950): 北斗
E/AuxilaryLog[<1361209066>](  950): 北斗
E/AuxilaryLog[<1361209066>](  950): Within 7km
E/AuxilaryLog[<1361209066>](  950): 蜜糖吥甜
E/AuxilaryLog[<1361209066>](  950): 蜜糖吥甜
E/AuxilaryLog[<1361209066>](  950): 天壤
E/AuxilaryLog[<1361209066>](  950): Within 7km
E/AuxilaryLog[<1361209066>](  950): 火星文
E/AuxilaryLog[<1361209066>](  950): 火星文
E/AuxilaryLog[<1361209066>](  950): miss　you
E/AuxilaryLog[<1361209066>](  950): Within 7km
E/AuxilaryLog[<1361209066>](  950): 有谁才是我知音
E/AuxilaryLog[<1361209066>](  950): 有谁才是我知音
E/AuxilaryLog[<1361209066>](  950): Your name ,my heart……
E/AuxilaryLog[<1361209066>](  950): 丁荣
E/AuxilaryLog[<1361209066>](  950): 丁荣
E/AuxilaryLog[<1361209066>](  950): 七夜
E/AuxilaryLog[<1361209066>](  950): Within 7km
E/AuxilaryLog[<1361209066>](  950): 过好现在
E/AuxilaryLog[<1361209066>](  950): 过好现在
E/AuxilaryLog[<1361209066>](  950): 夜深了该睡了
E/AuxilaryLog[<1361209066>](  950): 随风逐流漂向远方
E/AuxilaryLog[<1361209066>](  950): 随风逐流漂向远方
E/AuxilaryLog[<1361209066>](  950): 系统
E/AuxilaryLog[<1361209066>](  950): Within 7km
E/AuxilaryLog[<1361209066>](  950): 下一个永远比上一个好，亲们你认为呢？
E/AuxilaryLog[<1361209066>](  950): 下一个永远比上一个好，亲们你认为呢？
E/AuxilaryLog[<1361209066>](  950): 只有你懂我
E/AuxilaryLog[<1361209066>](  950): 方謙偉
E/AuxilaryLog[<1361209066>](  950): 方謙偉
E/AuxilaryLog[<1361209066>](  950): ANE
E/AuxilaryLog[<1361209066>](  950): Within 6km
E/AuxilaryLog[<1361209066>](  950): 别多想，，，
E/AuxilaryLog[<1361209066>](  950): 别多想，，，
E/AuxilaryLog[<1361209066>](  950): "JoJo
E/AuxilaryLog[<1361209066>](  950): Within 6km
E/AuxilaryLog[<1361209066>](  950): 为什么总是瞎想呀！太累了……
E/AuxilaryLog[<1361209066>](  950): 为什么总是瞎想呀！太累了……
E/AuxilaryLog[<1361209066>](  950): 无锡不去了。
E/AuxilaryLog[<1361209066>](  950): 孙浩
E/AuxilaryLog[<1361209066>](  950): 孙浩
E/AuxilaryLog[<1361209066>](  950): 罗静
E/AuxilaryLog[<1361209066>](  950): Within 6km
E/AuxilaryLog[<1361209066>](  950): 萝卜青菜各有所爱！
E/AuxilaryLog[<1361209066>](  950): 萝卜青菜各有所爱！
E/AuxilaryLog[<1361209066>](  950): 人生有太多的无奈，就让一切顺其自然。新的一年，加油！
E/AuxilaryLog[<1361209067>](  950): 仙草
E/AuxilaryLog[<1361209067>](  950): 仙草
E/AuxilaryLog[<1361209067>](  950): 奋斗
E/AuxilaryLog[<1361209067>](  950): Within 6km
E/AuxilaryLog[<1361209067>](  950): 相見恨晚
E/AuxilaryLog[<1361209067>](  950): 相見恨晚
E/AuxilaryLog[<1361209067>](  950): lunatic/。
E/AuxilaryLog[<1361209067>](  950): Within 6km
E/AuxilaryLog[<1361209067>](  950): 人生最精彩的不是实现梦想的瞬间，而是坚持梦想的过程。
E/AuxilaryLog[<1361209067>](  950): 人生最精彩的不是实现梦想的瞬间，而是坚持梦想的过程。
E/AuxilaryLog[<1361209067>](  950): 快到碗里来~
E/AuxilaryLog[<1361209067>](  950): 方新
E/AuxilaryLog[<1361209067>](  950): 方新
E/AuxilaryLog[<1361209067>](  950): 小七
E/AuxilaryLog[<1361209067>](  950): Within 6km
E/AuxilaryLog[<1361209067>](  950): 我就是我
E/AuxilaryLog[<1361209067>](  950): 我就是我
E/AuxilaryLog[<1361209067>](  950): 享受生活
E/AuxilaryLog[<1361209067>](  950): 神奇三彪
E/AuxilaryLog[<1361209067>](  950): 神奇三彪
E/AuxilaryLog[<1361209067>](  950): 忘流年
E/AuxilaryLog[<1361209067>](  950): Within 6km
E/AuxilaryLog[<1361209067>](  950): 爱无非就是给你伤害我的理由…
E/AuxilaryLog[<1361209067>](  950): 爱无非就是给你伤害我的理由…
E/AuxilaryLog[<1361209067>](  950): 爱无非就是给你伤害我的理由…
E/AuxilaryLog[<1361209067>](  950): 姜晓润
E/AuxilaryLog[<1361209067>](  950): 姜晓润
E/AuxilaryLog[<1361209067>](  950): 毛毛
E/AuxilaryLog[<1361209067>](  950): Within 6km
E/AuxilaryLog[<1361209067>](  950): 爱那么短，遗忘那么长
E/AuxilaryLog[<1361209067>](  950): 爱那么短，遗忘那么长
E/AuxilaryLog[<1361209067>](  950): 大家好才是真的好
E/AuxilaryLog[<1361209067>](  950): 成熟r
E/AuxilaryLog[<1361209067>](  950): 成熟r
E/AuxilaryLog[<1361209067>](  950): 马刚
E/AuxilaryLog[<1361209067>](  950): Within 6km
E/AuxilaryLog[<1361209067>](  950): 豆豆
E/AuxilaryLog[<1361209067>](  950): 豆豆
E/AuxilaryLog[<1361209067>](  950): 心碎男孩
E/AuxilaryLog[<1361209067>](  950): Within 6km
E/AuxilaryLog[<1361209067>](  950): 老鼠老虎'傻傻分不清楚'小傻妞。。。
E/AuxilaryLog[<1361209067>](  950): 老鼠老虎'傻傻分不清楚'小傻妞。。。
E/AuxilaryLog[<1361209067>](  950): 爱情就像捡贝壳一样，不要捡最美的最好的，要捡自己最喜欢的，
E/AuxilaryLog[<1361209067>](  950): 漆雕長銘
E/AuxilaryLog[<1361209067>](  950): 漆雕長銘
E/AuxilaryLog[<1361209067>](  950): 90后
E/AuxilaryLog[<1361209067>](  950): Within 6km
E/AuxilaryLog[<1361209067>](  950): 寜靜致遠
E/AuxilaryLog[<1361209067>](  950): 寜靜致遠
E/AuxilaryLog[<1361209067>](  950): 感觉这样真的好累，我是不是该换个环境了
E/AuxilaryLog[<1361209067>](  950): 高
E/AuxilaryLog[<1361209067>](  950): 高
E/AuxilaryLog[<1361209067>](  950): Dingli
E/AuxilaryLog[<1361209067>](  950): Within 6km
E/AuxilaryLog[<1361209067>](  950): 妈才是最亲最爱你的人
E/AuxilaryLog[<1361209067>](  950): 妈才是最亲最爱你的人
E/AuxilaryLog[<1361209067>](  950): Do not let up one's attack of the failing enemy
E/AuxilaryLog[<1361209067>](  950): 一切随缘
E/AuxilaryLog[<1361209067>](  950): 一切随缘
E/AuxilaryLog[<1361209067>](  950): 莫问
E/AuxilaryLog[<1361209067>](  950): Within 6km
E/AuxilaryLog[<1361209067>](  950): 北斗
E/AuxilaryLog[<1361209067>](  950): 北斗
E/AuxilaryLog[<1361209067>](  950): ——Helios
E/AuxilaryLog[<1361209067>](  950): Within 6km
E/AuxilaryLog[<1361209067>](  950): 人活在世界上不需理会别人的看法……做好自己该做的事就行了！
E/AuxilaryLog[<1361209067>](  950): 人活在世界上不需理会别人的看法……做好自己该做的事就行了！
E/AuxilaryLog[<1361209067>](  950): 人活在世界上不需理会别人的看法……做好自己该做的事就行了！
E/AuxilaryLog[<1361209067>](  950): 天壤
E/AuxilaryLog[<1361209067>](  950): 天壤
E/AuxilaryLog[<1361209067>](  950): 寂寞小男人
E/AuxilaryLog[<1361209067>](  950): Within 5km
E/AuxilaryLog[<1361209068>](  950): miss　you
E/AuxilaryLog[<1361209068>](  950): miss　you
E/AuxilaryLog[<1361209068>](  950): 李恒
E/AuxilaryLog[<1361209068>](  950): Within 5km
