V/dalvikvm( 1611): Found 'Java_com_immomo_momo_util_jni_Codec_mm' with dlsym
V/dalvikvm( 1611): +++ not scanning 'libnativehelper.so' for 'em' (wrong CL)
V/dalvikvm( 1611): +++ not scanning '/system/lib/librs_jni.so' for 'em' (wrong CL)
V/dalvikvm( 1611): +++ scanning '/data/data/com.immomo.momo/lib/libmomonative.so' for 'em'
V/dalvikvm( 1611): +++ calling dlsym(Java_com_immomo_momo_util_jni_Codec_em)
V/dalvikvm( 1611): Found 'Java_com_immomo_momo_util_jni_Codec_em' with dlsym
V/dalvikvm( 1611): +++ not scanning 'libnativehelper.so' for 'sss' (wrong CL)
V/dalvikvm( 1611): +++ not scanning '/system/lib/librs_jni.so' for 'sss' (wrong CL)
V/dalvikvm( 1611): +++ scanning '/data/data/com.immomo.momo/lib/libmomonative.so' for 'sss'
V/dalvikvm( 1611): +++ calling dlsym(Java_com_immomo_momo_util_jni_Codec_sss)
V/dalvikvm( 1611): Found 'Java_com_immomo_momo_util_jni_Codec_sss' with dlsym
V/dalvikvm( 1611): +++ not scanning 'libnativehelper.so' for 'coo' (wrong CL)
V/dalvikvm( 1611): +++ not scanning '/system/lib/librs_jni.so' for 'coo' (wrong CL)
V/dalvikvm( 1611): +++ scanning '/data/data/com.immomo.momo/lib/libmomonative.so' for 'coo'
V/dalvikvm( 1611): +++ calling dlsym(Java_com_immomo_momo_util_jni_Codec_coo)
V/dalvikvm( 1611): Found 'Java_com_immomo_momo_util_jni_Codec_coo' with dlsym
V/dalvikvm( 1611): +++ not scanning 'libnativehelper.so' for 'sssl' (wrong CL)
V/dalvikvm( 1611): +++ not scanning '/system/lib/librs_jni.so' for 'sssl' (wrong CL)
V/dalvikvm( 1611): +++ scanning '/data/data/com.immomo.momo/lib/libmomonative.so' for 'sssl'
V/dalvikvm( 1611): +++ calling dlsym(Java_com_immomo_momo_util_jni_Codec_sssl)
V/dalvikvm( 1611): Found 'Java_com_immomo_momo_util_jni_Codec_sssl' with dlsym
V/dalvikvm( 1611): +++ not scanning 'libnativehelper.so' for 'saa' (wrong CL)
V/dalvikvm( 1611): +++ not scanning '/system/lib/librs_jni.so' for 'saa' (wrong CL)
V/dalvikvm( 1611): +++ scanning '/data/data/com.immomo.momo/lib/libmomonative.so' for 'saa'
V/dalvikvm( 1611): +++ calling dlsym(Java_com_immomo_momo_util_jni_Codec_saa)
V/dalvikvm( 1611): Found 'Java_com_immomo_momo_util_jni_Codec_saa' with dlsym
D/dalvikvm( 1611): GC_CONCURRENT freed 208K, 7% free 5057K/5383K, paused 10ms+0ms, total 12ms
D/dalvikvm( 1611): GC_CONCURRENT freed 203K, 6% free 5251K/5575K, paused 11ms+0ms, total 12ms
V/dalvikvm( 1611): +++ not scanning 'libnativehelper.so' for 'cmas' (wrong CL)
V/dalvikvm( 1611): +++ not scanning '/system/lib/librs_jni.so' for 'cmas' (wrong CL)
V/dalvikvm( 1611): +++ scanning '/data/data/com.immomo.momo/lib/libmomonative.so' for 'cmas'
V/dalvikvm( 1611): +++ calling dlsym(Java_com_immomo_momo_util_jni_Codec_cmas)
V/dalvikvm( 1611): Found 'Java_com_immomo_momo_util_jni_Codec_cmas' with dlsym
V/dalvikvm( 1611): +++ not scanning 'libnativehelper.so' for 'kkkxxx' (wrong CL)
V/dalvikvm( 1611): +++ not scanning '/system/lib/librs_jni.so' for 'kkkxxx' (wrong CL)
V/dalvikvm( 1611): +++ scanning '/data/data/com.immomo.momo/lib/libmomonative.so' for 'kkkxxx'
V/dalvikvm( 1611): +++ calling dlsym(Java_com_immomo_momo_util_jni_Codec_kkkxxx)
V/dalvikvm( 1611): Found 'Java_com_immomo_momo_util_jni_Codec_kkkxxx' with dlsym
V/dalvikvm( 1611): +++ not scanning 'libnativehelper.so' for 'aec' (wrong CL)
V/dalvikvm( 1611): +++ not scanning '/system/lib/librs_jni.so' for 'aec' (wrong CL)
V/dalvikvm( 1611): +++ scanning '/data/data/com.immomo.momo/lib/libmomonative.so' for 'aec'
V/dalvikvm( 1611): +++ calling dlsym(Java_com_immomo_momo_util_jni_Codec_aec)
V/dalvikvm( 1611): Found 'Java_com_immomo_momo_util_jni_Codec_aec' with dlsym
V/dalvikvm( 1611): +++ not scanning 'libnativehelper.so' for 'mmacc' (wrong CL)
V/dalvikvm( 1611): +++ not scanning '/system/lib/librs_jni.so' for 'mmacc' (wrong CL)
V/dalvikvm( 1611): +++ scanning '/data/data/com.immomo.momo/lib/libmomonative.so' for 'mmacc'
V/dalvikvm( 1611): +++ calling dlsym(Java_com_immomo_momo_util_jni_Codec_mmacc)
V/dalvikvm( 1611): Found 'Java_com_immomo_momo_util_jni_Codec_mmacc' with dlsym
I/ActivityManager(  282): No longer want com.lexa.fakegps (pid 936): hidden #16
W/ThrottleService(  282): unable to find stats for iface rmnet0
E/AuxilaryLog[<1361210580>](  355): 1:03
E/AuxilaryLog[<1361210580>](  355): 1:03
E/AuxilaryLog[<1361210580>](  355): Monday
E/AuxilaryLog[<1361210580>](  355): February 18, 2013
D/PicasaUploadSyncService( 1118): start sync on quake0day@gmail.com
D/PicasaUploadSyncService( 1118): sync finished
I/ActivityManager(  282): Start proc com.android.browser for content provider com.android.browser/.provider.BrowserProvider2: pid=1642 uid=10004 gids={3003, 1015, 1028}
E/Trace   ( 1642): error opening trace file: No such file or directory (2)
I/ActivityThread( 1642): Pub com.android.browser;browser: com.android.browser.provider.BrowserProvider2
I/ActivityThread( 1642): Pub com.android.browser.home: com.android.browser.homepages.HomeProvider
I/ActivityThread( 1642): Pub com.android.browser.snapshots: com.android.browser.provider.SnapshotProvider
D/dalvikvm( 1642): GC_CONCURRENT freed 153K, 6% free 4562K/4807K, paused 11ms+1ms, total 12ms
D/dalvikvm(  282): WAIT_FOR_CONCURRENT_GC blocked 0ms
D/dalvikvm(  282): GC_EXPLICIT freed 453K, 12% free 9083K/10311K, paused 0ms+1ms, total 10ms
D/dalvikvm(  723): GC_CONCURRENT freed 287K, 7% free 5754K/6151K, paused 0ms+0ms, total 3ms
I/dalvikvm( 1642): threadid=1: recursive native library load attempt (/system/lib/libwebcore.so)
D/dalvikvm( 1642): No JNI_OnLoad found in /system/lib/libchromium_net.so 0x0, skipping init
V/dalvikvm( 1642): +++ retrieving /system/lib/libchromium_net.so OnLoad status
V/dalvikvm( 1642): +++ earlier OnLoad(/system/lib/libchromium_net.so) okay
D/dalvikvm(  723): GC_FOR_ALLOC freed 390K, 8% free 5895K/6343K, paused 3ms, total 3ms
D/dalvikvm(  723): GC_CONCURRENT freed 13K, 8% free 5884K/6343K, paused 0ms+0ms, total 2ms
I/ActivityManager(  282): Start proc com.google.android.syncadapters.calendar for service com.google.android.syncadapters.calendar/.CalendarSyncAdapterService: pid=1670 uid=10020 gids={3003, 1028}
D/dalvikvm( 1076): GC_CONCURRENT freed 326K, 8% free 5273K/5703K, paused 6ms+0ms, total 7ms
E/Trace   ( 1670): error opening trace file: No such file or directory (2)
W/ActivityThread( 1670): ClassLoader.loadClass: The class loader returned by Thread.getContextClassLoader() may fail for processes that host multiple applications. You should explicitly specify a context class loader. For example: Thread.setContextClassLoader(getClass().getClassLoader());
D/dalvikvm( 1670): GC_CONCURRENT freed 205K, 6% free 4477K/4743K, paused 16ms+0ms, total 17ms
D/dalvikvm( 1670): GC_CONCURRENT freed 163K, 6% free 4715K/4999K, paused 11ms+1ms, total 12ms
D/dalvikvm( 1670): GC_CONCURRENT freed 320K, 9% free 4814K/5255K, paused 0ms+0ms, total 1ms
D/dalvikvm( 1670): GC_CONCURRENT freed 195K, 6% free 5017K/5319K, paused 0ms+0ms, total 1ms
D/dalvikvm( 1670): GC_CONCURRENT freed 255K, 7% free 5199K/5575K, paused 1ms+1ms, total 2ms
D/dalvikvm(  723): GC_CONCURRENT freed 398K, 8% free 5957K/6471K, paused 0ms+1ms, total 2ms
I/ActivityManager(  282): No longer want com.android.calendar (pid 1000): hidden #16
D/dalvikvm( 1048): GC_CONCURRENT freed 285K, 8% free 4851K/5255K, paused 1ms+0ms, total 2ms
D/dalvikvm(  723): GC_CONCURRENT freed 446K, 9% free 5981K/6535K, paused 0ms+0ms, total 3ms
D/dalvikvm(  623): GC_CONCURRENT freed 288K, 8% free 4718K/5127K, paused 0ms+1ms, total 1ms
I/ActivityManager(  282): No longer want com.google.android.talk (pid 819): hidden #16
D/dalvikvm( 1670): GC_CONCURRENT freed 403K, 9% free 5259K/5767K, paused 0ms+1ms, total 2ms
D/dalvikvm(  282): WAIT_FOR_CONCURRENT_GC blocked 0ms
D/dalvikvm(  282): GC_EXPLICIT freed 529K, 12% free 9151K/10311K, paused 0ms+1ms, total 9ms
D/dalvikvm(  623): WAIT_FOR_CONCURRENT_GC blocked 0ms
D/dalvikvm(  623): GC_EXPLICIT freed 173K, 9% free 4679K/5127K, paused 0ms+0ms, total 1ms
D/dalvikvm( 1670): WAIT_FOR_CONCURRENT_GC blocked 0ms
D/dalvikvm( 1670): GC_EXPLICIT freed 304K, 10% free 5224K/5767K, paused 0ms+1ms, total 2ms
E/AuxilaryLog[<1361210640>](  355): 1:04
E/AuxilaryLog[<1361210640>](  355): 1:04
E/AuxilaryLog[<1361210640>](  355): Monday
E/AuxilaryLog[<1361210640>](  355): February 18, 2013
D/dalvikvm(  950): GC_FOR_ALLOC freed 1171K, 16% free 11256K/13383K, paused 4ms, total 4ms
E/AuxilaryLog[<1361210700>](  355): 1:05
E/AuxilaryLog[<1361210700>](  355): 1:05
E/AuxilaryLog[<1361210700>](  355): Monday
E/AuxilaryLog[<1361210700>](  355): February 18, 2013
E/AuxilaryLog[<1361210760>](  355): 1:06
E/AuxilaryLog[<1361210760>](  355): 1:06
E/AuxilaryLog[<1361210760>](  355): Monday
E/AuxilaryLog[<1361210760>](  355): February 18, 2013
E/AuxilaryLog[<1361210820>](  355): 1:07
E/AuxilaryLog[<1361210820>](  355): 1:07
E/AuxilaryLog[<1361210820>](  355): Monday
E/AuxilaryLog[<1361210820>](  355): February 18, 2013
E/AuxilaryLog[<1361210880>](  355): 1:08
E/AuxilaryLog[<1361210880>](  355): 1:08
E/AuxilaryLog[<1361210880>](  355): Monday
E/AuxilaryLog[<1361210880>](  355): February 18, 2013
E/AuxilaryLog[<1361210940>](  355): 1:09
E/AuxilaryLog[<1361210940>](  355): 1:09
E/AuxilaryLog[<1361210940>](  355): Monday
E/AuxilaryLog[<1361210940>](  355): February 18, 2013
D/dalvikvm( 1611): GC_CONCURRENT freed 270K, 7% free 5378K/5767K, paused 0ms+1ms, total 2ms
E/AuxilaryLog[<1361211000>](  355): 1:10
E/AuxilaryLog[<1361211000>](  355): 1:10
E/AuxilaryLog[<1361211000>](  355): Monday
E/AuxilaryLog[<1361211000>](  355): February 18, 2013
E/AuxilaryLog[<1361211060>](  355): 1:11
E/AuxilaryLog[<1361211060>](  355): 1:11
E/AuxilaryLog[<1361211060>](  355): Monday
E/AuxilaryLog[<1361211060>](  355): February 18, 2013
E/AuxilaryLog[<1361211120>](  355): 1:12
E/AuxilaryLog[<1361211120>](  355): 1:12
E/AuxilaryLog[<1361211120>](  355): Monday
E/AuxilaryLog[<1361211120>](  355): February 18, 2013
D/dalvikvm(  892): GC_CONCURRENT freed 428K, 10% free 5219K/5767K, paused 0ms+0ms, total 2ms
W/ThrottleService(  282): unable to find stats for iface rmnet0
E/AuxilaryLog[<1361211180>](  355): 1:13
E/AuxilaryLog[<1361211180>](  355): 1:13
E/AuxilaryLog[<1361211180>](  355): Monday
E/AuxilaryLog[<1361211180>](  355): February 18, 2013
E/AuxilaryLog[<1361211240>](  355): 1:14
E/AuxilaryLog[<1361211240>](  355): 1:14
E/AuxilaryLog[<1361211240>](  355): Monday
E/AuxilaryLog[<1361211240>](  355): February 18, 2013
D/dalvikvm( 1076): GC_CONCURRENT freed 413K, 10% free 5304K/5831K, paused 0ms+0ms, total 1ms
E/AuxilaryLog[<1361211300>](  355): 1:15
E/AuxilaryLog[<1361211300>](  355): 1:15
E/AuxilaryLog[<1361211300>](  355): Monday
E/AuxilaryLog[<1361211300>](  355): February 18, 2013
E/AuxilaryLog[<1361211360>](  355): 1:16
E/AuxilaryLog[<1361211360>](  355): 1:16
E/AuxilaryLog[<1361211360>](  355): Monday
E/AuxilaryLog[<1361211360>](  355): February 18, 2013
E/AuxilaryLog[<1361211420>](  355): 1:17
E/AuxilaryLog[<1361211420>](  355): 1:17
E/AuxilaryLog[<1361211420>](  355): Monday
E/AuxilaryLog[<1361211420>](  355): February 18, 2013
E/AuxilaryLog[<1361211480>](  355): 1:18
E/AuxilaryLog[<1361211480>](  355): 1:18
E/AuxilaryLog[<1361211480>](  355): Monday
E/AuxilaryLog[<1361211480>](  355): February 18, 2013
D/dalvikvm(  723): GC_CONCURRENT freed 500K, 9% free 6022K/6599K, paused 0ms+1ms, total 3ms
D/dalvikvm(  723): WAIT_FOR_CONCURRENT_GC blocked 0ms
D/dalvikvm(  723): GC_EXPLICIT freed 1K, 9% free 6023K/6599K, paused 0ms+0ms, total 3ms
D/dalvikvm( 1076): WAIT_FOR_CONCURRENT_GC blocked 0ms
D/dalvikvm( 1076): GC_EXPLICIT freed 209K, 11% free 5234K/5831K, paused 1ms+1ms, total 2ms
D/dalvikvm(  282): GC_CONCURRENT freed 1187K, 13% free 9127K/10439K, paused 0ms+0ms, total 7ms
E/AuxilaryLog[<1361211540>](  355): 1:19
E/AuxilaryLog[<1361211540>](  355): 1:19
E/AuxilaryLog[<1361211540>](  355): Monday
E/AuxilaryLog[<1361211540>](  355): February 18, 2013
E/AuxilaryLog[<1361211600>](  355): 1:20
E/AuxilaryLog[<1361211600>](  355): 1:20
E/AuxilaryLog[<1361211600>](  355): Monday
E/AuxilaryLog[<1361211600>](  355): February 18, 2013
E/AuxilaryLog[<1361211660>](  355): 1:21
E/AuxilaryLog[<1361211660>](  355): 1:21
E/AuxilaryLog[<1361211660>](  355): Monday
E/AuxilaryLog[<1361211660>](  355): February 18, 2013
E/AuxilaryLog[<1361211720>](  355): 1:22
E/AuxilaryLog[<1361211720>](  355): 1:22
E/AuxilaryLog[<1361211720>](  355): Monday
E/AuxilaryLog[<1361211720>](  355): February 18, 2013
W/ThrottleService(  282): unable to find stats for iface rmnet0
E/AuxilaryLog[<1361211780>](  355): 1:23
E/AuxilaryLog[<1361211780>](  355): 1:23
E/AuxilaryLog[<1361211780>](  355): Monday
E/AuxilaryLog[<1361211780>](  355): February 18, 2013
E/AuxilaryLog[<1361211840>](  355): 1:24
E/AuxilaryLog[<1361211840>](  355): 1:24
E/AuxilaryLog[<1361211840>](  355): Monday
E/AuxilaryLog[<1361211840>](  355): February 18, 2013
E/AuxilaryLog[<1361211900>](  355): 1:25
E/AuxilaryLog[<1361211900>](  355): 1:25
E/AuxilaryLog[<1361211900>](  355): Monday
E/AuxilaryLog[<1361211900>](  355): February 18, 2013
E/AuxilaryLog[<1361211960>](  355): 1:26
E/AuxilaryLog[<1361211960>](  355): 1:26
E/AuxilaryLog[<1361211960>](  355): Monday
E/AuxilaryLog[<1361211960>](  355): February 18, 2013
D/dalvikvm(  950): GC_FOR_ALLOC freed 1159K, 16% free 11255K/13383K, paused 5ms, total 5ms
E/AuxilaryLog[<1361212020>](  355): 1:27
E/AuxilaryLog[<1361212020>](  355): 1:27
E/AuxilaryLog[<1361212020>](  355): Monday
E/AuxilaryLog[<1361212020>](  355): February 18, 2013
E/AuxilaryLog[<1361212080>](  355): 1:28
E/AuxilaryLog[<1361212080>](  355): 1:28
E/AuxilaryLog[<1361212080>](  355): Monday
E/AuxilaryLog[<1361212080>](  355): February 18, 2013
E/AuxilaryLog[<1361212140>](  355): 1:29
E/AuxilaryLog[<1361212140>](  355): 1:29
E/AuxilaryLog[<1361212140>](  355): Monday
E/AuxilaryLog[<1361212140>](  355): February 18, 2013
E/AuxilaryLog[<1361212200>](  355): 1:30
E/AuxilaryLog[<1361212200>](  355): 1:30
E/AuxilaryLog[<1361212200>](  355): Monday
E/AuxilaryLog[<1361212200>](  355): February 18, 2013
W/BatteryStatsImpl(  282): Couldn't get kernel wake lock stats
E/AuxilaryLog[<1361212260>](  355): 1:31
E/AuxilaryLog[<1361212260>](  355): 1:31
E/AuxilaryLog[<1361212260>](  355): Monday
E/AuxilaryLog[<1361212260>](  355): February 18, 2013
I/EventLogService(  723): Aggregate from 1361210464582 (log), 1361210464582 (data)
D/dalvikvm(  282): WAIT_FOR_CONCURRENT_GC blocked 0ms
D/dalvikvm(  282): GC_EXPLICIT freed 872K, 13% free 9094K/10439K, paused 0ms+1ms, total 9ms
E/AuxilaryLog[<1361212320>](  355): 1:32
E/AuxilaryLog[<1361212320>](  355): 1:32
E/AuxilaryLog[<1361212320>](  355): Monday
E/AuxilaryLog[<1361212320>](  355): February 18, 2013
I/ActivityManager(  282): No longer want android.process.media (pid 633): hidden #16
W/ThrottleService(  282): unable to find stats for iface rmnet0
E/AuxilaryLog[<1361212380>](  355): 1:33
E/AuxilaryLog[<1361212380>](  355): 1:33
E/AuxilaryLog[<1361212380>](  355): Monday
E/AuxilaryLog[<1361212380>](  355): February 18, 2013
V/BackupManagerService(  282): Running a backup pass
V/BackupManagerService(  282): clearing pending backups
V/PerformBackupTask(  282): Beginning backup of 1 targets
V/BackupServiceBinder(  282): doBackup() invoked
D/PerformBackupTask(  282): invokeAgentForBackup on @pm@
I/PerformBackupTask(  282): no backup data written; not calling transport
D/PerformBackupTask(  282): starting agent for backup of BackupRequest{pkg=android}
D/BackupManagerService(  282): awaiting agent for ApplicationInfo{a69e79a8 android}
V/BackupServiceBinder(  282): doBackup() invoked
D/BackupHelperDispatcher(  282): handling existing helper 'wallpaper' android.app.backup.WallpaperBackupHelper@a6efe110
V/LocalTransport(  282): performBackup() pkg=android
D/BackupManagerService(  282): agentConnected pkg=android agent=android.app.backup.BackupAgent$BackupServiceBinder@a6fb84f8
I/BackupManagerService(  282): got agent android.app.backup.BackupAgent$BackupServiceBinder@a6fb84f8
D/PerformBackupTask(  282): invokeAgentForBackup on android
V/LocalTransport(  282): Got change set key=wallpaper:/data/system/wallpaper_info.xml size=-1 key64=d2FsbHBhcGVyOi9kYXRhL3N5c3RlbS93YWxscGFwZXJfaW5mby54bWw=
V/LocalTransport(  282): Got change set key=wallpaper:/data/system/wallpaper_info.xml size=115 key64=d2FsbHBhcGVyOi9kYXRhL3N5c3RlbS93YWxscGFwZXJfaW5mby54bWw=
V/LocalTransport(  282):   data size 115
V/LocalTransport(  282): finishBackup()
I/PerformBackupTask(  282): Backup pass finished.
E/AuxilaryLog[<1361212440>](  355): 1:34
E/AuxilaryLog[<1361212440>](  355): 1:34
E/AuxilaryLog[<1361212440>](  355): Monday
E/AuxilaryLog[<1361212440>](  355): February 18, 2013
E/AuxilaryLog[<1361212500>](  355): 1:35
E/AuxilaryLog[<1361212500>](  355): 1:35
E/AuxilaryLog[<1361212500>](  355): Monday
E/AuxilaryLog[<1361212500>](  355): February 18, 2013
E/AuxilaryLog[<1361212560>](  355): 1:36
E/AuxilaryLog[<1361212560>](  355): 1:36
E/AuxilaryLog[<1361212560>](  355): Monday
E/AuxilaryLog[<1361212560>](  355): February 18, 2013
E/AuxilaryLog[<1361212620>](  355): 1:37
E/AuxilaryLog[<1361212620>](  355): 1:37
E/AuxilaryLog[<1361212620>](  355): Monday
E/AuxilaryLog[<1361212620>](  355): February 18, 2013
E/AuxilaryLog[<1361212680>](  355): 1:38
E/AuxilaryLog[<1361212680>](  355): 1:38
E/AuxilaryLog[<1361212680>](  355): Monday
E/AuxilaryLog[<1361212680>](  355): February 18, 2013
E/AuxilaryLog[<1361212740>](  355): 1:39
E/AuxilaryLog[<1361212740>](  355): 1:39
E/AuxilaryLog[<1361212740>](  355): Monday
E/AuxilaryLog[<1361212740>](  355): February 18, 2013
E/AuxilaryLog[<1361212800>](  355): 1:40
E/AuxilaryLog[<1361212800>](  355): 1:40
E/AuxilaryLog[<1361212800>](  355): Monday
E/AuxilaryLog[<1361212800>](  355): February 18, 2013
E/AuxilaryLog[<1361212860>](  355): 1:41
E/AuxilaryLog[<1361212860>](  355): 1:41
E/AuxilaryLog[<1361212860>](  355): Monday
E/AuxilaryLog[<1361212860>](  355): February 18, 2013
D/dalvikvm( 1611): GC_CONCURRENT freed 398K, 9% free 5377K/5895K, paused 0ms+0ms, total 3ms
D/dalvikvm(  950): GC_FOR_ALLOC freed 982K, 16% free 11252K/13383K, paused 4ms, total 4ms
E/AuxilaryLog[<1361212920>](  355): 1:42
E/AuxilaryLog[<1361212920>](  355): 1:42
E/AuxilaryLog[<1361212920>](  355): Monday
E/AuxilaryLog[<1361212920>](  355): February 18, 2013
W/ThrottleService(  282): unable to find stats for iface rmnet0
E/AuxilaryLog[<1361212980>](  355): 1:43
E/AuxilaryLog[<1361212980>](  355): 1:43
E/AuxilaryLog[<1361212980>](  355): Monday
E/AuxilaryLog[<1361212980>](  355): February 18, 2013
E/AuxilaryLog[<1361213040>](  355): 1:44
E/AuxilaryLog[<1361213040>](  355): 1:44
E/AuxilaryLog[<1361213040>](  355): Monday
E/AuxilaryLog[<1361213040>](  355): February 18, 2013
E/AuxilaryLog[<1361213100>](  355): 1:45
E/AuxilaryLog[<1361213100>](  355): 1:45
E/AuxilaryLog[<1361213100>](  355): Monday
E/AuxilaryLog[<1361213100>](  355): February 18, 2013
D/dalvikvm(  282): GC_CONCURRENT freed 1046K, 13% free 9137K/10439K, paused 1ms+1ms, total 8ms
E/AuxilaryLog[<1361213160>](  355): 1:46
E/AuxilaryLog[<1361213160>](  355): 1:46
E/AuxilaryLog[<1361213160>](  355): Monday
E/AuxilaryLog[<1361213160>](  355): February 18, 2013
E/AuxilaryLog[<1361213220>](  355): 1:47
E/AuxilaryLog[<1361213220>](  355): 1:47
E/AuxilaryLog[<1361213220>](  355): Monday
E/AuxilaryLog[<1361213220>](  355): February 18, 2013
E/AuxilaryLog[<1361213280>](  355): 1:48
E/AuxilaryLog[<1361213280>](  355): 1:48
E/AuxilaryLog[<1361213280>](  355): Monday
E/AuxilaryLog[<1361213280>](  355): February 18, 2013
E/AuxilaryLog[<1361213340>](  355): 1:49
E/AuxilaryLog[<1361213340>](  355): 1:49
E/AuxilaryLog[<1361213340>](  355): Monday
E/AuxilaryLog[<1361213340>](  355): February 18, 2013
E/AuxilaryLog[<1361213400>](  355): 1:50
E/AuxilaryLog[<1361213400>](  355): 1:50
E/AuxilaryLog[<1361213400>](  355): Monday
E/AuxilaryLog[<1361213400>](  355): February 18, 2013
E/AuxilaryLog[<1361213460>](  355): 1:51
E/AuxilaryLog[<1361213460>](  355): 1:51
E/AuxilaryLog[<1361213460>](  355): Monday
E/AuxilaryLog[<1361213460>](  355): February 18, 2013
E/AuxilaryLog[<1361213520>](  355): 1:52
E/AuxilaryLog[<1361213520>](  355): 1:52
E/AuxilaryLog[<1361213520>](  355): Monday
E/AuxilaryLog[<1361213520>](  355): February 18, 2013
W/ThrottleService(  282): unable to find stats for iface rmnet0
E/AuxilaryLog[<1361213580>](  355): 1:53
E/AuxilaryLog[<1361213580>](  355): 1:53
E/AuxilaryLog[<1361213580>](  355): Monday
E/AuxilaryLog[<1361213580>](  355): February 18, 2013
E/AuxilaryLog[<1361213640>](  355): 1:54
E/AuxilaryLog[<1361213640>](  355): 1:54
E/AuxilaryLog[<1361213640>](  355): Monday
E/AuxilaryLog[<1361213640>](  355): February 18, 2013
E/AuxilaryLog[<1361213700>](  355): 1:55
E/AuxilaryLog[<1361213700>](  355): 1:55
E/AuxilaryLog[<1361213700>](  355): Monday
E/AuxilaryLog[<1361213700>](  355): February 18, 2013
E/AuxilaryLog[<1361213760>](  355): 1:56
E/AuxilaryLog[<1361213760>](  355): 1:56
E/AuxilaryLog[<1361213760>](  355): Monday
E/AuxilaryLog[<1361213760>](  355): February 18, 2013
E/AuxilaryLog[<1361213820>](  355): 1:57
E/AuxilaryLog[<1361213820>](  355): 1:57
E/AuxilaryLog[<1361213820>](  355): Monday
E/AuxilaryLog[<1361213820>](  355): February 18, 2013
E/AuxilaryLog[<1361213880>](  355): 1:58
E/AuxilaryLog[<1361213880>](  355): 1:58
E/AuxilaryLog[<1361213880>](  355): Monday
E/AuxilaryLog[<1361213880>](  355): February 18, 2013
E/AuxilaryLog[<1361213940>](  355): 1:59
E/AuxilaryLog[<1361213940>](  355): 1:59
E/AuxilaryLog[<1361213940>](  355): Monday
E/AuxilaryLog[<1361213940>](  355): February 18, 2013
E/AuxilaryLog[<1361214000>](  355): 2:00
E/AuxilaryLog[<1361214000>](  355): 2:00
E/AuxilaryLog[<1361214000>](  355): Monday
E/AuxilaryLog[<1361214000>](  355): February 18, 2013
W/BatteryStatsImpl(  282): Couldn't get kernel wake lock stats
E/AuxilaryLog[<1361214060>](  355): 2:01
E/AuxilaryLog[<1361214060>](  355): 2:01
E/AuxilaryLog[<1361214060>](  355): Monday
E/AuxilaryLog[<1361214060>](  355): February 18, 2013
I/EventLogService(  723): Aggregate from 1361212264595 (log), 1361212264595 (data)
D/dalvikvm(  723): GC_CONCURRENT freed 541K, 10% free 6015K/6663K, paused 10ms+0ms, total 13ms
E/AuxilaryLog[<1361214120>](  355): 2:02
E/AuxilaryLog[<1361214120>](  355): 2:02
E/AuxilaryLog[<1361214120>](  355): Monday
E/AuxilaryLog[<1361214120>](  355): February 18, 2013
W/ThrottleService(  282): unable to find stats for iface rmnet0
E/AuxilaryLog[<1361214180>](  355): 2:03
E/AuxilaryLog[<1361214180>](  355): 2:03
E/AuxilaryLog[<1361214180>](  355): Monday
E/AuxilaryLog[<1361214180>](  355): February 18, 2013
D/dalvikvm( 1076): GC_CONCURRENT freed 330K, 10% free 5288K/5831K, paused 0ms+1ms, total 3ms
E/AuxilaryLog[<1361214240>](  355): 2:04
E/AuxilaryLog[<1361214240>](  355): 2:04
E/AuxilaryLog[<1361214240>](  355): Monday
E/AuxilaryLog[<1361214240>](  355): February 18, 2013
D/dalvikvm(  282): GC_CONCURRENT freed 1112K, 13% free 9125K/10439K, paused 0ms+0ms, total 9ms
E/AuxilaryLog[<1361214300>](  355): 2:05
D/dalvikvm(  355): GC_CONCURRENT freed 14458K, 73% free 5657K/20231K, paused 1ms+1ms, total 11ms
E/AuxilaryLog[<1361214300>](  355): 2:05
E/AuxilaryLog[<1361214300>](  355): Monday
E/AuxilaryLog[<1361214300>](  355): February 18, 2013
E/AuxilaryLog[<1361214360>](  355): 2:06
E/AuxilaryLog[<1361214360>](  355): 2:06
E/AuxilaryLog[<1361214360>](  355): Monday
E/AuxilaryLog[<1361214360>](  355): February 18, 2013
D/dalvikvm(  950): GC_FOR_ALLOC freed 976K, 16% free 11253K/13383K, paused 4ms, total 4ms
E/AuxilaryLog[<1361214420>](  355): 2:07
E/AuxilaryLog[<1361214420>](  355): 2:07
E/AuxilaryLog[<1361214420>](  355): Monday
E/AuxilaryLog[<1361214420>](  355): February 18, 2013
E/AuxilaryLog[<1361214480>](  355): 2:08
E/AuxilaryLog[<1361214480>](  355): 2:08
E/AuxilaryLog[<1361214480>](  355): Monday
E/AuxilaryLog[<1361214480>](  355): February 18, 2013
E/AuxilaryLog[<1361214540>](  355): 2:09
E/AuxilaryLog[<1361214540>](  355): 2:09
E/AuxilaryLog[<1361214540>](  355): Monday
E/AuxilaryLog[<1361214540>](  355): February 18, 2013
I/ActivityManager(  282): START {cmp=com.tencent.mm/.ui.contact.ContactInfoUI (has extras) u=0} from pid 950
W/WindowManager(  282): Failure taking screenshot for (341x200) to layer 21020
W/audio_hw_primary(   93): out_write() limiting sleep time 116507 to 39909
E/AuxilaryLog[<1361214541>](  950): WeChat
E/AuxilaryLog[<1361214541>](  950): WeChat
E/AuxilaryLog[<1361214541>](  950): WeChat
E/AuxilaryLog[<1361214541>](  950): WeChat
E/AuxilaryLog[<1361214541>](  950): Details
W/audio_hw_primary(   93): out_write() limiting sleep time 78458 to 39909
E/AuxilaryLog[<1361214541>](  950): Back
W/audio_hw_primary(   93): out_write() limiting sleep time 63582 to 39909
V/PhoneStatusBar(  355): setLightsOn(true)
E/AuxilaryLog[<1361214541>](  950): WeChat ID:
E/AuxilaryLog[<1361214541>](  950): Alias:
E/AuxilaryLog[<1361214541>](  950): Edit Alias
E/AuxilaryLog[<1361214541>](  950): Edit
E/AuxilaryLog[<1361214541>](  950): 周宏 
E/AuxilaryLog[<1361214541>](  950): Within 10km
E/AuxilaryLog[<1361214541>](  950): Region
E/AuxilaryLog[<1361214541>](  950): Shanghai  Pudong New District
E/AuxilaryLog[<1361214541>](  950): Shanghai  Pudong New District
E/AuxilaryLog[<1361214541>](  950): What's Up
E/AuxilaryLog[<1361214541>](  950): 路還是要走、只是不再囘頭…
E/AuxilaryLog[<1361214541>](  950): Accept
W/audio_hw_primary(   93): out_write() limiting sleep time 50997 to 39909
E/AuxilaryLog[<1361214541>](  950): Block
E/AuxilaryLog[<1361214541>](  950): Report
E/AuxilaryLog[<1361214541>](  950): Send Greeting
E/AuxilaryLog[<1361214541>](  950): Report
E/AuxilaryLog[<1361214541>](  950): Add
E/AuxilaryLog[<1361214541>](  950): Message
E/AuxilaryLog[<1361214541>](  950): This person is now blocked from sending you messages.
I/ActivityManager(  282): Displayed com.tencent.mm/.ui.contact.ContactInfoUI: +246ms
W/WindowManager(  282): Failure taking screenshot for (341x200) to layer 21025
V/PhoneStatusBar(  355): setLightsOn(true)
E/AuxilaryLog[<1361214543>](  950): 高枫
E/AuxilaryLog[<1361214543>](  950): 高枫
E/AuxilaryLog[<1361214543>](  950): 高枫
E/AuxilaryLog[<1361214543>](  950): Within 9km
E/AuxilaryLog[<1361214543>](  950): 静待有缘人
E/AuxilaryLog[<1361214543>](  950): 静待有缘人
E/AuxilaryLog[<1361214543>](  950): 静待有缘人
E/AuxilaryLog[<1361214543>](  950): 阿元
E/AuxilaryLog[<1361214543>](  950): 阿元
E/AuxilaryLog[<1361214543>](  950): 阿元
E/AuxilaryLog[<1361214543>](  950): Within 9km
E/AuxilaryLog[<1361214543>](  950): 母亲儿想您了！愿您在天的那边过的都好。天冷别望了多加点衣裳…
E/AuxilaryLog[<1361214543>](  950): 母亲儿想您了！愿您在天的那边过的都好。天冷别望了多加点衣裳…
E/AuxilaryLog[<1361214543>](  950): 母亲儿想您了！愿您在天的那边过的都好。天冷别望了多加点衣裳…
E/AuxilaryLog[<1361214543>](  950): 阿正
E/AuxilaryLog[<1361214543>](  950): 阿正
E/AuxilaryLog[<1361214543>](  950): 阿正
E/AuxilaryLog[<1361214543>](  950): Within 9km
E/AuxilaryLog[<1361214543>](  950): 钱多多
E/AuxilaryLog[<1361214543>](  950): 钱多多
E/AuxilaryLog[<1361214543>](  950): 钱多多
E/AuxilaryLog[<1361214543>](  950): Within 9km
E/AuxilaryLog[<1361214543>](  950): 世上无难事，只怕用心人。
E/AuxilaryLog[<1361214543>](  950): 世上无难事，只怕用心人。
E/AuxilaryLog[<1361214543>](  950): 世上无难事，只怕用心人。
E/AuxilaryLog[<1361214543>](  950): 梦之缘
E/AuxilaryLog[<1361214543>](  950): 梦之缘
E/AuxilaryLog[<1361214543>](  950): 梦之缘
E/AuxilaryLog[<1361214543>](  950): Within 9km
E/AuxilaryLog[<1361214543>](  950): 快乐过好每一分钟
E/AuxilaryLog[<1361214543>](  950): 快乐过好每一分钟
E/AuxilaryLog[<1361214543>](  950): 快乐过好每一分钟
E/AuxilaryLog[<1361214543>](  950): 汪洋
E/AuxilaryLog[<1361214543>](  950): 汪洋
E/AuxilaryLog[<1361214543>](  950): 汪洋
E/AuxilaryLog[<1361214543>](  950): Within 9km
E/AuxilaryLog[<1361214543>](  950): 生活是一种艺术!
E/AuxilaryLog[<1361214543>](  950): 生活是一种艺术!
E/AuxilaryLog[<1361214543>](  950): 生活是一种艺术!
E/AuxilaryLog[<1361214543>](  950): 珍珍
E/AuxilaryLog[<1361214543>](  950): 珍珍
E/AuxilaryLog[<1361214543>](  950): 珍珍
E/AuxilaryLog[<1361214543>](  950): Within 9km
E/AuxilaryLog[<1361214543>](  950): 你若离去，后会无期！
E/AuxilaryLog[<1361214543>](  950): 生活怎么那么累，那么烦！
E/AuxilaryLog[<1361214543>](  950): 你若离去，后会无期！
E/AuxilaryLog[<1361214543>](  950): 生活怎么那么累，那么烦！
E/AuxilaryLog[<1361214543>](  950): 你若离去，后会无期！
E/AuxilaryLog[<1361214543>](  950): 生活怎么那么累，那么烦！
E/AuxilaryLog[<1361214543>](  950): 石头
E/AuxilaryLog[<1361214543>](  950): 石头
E/AuxilaryLog[<1361214543>](  950): 石头
E/AuxilaryLog[<1361214543>](  950): Within 9km
E/AuxilaryLog[<1361214543>](  950): 幸运的女人，男人骗你一辈子，不幸女人，男人骗你一阵子，
E/AuxilaryLog[<1361214543>](  950): 幸运的女人，男人骗你一辈子，不幸女人，男人骗你一阵子，
E/AuxilaryLog[<1361214543>](  950): 幸运的女人，男人骗你一辈子，不幸女人，男人骗你一阵子，
E/AuxilaryLog[<1361214543>](  950): 蓝羽飞鸟
E/AuxilaryLog[<1361214543>](  950): 蓝羽飞鸟
E/AuxilaryLog[<1361214543>](  950): 蓝羽飞鸟
E/AuxilaryLog[<1361214543>](  950): Within 9km
E/AuxilaryLog[<1361214543>](  950): 做了也是错！不做也是错
E/AuxilaryLog[<1361214543>](  950): 做了也是错！不做也是错
E/AuxilaryLog[<1361214543>](  950): 做了也是错！不做也是错
E/AuxilaryLog[<1361214543>](  950): shmily
E/AuxilaryLog[<1361214543>](  950): shmily
E/AuxilaryLog[<1361214543>](  950): shmily
E/AuxilaryLog[<1361214543>](  950): Within 9km
E/AuxilaryLog[<1361214543>](  950): 我希望，有一天这个世界能因为我而有一点点的不一样。
E/AuxilaryLog[<1361214543>](  950): 我希望，有一天这个世界能因为我而有一点点的不一样。
E/AuxilaryLog[<1361214543>](  950): 我希望，有一天这个世界能因为我而有一点点的不一样。
E/AuxilaryLog[<1361214543>](  950): 禁不住似水流连的伤害
E/AuxilaryLog[<1361214543>](  950): 禁不住似水流连的伤害
E/AuxilaryLog[<1361214543>](  950): 禁不住似水流连的伤害
E/AuxilaryLog[<1361214543>](  950): Within 9km
E/AuxilaryLog[<1361214543>](  950): 曾经有你笑开艳，今生有你苦也甜……
E/AuxilaryLog[<1361214543>](  950): 曾经有你笑开艳，今生有你苦也甜……
E/AuxilaryLog[<1361214543>](  950): 曾经有你笑开艳，今生有你苦也甜……
E/AuxilaryLog[<1361214543>](  950): 阿强
E/AuxilaryLog[<1361214543>](  950): 阿强
E/AuxilaryLog[<1361214543>](  950): 阿强
E/AuxilaryLog[<1361214543>](  950): Within 9km
E/AuxilaryLog[<1361214543>](  950): 琛
E/AuxilaryLog[<1361214543>](  950): 琛
E/AuxilaryLog[<1361214543>](  950): 琛
E/AuxilaryLog[<1361214543>](  950): Within 9km
E/AuxilaryLog[<1361214543>](  950): 江湖辈有流氓出，各领风骚一两年。
E/AuxilaryLog[<1361214543>](  950): 江湖辈有流氓出，各领风骚一两年。
E/AuxilaryLog[<1361214543>](  950): 江湖辈有流氓出，各领风骚一两年。
E/AuxilaryLog[<1361214543>](  950): づ學會 珍稀 
E/AuxilaryLog[<1361214543>](  950): づ學會 珍稀 
E/AuxilaryLog[<1361214543>](  950): づ學會 珍稀 
E/AuxilaryLog[<1361214543>](  950): Within 9km
E/AuxilaryLog[<1361214543>](  950): 生 活，并不是为了无休不止的工作！ 
E/AuxilaryLog[<1361214543>](  950): 生 活，并不是为了无休不止的工作！ 
E/AuxilaryLog[<1361214543>](  950): 生 活，并不是为了无休不止的工作！ 
E/AuxilaryLog[<1361214543>](  950): 谮么暧昧谮么演
E/AuxilaryLog[<1361214543>](  950): 谮么暧昧谮么演
E/AuxilaryLog[<1361214543>](  950): 谮么暧昧谮么演
E/AuxilaryLog[<1361214543>](  950): Within 10km
E/AuxilaryLog[<1361214543>](  950): 谁来陪伴我走像天空得另一端
E/AuxilaryLog[<1361214543>](  950): 谁来陪伴我走像天空得另一端
E/AuxilaryLog[<1361214543>](  950): 谁来陪伴我走像天空得另一端
E/AuxilaryLog[<1361214543>](  950): 周宏
E/AuxilaryLog[<1361214543>](  950): 周宏
E/AuxilaryLog[<1361214543>](  950): 周宏
E/AuxilaryLog[<1361214543>](  950): Within 10km
E/AuxilaryLog[<1361214543>](  950): 路還是要走、只是不再囘頭…
E/AuxilaryLog[<1361214543>](  950): 路還是要走、只是不再囘頭…
E/AuxilaryLog[<1361214543>](  950): 路還是要走、只是不再囘頭…
E/AuxilaryLog[<1361214544>](  950): 地图
E/AuxilaryLog[<1361214544>](  950): 地图
E/AuxilaryLog[<1361214544>](  950): 地图
E/AuxilaryLog[<1361214544>](  950): Within 9km
E/AuxilaryLog[<1361214544>](  950): 在老家亨几天轻福，谁能给安排相几次亲就刺激了。
E/AuxilaryLog[<1361214544>](  950): 在老家亨几天轻福，谁能给安排相几次亲就刺激了。
E/AuxilaryLog[<1361214544>](  950): 在老家亨几天轻福，谁能给安排相几次亲就刺激了。
E/AuxilaryLog[<1361214544>](  950): 飞鹰
E/AuxilaryLog[<1361214544>](  950): 飞鹰
E/AuxilaryLog[<1361214544>](  950): 飞鹰
E/AuxilaryLog[<1361214544>](  950): Within 9km
E/AuxilaryLog[<1361214544>](  950): 知足常乐，平安是福！
E/AuxilaryLog[<1361214544>](  950): 知足常乐，平安是福！
E/AuxilaryLog[<1361214544>](  950): 知足常乐，平安是福！
E/AuxilaryLog[<1361214544>](  950): 阿强
E/AuxilaryLog[<1361214544>](  950): 阿强
E/AuxilaryLog[<1361214544>](  950): 华
E/AuxilaryLog[<1361214544>](  950): Within 9km
E/AuxilaryLog[<1361214544>](  950): 琛
E/AuxilaryLog[<1361214544>](  950): 琛
E/AuxilaryLog[<1361214544>](  950): 超越梦想
E/AuxilaryLog[<1361214544>](  950): Within 9km
E/AuxilaryLog[<1361214544>](  950): 江湖辈有流氓出，各领风骚一两年。
E/AuxilaryLog[<1361214544>](  950): 江湖辈有流氓出，各领风骚一两年。
E/AuxilaryLog[<1361214544>](  950): 我要用我的双手打造我全新的世界！
E/AuxilaryLog[<1361214544>](  950): づ學會 珍稀 
E/AuxilaryLog[<1361214544>](  950): づ學會 珍稀 
E/AuxilaryLog[<1361214544>](  950): ℡不解的等待
E/AuxilaryLog[<1361214544>](  950): Within 9km
E/AuxilaryLog[<1361214544>](  950): 谮么暧昧谮么演
E/AuxilaryLog[<1361214544>](  950): 谮么暧昧谮么演
E/AuxilaryLog[<1361214544>](  950): 经历风雨见彩虹
E/AuxilaryLog[<1361214544>](  950): Within 9km
E/AuxilaryLog[<1361214544>](  950): 谁来陪伴我走像天空得另一端
E/AuxilaryLog[<1361214544>](  950): 谁来陪伴我走像天空得另一端
E/AuxilaryLog[<1361214544>](  950): 此时对你说对不起，显得那么苍白而无力。
E/AuxilaryLog[<1361214544>](  950): 石头
E/AuxilaryLog[<1361214544>](  950): 石头
E/AuxilaryLog[<1361214544>](  950): 我怕我分不清真假
E/AuxilaryLog[<1361214544>](  950): Within 9km
E/AuxilaryLog[<1361214544>](  950): 幸运的女人，男人骗你一辈子，不幸女人，男人骗你一阵子，
E/AuxilaryLog[<1361214544>](  950): 幸运的女人，男人骗你一辈子，不幸女人，男人骗你一阵子，
E/AuxilaryLog[<1361214544>](  950): 怪我过分着迷
E/AuxilaryLog[<1361214544>](  950): 蓝羽飞鸟
E/AuxilaryLog[<1361214544>](  950): 蓝羽飞鸟
E/AuxilaryLog[<1361214544>](  950): 画地为牢
E/AuxilaryLog[<1361214544>](  950): Within 9km
E/AuxilaryLog[<1361214544>](  950): shmily
E/AuxilaryLog[<1361214544>](  950): shmily
E/AuxilaryLog[<1361214544>](  950): 潘鑫焱
E/AuxilaryLog[<1361214544>](  950): Within 9km
E/AuxilaryLog[<1361214544>](  950): 我希望，有一天这个世界能因为我而有一点点的不一样。
E/AuxilaryLog[<1361214544>](  950): 我希望，有一天这个世界能因为我而有一点点的不一样。
E/AuxilaryLog[<1361214544>](  950): 心静自然凉
E/AuxilaryLog[<1361214544>](  950): 禁不住似水流连的伤害
E/AuxilaryLog[<1361214544>](  950): 禁不住似水流连的伤害
E/AuxilaryLog[<1361214544>](  950): 哈～
E/AuxilaryLog[<1361214544>](  950): Within 9km
E/AuxilaryLog[<1361214544>](  950): 曾经有你笑开艳，今生有你苦也甜……
E/AuxilaryLog[<1361214544>](  950): 曾经有你笑开艳，今生有你苦也甜……
E/AuxilaryLog[<1361214544>](  950): 额、
E/AuxilaryLog[<1361214544>](  950): 钱多多
E/AuxilaryLog[<1361214544>](  950): 钱多多
E/AuxilaryLog[<1361214544>](  950): 蔡毅
E/AuxilaryLog[<1361214544>](  950): Within 9km
E/AuxilaryLog[<1361214544>](  950): 世上无难事，只怕用心人。
E/AuxilaryLog[<1361214544>](  950): 世上无难事，只怕用心人。
E/AuxilaryLog[<1361214544>](  950): 真TA的有些累
E/AuxilaryLog[<1361214544>](  950): 梦之缘
E/AuxilaryLog[<1361214544>](  950): 梦之缘
E/AuxilaryLog[<1361214544>](  950): zhangzhongwen
E/AuxilaryLog[<1361214544>](  950): Within 9km
E/AuxilaryLog[<1361214544>](  950): 快乐过好每一分钟
E/AuxilaryLog[<1361214544>](  950): 快乐过好每一分钟
E/AuxilaryLog[<1361214544>](  950): 奋斗，拼博，
E/AuxilaryLog[<1361214544>](  950): 汪洋
E/AuxilaryLog[<1361214544>](  950): 汪洋
E/AuxilaryLog[<1361214544>](  950): 漆仲安
E/AuxilaryLog[<1361214544>](  950): Within 9km
E/AuxilaryLog[<1361214544>](  950): 生活是一种艺术!
E/AuxilaryLog[<1361214544>](  950): 生活是一种艺术!
E/AuxilaryLog[<1361214544>](  950): (⊙o⊙)…看什么看
E/AuxilaryLog[<1361214544>](  950): 珍珍
E/AuxilaryLog[<1361214544>](  950): 珍珍
E/AuxilaryLog[<1361214544>](  950): 发哥
E/AuxilaryLog[<1361214544>](  950): Within 8km
E/AuxilaryLog[<1361214544>](  950): 你若离去，后会无期！
E/AuxilaryLog[<1361214544>](  950): 生活怎么那么累，那么烦！
E/AuxilaryLog[<1361214544>](  950): 你若离去，后会无期！
E/AuxilaryLog[<1361214544>](  950): 生活怎么那么累，那么烦！
E/AuxilaryLog[<1361214544>](  950): 我是一只蜻蜓点过你的湖心！
E/AuxilaryLog[<1361214544>](  950): 飞鹰
E/AuxilaryLog[<1361214544>](  950): 飞鹰
E/AuxilaryLog[<1361214544>](  950): 7K
E/AuxilaryLog[<1361214544>](  950): Within 8km
E/AuxilaryLog[<1361214544>](  950): 地图
E/AuxilaryLog[<1361214544>](  950): 地图
E/AuxilaryLog[<1361214544>](  950): 彬少
E/AuxilaryLog[<1361214544>](  950): Within 8km
E/AuxilaryLog[<1361214544>](  950): 在老家亨几天轻福，谁能给安排相几次亲就刺激了。
E/AuxilaryLog[<1361214544>](  950): 在老家亨几天轻福，谁能给安排相几次亲就刺激了。
E/AuxilaryLog[<1361214544>](  950): 00xx
E/AuxilaryLog[<1361214544>](  950): 高枫
E/AuxilaryLog[<1361214544>](  950): 高枫
E/AuxilaryLog[<1361214544>](  950): 漆仲海
E/AuxilaryLog[<1361214544>](  950): Within 8km
E/AuxilaryLog[<1361214544>](  950): 静待有缘人
E/AuxilaryLog[<1361214544>](  950): 静待有缘人
E/AuxilaryLog[<1361214544>](  950): 国际国内航空运输 进出口报关  第三仓储等   上海
E/AuxilaryLog[<1361214544>](  950): 阿元
E/AuxilaryLog[<1361214544>](  950): 阿元
E/AuxilaryLog[<1361214544>](  950): 蜜糖吥甜
E/AuxilaryLog[<1361214544>](  950): Within 8km
E/AuxilaryLog[<1361214544>](  950): 母亲儿想您了！愿您在天的那边过的都好。天冷别望了多加点衣裳…
E/AuxilaryLog[<1361214544>](  950): 母亲儿想您了！愿您在天的那边过的都好。天冷别望了多加点衣裳…
E/AuxilaryLog[<1361214544>](  950): 甜言蜜語`說鉿左耳聽…
E/AuxilaryLog[<1361214544>](  950): 经历风雨见彩虹
E/AuxilaryLog[<1361214544>](  950): 经历风雨见彩虹
E/AuxilaryLog[<1361214544>](  950): 火星文
E/AuxilaryLog[<1361214544>](  950): Within 8km
E/AuxilaryLog[<1361214544>](  950): 此时对你说对不起，显得那么苍白而无力。
E/AuxilaryLog[<1361214544>](  950): 此时对你说对不起，显得那么苍白而无力。
E/AuxilaryLog[<1361214544>](  950): 有谁才是我知音
E/AuxilaryLog[<1361214544>](  950): ℡不解的等待
E/AuxilaryLog[<1361214544>](  950): ℡不解的等待
E/AuxilaryLog[<1361214544>](  950): 丁荣
E/AuxilaryLog[<1361214544>](  950): Within 8km
E/AuxilaryLog[<1361214544>](  950): 生 活，并不是为了无休不止的工作！ 
E/AuxilaryLog[<1361214544>](  950): 生 活，并不是为了无休不止的工作！ 
E/AuxilaryLog[<1361214544>](  950): 过好现在
E/AuxilaryLog[<1361214544>](  950): 超越梦想
E/AuxilaryLog[<1361214544>](  950): 超越梦想
E/AuxilaryLog[<1361214544>](  950): 随风逐流漂向远方
E/AuxilaryLog[<1361214544>](  950): Within 8km
E/AuxilaryLog[<1361214544>](  950): 我要用我的双手打造我全新的世界！
E/AuxilaryLog[<1361214544>](  950): 我要用我的双手打造我全新的世界！
E/AuxilaryLog[<1361214544>](  950): 下一个永远比上一个好，亲们你认为呢？
E/AuxilaryLog[<1361214544>](  950): 华
E/AuxilaryLog[<1361214544>](  950): 华
E/AuxilaryLog[<1361214544>](  950): 方謙偉
E/AuxilaryLog[<1361214544>](  950): Within 8km
E/AuxilaryLog[<1361214544>](  950): 怪我过分着迷
E/AuxilaryLog[<1361214544>](  950): 怪我过分着迷
E/AuxilaryLog[<1361214544>](  950): 你是我無法觸碰的彼岸花…
E/AuxilaryLog[<1361214544>](  950): 阿正
E/AuxilaryLog[<1361214544>](  950): 阿正
E/AuxilaryLog[<1361214544>](  950): 别多想，，，
E/AuxilaryLog[<1361214544>](  950): Within 8km
E/AuxilaryLog[<1361214544>](  950): 00xx
E/AuxilaryLog[<1361214544>](  950): 00xx
E/AuxilaryLog[<1361214544>](  950): 为什么总是瞎想呀！太累了……
E/AuxilaryLog[<1361214544>](  950): 哈～
E/AuxilaryLog[<1361214544>](  950): 哈～
E/AuxilaryLog[<1361214544>](  950): 孙浩
E/AuxilaryLog[<1361214544>](  950): Within 8km
E/AuxilaryLog[<1361214544>](  950): 额、
E/AuxilaryLog[<1361214544>](  950): 额、
E/AuxilaryLog[<1361214544>](  950): 萝卜青菜各有所爱！
E/AuxilaryLog[<1361214544>](  950): 潘鑫焱
E/AuxilaryLog[<1361214544>](  950): 潘鑫焱
E/AuxilaryLog[<1361214544>](  950): 仙草
E/AuxilaryLog[<1361214544>](  950): Within 7km
E/AuxilaryLog[<1361214544>](  950): 心静自然凉
E/AuxilaryLog[<1361214544>](  950): 心静自然凉
E/AuxilaryLog[<1361214544>](  950): 有缘一切皆有可能
E/AuxilaryLog[<1361214544>](  950): 画地为牢
E/AuxilaryLog[<1361214544>](  950): 画地为牢
E/AuxilaryLog[<1361214544>](  950): 相見恨晚
E/AuxilaryLog[<1361214544>](  950): Within 7km
E/AuxilaryLog[<1361214544>](  950): 做了也是错！不做也是错
E/AuxilaryLog[<1361214544>](  950): 做了也是错！不做也是错
E/AuxilaryLog[<1361214544>](  950): 人生最精彩的不是实现梦想的瞬间，而是坚持梦想的过程。
E/AuxilaryLog[<1361214544>](  950): 我怕我分不清真假
E/AuxilaryLog[<1361214544>](  950): 我怕我分不清真假
E/AuxilaryLog[<1361214544>](  950): 方新
E/AuxilaryLog[<1361214544>](  950): Within 7km
E/AuxilaryLog[<1361214544>](  950): 怪我过分着迷
E/AuxilaryLog[<1361214544>](  950): 怪我过分着迷
E/AuxilaryLog[<1361214544>](  950): 我就是我
E/AuxilaryLog[<1361214544>](  950): 发哥
E/AuxilaryLog[<1361214544>](  950): 发哥
E/AuxilaryLog[<1361214544>](  950): 神奇三彪
E/AuxilaryLog[<1361214544>](  950): Within 7km
E/AuxilaryLog[<1361214544>](  950): 漆仲安
E/AuxilaryLog[<1361214544>](  950): 漆仲安
E/AuxilaryLog[<1361214544>](  950): 姜晓润
E/AuxilaryLog[<1361214544>](  950): Within 7km
E/AuxilaryLog[<1361214544>](  950): (⊙o⊙)…看什么看
E/AuxilaryLog[<1361214544>](  950): (⊙o⊙)…看什么看
E/AuxilaryLog[<1361214544>](  950): 爱那么短，遗忘那么长
E/AuxilaryLog[<1361214544>](  950): zhangzhongwen
E/AuxilaryLog[<1361214544>](  950): zhangzhongwen
E/AuxilaryLog[<1361214544>](  950): 成熟r
E/AuxilaryLog[<1361214544>](  950): Within 7km
E/AuxilaryLog[<1361214544>](  950): 蔡毅
E/AuxilaryLog[<1361214544>](  950): 蔡毅
E/AuxilaryLog[<1361214544>](  950): 豆豆
E/AuxilaryLog[<1361214544>](  950): Within 7km
E/AuxilaryLog[<1361214544>](  950): 真TA的有些累
E/AuxilaryLog[<1361214544>](  950): 真TA的有些累
E/AuxilaryLog[<1361214544>](  950): 老鼠老虎'傻傻分不清楚'小傻妞。。。
E/AuxilaryLog[<1361214544>](  950): 火星文
E/AuxilaryLog[<1361214544>](  950): 火星文
E/AuxilaryLog[<1361214544>](  950): 漆雕長銘
E/AuxilaryLog[<1361214544>](  950): Within 7km
E/AuxilaryLog[<1361214544>](  950): 有谁才是我知音
E/AuxilaryLog[<1361214544>](  950): 有谁才是我知音
E/AuxilaryLog[<1361214544>](  950): 寜靜致遠
E/AuxilaryLog[<1361214544>](  950): 蜜糖吥甜
E/AuxilaryLog[<1361214544>](  950): 蜜糖吥甜
E/AuxilaryLog[<1361214544>](  950): 高
E/AuxilaryLog[<1361214544>](  950): Within 7km
E/AuxilaryLog[<1361214544>](  950): 甜言蜜語`說鉿左耳聽…
E/AuxilaryLog[<1361214544>](  950): 甜言蜜語`說鉿左耳聽…
E/AuxilaryLog[<1361214544>](  950): 妈才是最亲最爱你的人
E/AuxilaryLog[<1361214544>](  950): 漆仲海
E/AuxilaryLog[<1361214544>](  950): 漆仲海
E/AuxilaryLog[<1361214544>](  950): 一切随缘
E/AuxilaryLog[<1361214544>](  950): Within 7km
E/AuxilaryLog[<1361214544>](  950): 国际国内航空运输 进出口报关  第三仓储等   上海
E/AuxilaryLog[<1361214544>](  950): 国际国内航空运输 进出口报关  第三仓储等   上海
E/AuxilaryLog[<1361214544>](  950): 感情是睡出来的，爱情是骗来的
E/AuxilaryLog[<1361214544>](  950): 彬少
E/AuxilaryLog[<1361214544>](  950): 彬少
E/AuxilaryLog[<1361214544>](  950): 北斗
E/AuxilaryLog[<1361214544>](  950): Within 7km
E/AuxilaryLog[<1361214544>](  950): 7K
E/AuxilaryLog[<1361214544>](  950): 7K
E/AuxilaryLog[<1361214544>](  950): 天壤
E/AuxilaryLog[<1361214544>](  950): Within 7km
E/AuxilaryLog[<1361214544>](  950): 别多想，，，
E/AuxilaryLog[<1361214544>](  950): 别多想，，，
E/AuxilaryLog[<1361214544>](  950): miss　you
E/AuxilaryLog[<1361214544>](  950): Within 7km
E/AuxilaryLog[<1361214544>](  950): 为什么总是瞎想呀！太累了……
E/AuxilaryLog[<1361214544>](  950): 为什么总是瞎想呀！太累了……
E/AuxilaryLog[<1361214544>](  950): Your name ,my heart……
E/AuxilaryLog[<1361214544>](  950): 方謙偉
E/AuxilaryLog[<1361214544>](  950): 方謙偉
E/AuxilaryLog[<1361214544>](  950): 七夜
E/AuxilaryLog[<1361214544>](  950): Within 7km
E/AuxilaryLog[<1361214544>](  950): 你是我無法觸碰的彼岸花…
E/AuxilaryLog[<1361214544>](  950): 你是我無法觸碰的彼岸花…
E/AuxilaryLog[<1361214544>](  950): 夜深了该睡了
E/AuxilaryLog[<1361214544>](  950): 随风逐流漂向远方
E/AuxilaryLog[<1361214544>](  950): 随风逐流漂向远方
E/AuxilaryLog[<1361214544>](  950): 系统
E/AuxilaryLog[<1361214544>](  950): Within 7km
E/AuxilaryLog[<1361214544>](  950): 下一个永远比上一个好，亲们你认为呢？
E/AuxilaryLog[<1361214544>](  950): 下一个永远比上一个好，亲们你认为呢？
E/AuxilaryLog[<1361214544>](  950): 只有你懂我
E/AuxilaryLog[<1361214544>](  950): 丁荣
E/AuxilaryLog[<1361214544>](  950): 丁荣
E/AuxilaryLog[<1361214544>](  950): ANE
E/AuxilaryLog[<1361214544>](  950): Within 6km
E/AuxilaryLog[<1361214544>](  950): 方新
E/AuxilaryLog[<1361214544>](  950): 方新
E/AuxilaryLog[<1361214544>](  950): "JoJo
E/AuxilaryLog[<1361214544>](  950): Within 6km
E/AuxilaryLog[<1361214544>](  950): 我就是我
E/AuxilaryLog[<1361214544>](  950): 我就是我
E/AuxilaryLog[<1361214544>](  950): 无锡不去了。
E/AuxilaryLog[<1361214544>](  950): 相見恨晚
E/AuxilaryLog[<1361214544>](  950): 相見恨晚
E/AuxilaryLog[<1361214544>](  950): 罗静
E/AuxilaryLog[<1361214544>](  950): Within 6km
E/AuxilaryLog[<1361214544>](  950): 人生最精彩的不是实现梦想的瞬间，而是坚持梦想的过程。
E/AuxilaryLog[<1361214544>](  950): 人生最精彩的不是实现梦想的瞬间，而是坚持梦想的过程。
E/AuxilaryLog[<1361214544>](  950): 人生有太多的无奈，就让一切顺其自然。新的一年，加油！
E/AuxilaryLog[<1361214544>](  950): 仙草
E/AuxilaryLog[<1361214544>](  950): 仙草
E/AuxilaryLog[<1361214544>](  950): 奋斗
E/AuxilaryLog[<1361214544>](  950): Within 6km
E/AuxilaryLog[<1361214544>](  950): 孙浩
E/AuxilaryLog[<1361214544>](  950): 孙浩
E/AuxilaryLog[<1361214544>](  950): lunatic/。
E/AuxilaryLog[<1361214544>](  950): Within 6km
E/AuxilaryLog[<1361214544>](  950): 萝卜青菜各有所爱！
E/AuxilaryLog[<1361214544>](  950): 萝卜青菜各有所爱！
E/AuxilaryLog[<1361214544>](  950): 快到碗里来~
E/AuxilaryLog[<1361214544>](  950): 豆豆
E/AuxilaryLog[<1361214544>](  950): 豆豆
E/AuxilaryLog[<1361214544>](  950): 小七
E/AuxilaryLog[<1361214544>](  950): Within 6km
E/AuxilaryLog[<1361214544>](  950): 老鼠老虎'傻傻分不清楚'小傻妞。。。
E/AuxilaryLog[<1361214544>](  950): 老鼠老虎'傻傻分不清楚'小傻妞。。。
E/AuxilaryLog[<1361214544>](  950): 享受生活
E/AuxilaryLog[<1361214544>](  950): 成熟r
E/AuxilaryLog[<1361214544>](  950): 成熟r
E/AuxilaryLog[<1361214544>](  950): 忘流年
E/AuxilaryLog[<1361214544>](  950): Within 6km
E/AuxilaryLog[<1361214544>](  950): 奋斗，拼博，
E/AuxilaryLog[<1361214544>](  950): 奋斗，拼博，
E/AuxilaryLog[<1361214544>](  950): 爱无非就是给你伤害我的理由…
E/AuxilaryLog[<1361214544>](  950): 姜晓润
E/AuxilaryLog[<1361214544>](  950): 姜晓润
E/AuxilaryLog[<1361214544>](  950): 毛毛
E/AuxilaryLog[<1361214544>](  950): Within 6km
E/AuxilaryLog[<1361214544>](  950): 爱那么短，遗忘那么长
E/AuxilaryLog[<1361214544>](  950): 爱那么短，遗忘那么长
E/AuxilaryLog[<1361214544>](  950): 大家好才是真的好
E/AuxilaryLog[<1361214544>](  950): 神奇三彪
E/AuxilaryLog[<1361214544>](  950): 神奇三彪
E/AuxilaryLog[<1361214544>](  950): 马刚
E/AuxilaryLog[<1361214544>](  950): Within 6km
E/AuxilaryLog[<1361214544>](  950): 天壤
E/AuxilaryLog[<1361214544>](  950): 天壤
E/AuxilaryLog[<1361214544>](  950): 心碎男孩
E/AuxilaryLog[<1361214544>](  950): Within 6km
E/AuxilaryLog[<1361214544>](  950): 知足常乐，平安是福！
E/AuxilaryLog[<1361214544>](  950): 知足常乐，平安是福！
E/AuxilaryLog[<1361214544>](  950): 爱情就像捡贝壳一样，不要捡最美的最好的，要捡自己最喜欢的，
E/AuxilaryLog[<1361214544>](  950): 北斗
E/AuxilaryLog[<1361214544>](  950): 北斗
E/AuxilaryLog[<1361214544>](  950): 90后
E/AuxilaryLog[<1361214544>](  950): Within 6km
E/AuxilaryLog[<1361214544>](  950): 00xx
E/AuxilaryLog[<1361214544>](  950): 00xx
E/AuxilaryLog[<1361214544>](  950): 感觉这样真的好累，我是不是该换个环境了
E/AuxilaryLog[<1361214544>](  950): 一切随缘
E/AuxilaryLog[<1361214544>](  950): 一切随缘
E/AuxilaryLog[<1361214544>](  950): Dingli
E/AuxilaryLog[<1361214544>](  950): Within 6km
E/AuxilaryLog[<1361214544>](  950): 感情是睡出来的，爱情是骗来的
E/AuxilaryLog[<1361214544>](  950): 感情是睡出来的，爱情是骗来的
E/AuxilaryLog[<1361214544>](  950): Do not let up one's attack of the failing enemy
E/AuxilaryLog[<1361214544>](  950): 高
E/AuxilaryLog[<1361214544>](  950): 高
E/AuxilaryLog[<1361214544>](  950): 莫问
E/AuxilaryLog[<1361214544>](  950): Within 6km
E/AuxilaryLog[<1361214544>](  950): 漆雕長銘
E/AuxilaryLog[<1361214544>](  950): 漆雕長銘
E/AuxilaryLog[<1361214544>](  950): ——Helios
E/AuxilaryLog[<1361214544>](  950): Within 6km
E/AuxilaryLog[<1361214544>](  950): 寜靜致遠
E/AuxilaryLog[<1361214544>](  950): 寜靜致遠
E/AuxilaryLog[<1361214544>](  950): 人活在世界上不需理会别人的看法……做好自己该做的事就行了！
E/AuxilaryLog[<1361214544>](  950): miss　you
E/AuxilaryLog[<1361214544>](  950): miss　you
E/AuxilaryLog[<1361214544>](  950): 寂寞小男人
E/AuxilaryLog[<1361214544>](  950): Within 5km
E/AuxilaryLog[<1361214544>](  950): 七夜
E/AuxilaryLog[<1361214544>](  950): 七夜
E/AuxilaryLog[<1361214544>](  950): 李恒
E/AuxilaryLog[<1361214544>](  950): Within 5km
E/AuxilaryLog[<1361214544>](  950): "JoJo
E/AuxilaryLog[<1361214544>](  950): "JoJo
E/AuxilaryLog[<1361214544>](  950): 李昭
E/AuxilaryLog[<1361214544>](  950): Within 5km
E/AuxilaryLog[<1361214544>](  950): 无锡不去了。
E/AuxilaryLog[<1361214544>](  950): 无锡不去了。
E/AuxilaryLog[<1361214544>](  950): ¿
E/AuxilaryLog[<1361214544>](  950): ANE
E/AuxilaryLog[<1361214544>](  950): ANE
E/AuxilaryLog[<1361214544>](  950): 李新焕
E/AuxilaryLog[<1361214544>](  950): Within 5km
E/AuxilaryLog[<1361214544>](  950): 系统
E/AuxilaryLog[<1361214544>](  950): 系统
E/AuxilaryLog[<1361214544>](  950): 张亚辉
E/AuxilaryLog[<1361214544>](  950): Within 5km
E/AuxilaryLog[<1361214544>](  950): 只有你懂我
E/AuxilaryLog[<1361214544>](  950): 只有你懂我
E/AuxilaryLog[<1361214544>](  950): 你潇洒的走了！可我还是舍不得，放不开……
E/AuxilaryLog[<1361214544>](  950): 罗静
E/AuxilaryLog[<1361214544>](  950): 罗静
E/AuxilaryLog[<1361214544>](  950): 低调
E/AuxilaryLog[<1361214544>](  950): Within 5km
E/AuxilaryLog[<1361214544>](  950): lunatic/。
E/AuxilaryLog[<1361214544>](  950): lunatic/。
E/AuxilaryLog[<1361214544>](  950): 孤单
E/AuxilaryLog[<1361214544>](  950): Within 5km
E/AuxilaryLog[<1361214544>](  950): 奋斗
E/AuxilaryLog[<1361214544>](  950): 奋斗
E/AuxilaryLog[<1361214544>](  950): 无与伦比
E/AuxilaryLog[<1361214544>](  950): Within 5km
E/AuxilaryLog[<1361214544>](  950): 有缘一切皆有可能
E/AuxilaryLog[<1361214544>](  950): 有缘一切皆有可能
E/AuxilaryLog[<1361214544>](  950): 努力不一定成功，但是放弃一定失败
E/AuxilaryLog[<1361214544>](  950): 忘流年
E/AuxilaryLog[<1361214544>](  950): 忘流年
E/AuxilaryLog[<1361214544>](  950): 迟了
E/AuxilaryLog[<1361214544>](  950): Within 5km
E/AuxilaryLog[<1361214544>](  950): 爱无非就是给你伤害我的理由…
E/AuxilaryLog[<1361214544>](  950): 爱无非就是给你伤害我的理由…
E/AuxilaryLog[<1361214544>](  950): 迟了……一切都迟了……
E/AuxilaryLog[<1361214544>](  950): 小七
E/AuxilaryLog[<1361214544>](  950): 小七
E/AuxilaryLog[<1361214544>](  950): 晨徒路人甲
E/AuxilaryLog[<1361214544>](  950): Within 5km
E/AuxilaryLog[<1361214544>](  950): 享受生活
E/AuxilaryLog[<1361214544>](  950): 享受生活
E/AuxilaryLog[<1361214544>](  950): 大爷的哥终于适应过来了
E/AuxilaryLog[<1361214545>](  950): 毛毛
E/AuxilaryLog[<1361214545>](  950): 毛毛
E/AuxilaryLog[<1361214545>](  950): "背影ゝ诠释誰的沉沦ヽ
E/AuxilaryLog[<1361214545>](  950): Within 5km
E/AuxilaryLog[<1361214545>](  950): 大家好才是真的好
E/AuxilaryLog[<1361214545>](  950): 大家好才是真的好
E/AuxilaryLog[<1361214545>](  950): 　　命运的意思是，处境选择你而不是其它
E/AuxilaryLog[<1361214545>](  950): Dingli
E/AuxilaryLog[<1361214545>](  950): Dingli
E/AuxilaryLog[<1361214545>](  950): ！！！！
E/AuxilaryLog[<1361214545>](  950): Within 5km
E/AuxilaryLog[<1361214545>](  950): Do not let up one's attack of the failing enemy
E/AuxilaryLog[<1361214545>](  950): Do not let up one's attack of the failing enemy
E/AuxilaryLog[<1361214545>](  950): 杨俊
E/AuxilaryLog[<1361214545>](  950): 90后
E/AuxilaryLog[<1361214545>](  950): 90后
E/AuxilaryLog[<1361214545>](  950): 潘锡良
E/AuxilaryLog[<1361214545>](  950): Within 5km
E/AuxilaryLog[<1361214545>](  950): 感觉这样真的好累，我是不是该换个环境了
E/AuxilaryLog[<1361214545>](  950): 感觉这样真的好累，我是不是该换个环境了
E/AuxilaryLog[<1361214545>](  950): 嘻嘻
E/AuxilaryLog[<1361214545>](  950): 心碎男孩
E/AuxilaryLog[<1361214545>](  950): 心碎男孩
E/AuxilaryLog[<1361214545>](  950): ●才叔℡
E/AuxilaryLog[<1361214545>](  950): Within 5km
E/AuxilaryLog[<1361214545>](  950): 爱情就像捡贝壳一样，不要捡最美的最好的，要捡自己最喜欢的，
E/AuxilaryLog[<1361214545>](  950): 爱情就像捡贝壳一样，不要捡最美的最好的，要捡自己最喜欢的，
E/AuxilaryLog[<1361214545>](  950): 孤独的沉思者…
E/AuxilaryLog[<1361214545>](  950): 马刚
E/AuxilaryLog[<1361214545>](  950): 马刚
E/AuxilaryLog[<1361214545>](  950): 杨燕
E/AuxilaryLog[<1361214545>](  950): Within 5km
E/AuxilaryLog[<1361214545>](  950): 我是一只蜻蜓点过你的湖心！
