E/AuxilaryLog[<1361209068>](  950): 七夜
E/AuxilaryLog[<1361209068>](  950): 七夜
E/AuxilaryLog[<1361209068>](  950): 李昭
E/AuxilaryLog[<1361209068>](  950): Within 5km
E/AuxilaryLog[<1361209068>](  950): 夜深了该睡了
E/AuxilaryLog[<1361209068>](  950): 夜深了该睡了
E/AuxilaryLog[<1361209068>](  950): ¿
E/AuxilaryLog[<1361209068>](  950): 系统
E/AuxilaryLog[<1361209068>](  950): 系统
E/AuxilaryLog[<1361209068>](  950): 李新焕
E/AuxilaryLog[<1361209068>](  950): Within 5km
E/AuxilaryLog[<1361209068>](  950): ANE
E/AuxilaryLog[<1361209068>](  950): ANE
E/AuxilaryLog[<1361209068>](  950): 张亚辉
E/AuxilaryLog[<1361209068>](  950): Within 5km
E/AuxilaryLog[<1361209068>](  950): 你是我無法觸碰的彼岸花…
E/AuxilaryLog[<1361209068>](  950): 你是我無法觸碰的彼岸花…
E/AuxilaryLog[<1361209068>](  950): 你潇洒的走了！可我还是舍不得，放不开……
E/AuxilaryLog[<1361209068>](  950): "JoJo
E/AuxilaryLog[<1361209068>](  950): "JoJo
E/AuxilaryLog[<1361209068>](  950): 低调
E/AuxilaryLog[<1361209068>](  950): Within 5km
E/AuxilaryLog[<1361209068>](  950): 罗静
E/AuxilaryLog[<1361209068>](  950): 罗静
E/AuxilaryLog[<1361209068>](  950): 孤单
E/AuxilaryLog[<1361209068>](  950): Within 5km
E/AuxilaryLog[<1361209068>](  950): 奋斗
E/AuxilaryLog[<1361209068>](  950): 奋斗
E/AuxilaryLog[<1361209068>](  950): 无与伦比
E/AuxilaryLog[<1361209068>](  950): Within 5km
E/AuxilaryLog[<1361209068>](  950): 有缘一切皆有可能
E/AuxilaryLog[<1361209068>](  950): 有缘一切皆有可能
E/AuxilaryLog[<1361209068>](  950): 努力不一定成功，但是放弃一定失败
E/AuxilaryLog[<1361209068>](  950): lunatic/。
E/AuxilaryLog[<1361209068>](  950): lunatic/。
E/AuxilaryLog[<1361209068>](  950): 迟了
E/AuxilaryLog[<1361209068>](  950): Within 5km
E/AuxilaryLog[<1361209068>](  950): 快到碗里来~
E/AuxilaryLog[<1361209068>](  950): 快到碗里来~
E/AuxilaryLog[<1361209068>](  950): 迟了……一切都迟了……
E/AuxilaryLog[<1361209068>](  950): 小七
E/AuxilaryLog[<1361209068>](  950): 小七
E/AuxilaryLog[<1361209068>](  950): 晨徒路人甲
E/AuxilaryLog[<1361209068>](  950): Within 5km
E/AuxilaryLog[<1361209068>](  950): 享受生活
E/AuxilaryLog[<1361209068>](  950): 享受生活
E/AuxilaryLog[<1361209068>](  950): 大爷的哥终于适应过来了
E/AuxilaryLog[<1361209068>](  950): 忘流年
E/AuxilaryLog[<1361209068>](  950): 忘流年
E/AuxilaryLog[<1361209068>](  950): "背影ゝ诠释誰的沉沦ヽ
E/AuxilaryLog[<1361209068>](  950): Within 5km
E/AuxilaryLog[<1361209068>](  950): 爱无非就是给你伤害我的理由…
E/AuxilaryLog[<1361209068>](  950): 爱无非就是给你伤害我的理由…
E/AuxilaryLog[<1361209068>](  950): 　　命运的意思是，处境选择你而不是其它
E/AuxilaryLog[<1361209068>](  950): 毛毛
E/AuxilaryLog[<1361209068>](  950): 毛毛
E/AuxilaryLog[<1361209068>](  950): ！！！！
E/AuxilaryLog[<1361209068>](  950): Within 5km
E/AuxilaryLog[<1361209068>](  950): 大家好才是真的好
E/AuxilaryLog[<1361209068>](  950): 大家好才是真的好
E/AuxilaryLog[<1361209068>](  950): 杨俊
E/AuxilaryLog[<1361209068>](  950): 马刚
E/AuxilaryLog[<1361209068>](  950): 马刚
E/AuxilaryLog[<1361209068>](  950): 潘锡良
E/AuxilaryLog[<1361209068>](  950): Within 5km
E/AuxilaryLog[<1361209068>](  950): 嘻嘻
E/AuxilaryLog[<1361209068>](  950): 嘻嘻
E/AuxilaryLog[<1361209068>](  950): 嘻嘻
E/AuxilaryLog[<1361209069>](  950): 心碎男孩
E/AuxilaryLog[<1361209069>](  950): 心碎男孩
E/AuxilaryLog[<1361209069>](  950): ●才叔℡
E/AuxilaryLog[<1361209069>](  950): Within 5km
E/AuxilaryLog[<1361209069>](  950): 爱情就像捡贝壳一样，不要捡最美的最好的，要捡自己最喜欢的，
E/AuxilaryLog[<1361209069>](  950): 爱情就像捡贝壳一样，不要捡最美的最好的，要捡自己最喜欢的，
E/AuxilaryLog[<1361209069>](  950): 孤独的沉思者…
E/AuxilaryLog[<1361209069>](  950): 90后
E/AuxilaryLog[<1361209069>](  950): 90后
E/AuxilaryLog[<1361209069>](  950): 杨燕
E/AuxilaryLog[<1361209069>](  950): Within 5km
E/AuxilaryLog[<1361209069>](  950): 感觉这样真的好累，我是不是该换个环境了
E/AuxilaryLog[<1361209069>](  950): 感觉这样真的好累，我是不是该换个环境了
E/AuxilaryLog[<1361209069>](  950): 随着时间的流失，梦想变成现实，下步又要走向哪里.
E/AuxilaryLog[<1361209069>](  950): Dingli
E/AuxilaryLog[<1361209069>](  950): Dingli
E/AuxilaryLog[<1361209069>](  950): 胜
E/AuxilaryLog[<1361209069>](  950): Within 5km
E/AuxilaryLog[<1361209069>](  950): Do not let up one's attack of the failing enemy
E/AuxilaryLog[<1361209069>](  950): Do not let up one's attack of the failing enemy
E/AuxilaryLog[<1361209069>](  950): 奋斗！！！！
E/AuxilaryLog[<1361209069>](  950): 莫问
E/AuxilaryLog[<1361209069>](  950): 莫问
E/AuxilaryLog[<1361209069>](  950): 抱紧了我让我心痛
E/AuxilaryLog[<1361209069>](  950): Within 4km
E/AuxilaryLog[<1361209069>](  950): 感情是睡出来的，爱情是骗来的
E/AuxilaryLog[<1361209069>](  950): 感情是睡出来的，爱情是骗来的
E/AuxilaryLog[<1361209069>](  950): 离开了这个地方'还真的有点怀念'有点舍不得
E/AuxilaryLog[<1361209069>](  950): ——Helios
E/AuxilaryLog[<1361209069>](  950): ——Helios
E/AuxilaryLog[<1361209069>](  950): 罗刚
E/AuxilaryLog[<1361209069>](  950): Within 4km
E/AuxilaryLog[<1361209069>](  950): 人活在世界上不需理会别人的看法……做好自己该做的事就行了！
E/AuxilaryLog[<1361209069>](  950): 人活在世界上不需理会别人的看法……做好自己该做的事就行了！
E/AuxilaryLog[<1361209069>](  950): 只在乎那些在乎我的人！
E/AuxilaryLog[<1361209069>](  950): 寂寞小男人
E/AuxilaryLog[<1361209069>](  950): 寂寞小男人
E/AuxilaryLog[<1361209069>](  950): ╄→  靑 ěг℡
E/AuxilaryLog[<1361209069>](  950): Within 4km
E/AuxilaryLog[<1361209069>](  950): 李恒
E/AuxilaryLog[<1361209069>](  950): 李恒
E/AuxilaryLog[<1361209069>](  950): 剑客
E/AuxilaryLog[<1361209069>](  950): Within 4km
E/AuxilaryLog[<1361209069>](  950): Your name ,my heart……
E/AuxilaryLog[<1361209069>](  950): Your name ,my heart……
E/AuxilaryLog[<1361209069>](  950): 幸福是一种心态,领悟了,放下了,就幸福,,,,
E/AuxilaryLog[<1361209069>](  950): 李昭
E/AuxilaryLog[<1361209069>](  950): 李昭
E/AuxilaryLog[<1361209069>](  950): 胡磊
E/AuxilaryLog[<1361209069>](  950): Within 4km
E/AuxilaryLog[<1361209069>](  950): ¿
E/AuxilaryLog[<1361209069>](  950): ¿
E/AuxilaryLog[<1361209069>](  950): 在茫茫人海寻一知己，得之我幸，不得我命…
E/AuxilaryLog[<1361209069>](  950): 李新焕
E/AuxilaryLog[<1361209069>](  950): 李新焕
E/AuxilaryLog[<1361209069>](  950): 吴作富.
E/AuxilaryLog[<1361209069>](  950): Within 4km
E/AuxilaryLog[<1361209069>](  950): 张亚辉
E/AuxilaryLog[<1361209069>](  950): 张亚辉
E/AuxilaryLog[<1361209069>](  950): Anmy
E/AuxilaryLog[<1361209069>](  950): Within 4km
E/AuxilaryLog[<1361209069>](  950): 你潇洒的走了！可我还是舍不得，放不开……
E/AuxilaryLog[<1361209069>](  950): 你潇洒的走了！可我还是舍不得，放不开……
E/AuxilaryLog[<1361209069>](  950): 这几天有开车去上海的吗？把我带上啊！
E/AuxilaryLog[<1361209069>](  950): 低调
E/AuxilaryLog[<1361209069>](  950): 低调
E/AuxilaryLog[<1361209069>](  950): 墨斗鱼
E/AuxilaryLog[<1361209069>](  950): Within 4km
E/AuxilaryLog[<1361209069>](  950): 无锡不去了。
E/AuxilaryLog[<1361209069>](  950): 无锡不去了。
E/AuxilaryLog[<1361209069>](  950): 思想就像内裤，要有，但不能逢人就证明你有。
E/AuxilaryLog[<1361209069>](  950): 孤单
E/AuxilaryLog[<1361209069>](  950): 孤单
E/AuxilaryLog[<1361209069>](  950): 小久
E/AuxilaryLog[<1361209069>](  950): Within 4km
E/AuxilaryLog[<1361209070>](  950): 无与伦比
E/AuxilaryLog[<1361209070>](  950): 无与伦比
E/AuxilaryLog[<1361209070>](  950): 艾
E/AuxilaryLog[<1361209070>](  950): Within 4km
E/AuxilaryLog[<1361209070>](  950): 努力不一定成功，但是放弃一定失败
E/AuxilaryLog[<1361209070>](  950): 努力不一定成功，但是放弃一定失败
E/AuxilaryLog[<1361209070>](  950): 因爱生恨
E/AuxilaryLog[<1361209070>](  950): 迟了
E/AuxilaryLog[<1361209070>](  950): 迟了
E/AuxilaryLog[<1361209070>](  950): 等待，爱情。来敲门
E/AuxilaryLog[<1361209070>](  950): Within 4km
E/AuxilaryLog[<1361209070>](  950): 迟了……一切都迟了……
E/AuxilaryLog[<1361209070>](  950): 迟了……一切都迟了……
E/AuxilaryLog[<1361209070>](  950): 喜欢安静 静静地享受安静
E/AuxilaryLog[<1361209070>](  950): 晨徒路人甲
E/AuxilaryLog[<1361209070>](  950): 晨徒路人甲
E/AuxilaryLog[<1361209070>](  950): 周晓苏
E/AuxilaryLog[<1361209070>](  950): Within 3km
E/AuxilaryLog[<1361209070>](  950): 大爷的哥终于适应过来了
E/AuxilaryLog[<1361209070>](  950): 大爷的哥终于适应过来了
E/AuxilaryLog[<1361209070>](  950): 希望我的她能早点出现。
E/AuxilaryLog[<1361209070>](  950): "背影ゝ诠释誰的沉沦ヽ
E/AuxilaryLog[<1361209070>](  950): "背影ゝ诠释誰的沉沦ヽ
E/AuxilaryLog[<1361209070>](  950): 周敏杰
E/AuxilaryLog[<1361209070>](  950): Within 3km
E/AuxilaryLog[<1361209070>](  950): 　　命运的意思是，处境选择你而不是其它
E/AuxilaryLog[<1361209070>](  950): 　　命运的意思是，处境选择你而不是其它
E/AuxilaryLog[<1361209070>](  950): 呵呵
E/AuxilaryLog[<1361209070>](  950): ！！！！
E/AuxilaryLog[<1361209070>](  950): ！！！！
E/AuxilaryLog[<1361209070>](  950): 罗娟
E/AuxilaryLog[<1361209070>](  950): Within 3km
E/AuxilaryLog[<1361209070>](  950): 潘锡良
E/AuxilaryLog[<1361209070>](  950): 潘锡良
E/AuxilaryLog[<1361209070>](  950): RYS
E/AuxilaryLog[<1361209070>](  950): Within 500m
E/AuxilaryLog[<1361209070>](  950): 嘻嘻
E/AuxilaryLog[<1361209070>](  950): 嘻嘻
E/AuxilaryLog[<1361209070>](  950): 年年岁岁春相似，岁岁年年人不同
D/dalvikvm(  950): GC_CONCURRENT freed 1738K, 15% free 10631K/12487K, paused 0ms+2ms, total 7ms
E/AuxilaryLog[<1361209073>](  950): 杨燕
E/AuxilaryLog[<1361209073>](  950): 杨燕
E/AuxilaryLog[<1361209073>](  950): 杨燕
E/AuxilaryLog[<1361209073>](  950): Within 5km
E/AuxilaryLog[<1361209073>](  950): 随着时间的流失，梦想变成现实，下步又要走向哪里.
E/AuxilaryLog[<1361209073>](  950): 随着时间的流失，梦想变成现实，下步又要走向哪里.
E/AuxilaryLog[<1361209073>](  950): 随着时间的流失，梦想变成现实，下步又要走向哪里.
E/AuxilaryLog[<1361209073>](  950): ●才叔℡
E/AuxilaryLog[<1361209073>](  950): ●才叔℡
E/AuxilaryLog[<1361209073>](  950): ●才叔℡
E/AuxilaryLog[<1361209073>](  950): Within 5km
E/AuxilaryLog[<1361209073>](  950): 孤独的沉思者…
E/AuxilaryLog[<1361209073>](  950): 孤独的沉思者…
E/AuxilaryLog[<1361209073>](  950): 孤独的沉思者…
E/AuxilaryLog[<1361209073>](  950): RYS
E/AuxilaryLog[<1361209073>](  950): RYS
E/AuxilaryLog[<1361209073>](  950): 潘锡良
E/AuxilaryLog[<1361209073>](  950): Within 5km
E/AuxilaryLog[<1361209073>](  950): 年年岁岁春相似，岁岁年年人不同
E/AuxilaryLog[<1361209073>](  950): 年年岁岁春相似，岁岁年年人不同
E/AuxilaryLog[<1361209073>](  950): 嘻嘻
E/AuxilaryLog[<1361209073>](  950): 罗娟
E/AuxilaryLog[<1361209073>](  950): 罗娟
E/AuxilaryLog[<1361209073>](  950): ！！！！
E/AuxilaryLog[<1361209073>](  950): Within 5km
E/AuxilaryLog[<1361209073>](  950): 杨俊
E/AuxilaryLog[<1361209073>](  950): 杨俊
E/AuxilaryLog[<1361209073>](  950): 杨俊
E/AuxilaryLog[<1361209073>](  950): 周敏杰
E/AuxilaryLog[<1361209073>](  950): 周敏杰
E/AuxilaryLog[<1361209073>](  950): "背影ゝ诠释誰的沉沦ヽ
E/AuxilaryLog[<1361209073>](  950): Within 5km
E/AuxilaryLog[<1361209073>](  950): 呵呵
E/AuxilaryLog[<1361209073>](  950): 呵呵
E/AuxilaryLog[<1361209073>](  950): 　　命运的意思是，处境选择你而不是其它
E/AuxilaryLog[<1361209073>](  950): 周晓苏
E/AuxilaryLog[<1361209073>](  950): 周晓苏
E/AuxilaryLog[<1361209073>](  950): 晨徒路人甲
E/AuxilaryLog[<1361209073>](  950): Within 5km
E/AuxilaryLog[<1361209073>](  950): 希望我的她能早点出现。
E/AuxilaryLog[<1361209073>](  950): 希望我的她能早点出现。
E/AuxilaryLog[<1361209073>](  950): 大爷的哥终于适应过来了
E/AuxilaryLog[<1361209074>](  950): 等待，爱情。来敲门
E/AuxilaryLog[<1361209074>](  950): 等待，爱情。来敲门
E/AuxilaryLog[<1361209074>](  950): 迟了
E/AuxilaryLog[<1361209074>](  950): Within 5km
E/AuxilaryLog[<1361209074>](  950): 喜欢安静 静静地享受安静
E/AuxilaryLog[<1361209074>](  950): 喜欢安静 静静地享受安静
E/AuxilaryLog[<1361209074>](  950): 迟了……一切都迟了……
E/AuxilaryLog[<1361209074>](  950): 艾
E/AuxilaryLog[<1361209074>](  950): 艾
E/AuxilaryLog[<1361209074>](  950): 无与伦比
E/AuxilaryLog[<1361209074>](  950): Within 5km
E/AuxilaryLog[<1361209074>](  950): 因爱生恨
E/AuxilaryLog[<1361209074>](  950): 因爱生恨
E/AuxilaryLog[<1361209074>](  950): 努力不一定成功，但是放弃一定失败
E/AuxilaryLog[<1361209074>](  950): 小久
E/AuxilaryLog[<1361209074>](  950): 小久
E/AuxilaryLog[<1361209074>](  950): 孤单
E/AuxilaryLog[<1361209074>](  950): Within 5km
E/AuxilaryLog[<1361209074>](  950): 墨斗鱼
E/AuxilaryLog[<1361209074>](  950): 墨斗鱼
E/AuxilaryLog[<1361209074>](  950): 低调
E/AuxilaryLog[<1361209074>](  950): Within 5km
E/AuxilaryLog[<1361209074>](  950): Anmy
E/AuxilaryLog[<1361209074>](  950): Anmy
E/AuxilaryLog[<1361209074>](  950): 张亚辉
E/AuxilaryLog[<1361209074>](  950): Within 5km
E/AuxilaryLog[<1361209074>](  950): 这几天有开车去上海的吗？把我带上啊！
E/AuxilaryLog[<1361209074>](  950): 这几天有开车去上海的吗？把我带上啊！
E/AuxilaryLog[<1361209074>](  950): 你潇洒的走了！可我还是舍不得，放不开……
E/AuxilaryLog[<1361209074>](  950): 吴作富.
E/AuxilaryLog[<1361209074>](  950): 吴作富.
E/AuxilaryLog[<1361209074>](  950): 李新焕
E/AuxilaryLog[<1361209074>](  950): Within 5km
E/AuxilaryLog[<1361209074>](  950): 胡磊
E/AuxilaryLog[<1361209074>](  950): 胡磊
E/AuxilaryLog[<1361209074>](  950): 李昭
E/AuxilaryLog[<1361209074>](  950): Within 5km
E/AuxilaryLog[<1361209074>](  950): 在茫茫人海寻一知己，得之我幸，不得我命…
E/AuxilaryLog[<1361209074>](  950): 在茫茫人海寻一知己，得之我幸，不得我命…
E/AuxilaryLog[<1361209074>](  950): ¿
E/AuxilaryLog[<1361209074>](  950): 剑客
E/AuxilaryLog[<1361209074>](  950): 剑客
E/AuxilaryLog[<1361209074>](  950): 李恒
E/AuxilaryLog[<1361209074>](  950): Within 5km
E/AuxilaryLog[<1361209074>](  950): ╄→  靑 ěг℡
E/AuxilaryLog[<1361209074>](  950): ╄→  靑 ěг℡
E/AuxilaryLog[<1361209074>](  950): 寂寞小男人
E/AuxilaryLog[<1361209074>](  950): Within 5km
E/AuxilaryLog[<1361209074>](  950): 罗刚
E/AuxilaryLog[<1361209074>](  950): 罗刚
E/AuxilaryLog[<1361209074>](  950): ——Helios
E/AuxilaryLog[<1361209074>](  950): Within 6km
E/AuxilaryLog[<1361209074>](  950): 只在乎那些在乎我的人！
E/AuxilaryLog[<1361209074>](  950): 只在乎那些在乎我的人！
E/AuxilaryLog[<1361209074>](  950): 人活在世界上不需理会别人的看法……做好自己该做的事就行了！
E/AuxilaryLog[<1361209074>](  950): 抱紧了我让我心痛
E/AuxilaryLog[<1361209074>](  950): 抱紧了我让我心痛
E/AuxilaryLog[<1361209074>](  950): 莫问
E/AuxilaryLog[<1361209074>](  950): Within 6km
E/AuxilaryLog[<1361209074>](  950): 胜
E/AuxilaryLog[<1361209074>](  950): 胜
E/AuxilaryLog[<1361209074>](  950): Dingli
E/AuxilaryLog[<1361209074>](  950): Within 6km
E/AuxilaryLog[<1361209074>](  950): 奋斗！！！！
E/AuxilaryLog[<1361209074>](  950): 奋斗！！！！
E/AuxilaryLog[<1361209074>](  950): Do not let up one's attack of the failing enemy
E/AuxilaryLog[<1361209075>](  950): 杨燕
E/AuxilaryLog[<1361209075>](  950): 杨燕
E/AuxilaryLog[<1361209075>](  950): 90后
E/AuxilaryLog[<1361209075>](  950): Within 6km
E/AuxilaryLog[<1361209075>](  950): 随着时间的流失，梦想变成现实，下步又要走向哪里.
E/AuxilaryLog[<1361209075>](  950): 随着时间的流失，梦想变成现实，下步又要走向哪里.
E/AuxilaryLog[<1361209075>](  950): 感觉这样真的好累，我是不是该换个环境了
E/AuxilaryLog[<1361209075>](  950): ●才叔℡
E/AuxilaryLog[<1361209075>](  950): ●才叔℡
E/AuxilaryLog[<1361209075>](  950): 心碎男孩
E/AuxilaryLog[<1361209075>](  950): Within 6km
E/AuxilaryLog[<1361209075>](  950): 孤独的沉思者…
E/AuxilaryLog[<1361209075>](  950): 孤独的沉思者…
E/AuxilaryLog[<1361209075>](  950): 爱情就像捡贝壳一样，不要捡最美的最好的，要捡自己最喜欢的，
E/AuxilaryLog[<1361209075>](  950): 潘锡良
E/AuxilaryLog[<1361209075>](  950): 潘锡良
E/AuxilaryLog[<1361209075>](  950): 马刚
E/AuxilaryLog[<1361209075>](  950): Within 6km
E/AuxilaryLog[<1361209075>](  950): ！！！！
E/AuxilaryLog[<1361209075>](  950): ！！！！
E/AuxilaryLog[<1361209075>](  950): 毛毛
E/AuxilaryLog[<1361209075>](  950): Within 6km
E/AuxilaryLog[<1361209075>](  950): 杨俊
E/AuxilaryLog[<1361209075>](  950): 杨俊
E/AuxilaryLog[<1361209075>](  950): 大家好才是真的好
E/AuxilaryLog[<1361209075>](  950): "背影ゝ诠释誰的沉沦ヽ
E/AuxilaryLog[<1361209075>](  950): "背影ゝ诠释誰的沉沦ヽ
E/AuxilaryLog[<1361209075>](  950): 忘流年
E/AuxilaryLog[<1361209075>](  950): Within 6km
E/AuxilaryLog[<1361209075>](  950): 　　命运的意思是，处境选择你而不是其它
E/AuxilaryLog[<1361209075>](  950): 　　命运的意思是，处境选择你而不是其它
E/AuxilaryLog[<1361209075>](  950): 爱无非就是给你伤害我的理由…
E/AuxilaryLog[<1361209075>](  950): 晨徒路人甲
E/AuxilaryLog[<1361209075>](  950): 晨徒路人甲
E/AuxilaryLog[<1361209075>](  950): 小七
E/AuxilaryLog[<1361209075>](  950): Within 6km
E/AuxilaryLog[<1361209075>](  950): 大爷的哥终于适应过来了
E/AuxilaryLog[<1361209075>](  950): 大爷的哥终于适应过来了
E/AuxilaryLog[<1361209075>](  950): 享受生活
E/AuxilaryLog[<1361209075>](  950): 迟了
E/AuxilaryLog[<1361209075>](  950): 迟了
E/AuxilaryLog[<1361209075>](  950): lunatic/。
E/AuxilaryLog[<1361209075>](  950): Within 6km
E/AuxilaryLog[<1361209075>](  950): 迟了……一切都迟了……
E/AuxilaryLog[<1361209075>](  950): 迟了……一切都迟了……
E/AuxilaryLog[<1361209075>](  950): 快到碗里来~
E/AuxilaryLog[<1361209075>](  950): 无与伦比
E/AuxilaryLog[<1361209075>](  950): 无与伦比
E/AuxilaryLog[<1361209075>](  950): 奋斗
E/AuxilaryLog[<1361209075>](  950): Within 6km
E/AuxilaryLog[<1361209075>](  950): 孤单
E/AuxilaryLog[<1361209075>](  950): 孤单
E/AuxilaryLog[<1361209075>](  950): 罗静
E/AuxilaryLog[<1361209075>](  950): Within 6km
E/AuxilaryLog[<1361209075>](  950): 人生有太多的无奈，就让一切顺其自然。新的一年，加油！
E/AuxilaryLog[<1361209075>](  950): 人生有太多的无奈，就让一切顺其自然。新的一年，加油！
E/AuxilaryLog[<1361209075>](  950): 人生有太多的无奈，就让一切顺其自然。新的一年，加油！
E/AuxilaryLog[<1361209075>](  950): 低调
E/AuxilaryLog[<1361209075>](  950): 低调
E/AuxilaryLog[<1361209075>](  950): "JoJo
E/AuxilaryLog[<1361209075>](  950): Within 6km
E/AuxilaryLog[<1361209075>](  950): 思想就像内裤，要有，但不能逢人就证明你有。
E/AuxilaryLog[<1361209075>](  950): 思想就像内裤，要有，但不能逢人就证明你有。
E/AuxilaryLog[<1361209075>](  950): 无锡不去了。
E/AuxilaryLog[<1361209075>](  950): 张亚辉
E/AuxilaryLog[<1361209075>](  950): 张亚辉
E/AuxilaryLog[<1361209075>](  950): ANE
E/AuxilaryLog[<1361209075>](  950): Within 6km
E/AuxilaryLog[<1361209075>](  950): 李新焕
E/AuxilaryLog[<1361209075>](  950): 李新焕
E/AuxilaryLog[<1361209075>](  950): 系统
E/AuxilaryLog[<1361209075>](  950): Within 7km
E/AuxilaryLog[<1361209075>](  950): 只有你懂我
E/AuxilaryLog[<1361209075>](  950): 只有你懂我
E/AuxilaryLog[<1361209075>](  950): 只有你懂我
E/AuxilaryLog[<1361209076>](  950): 李昭
E/AuxilaryLog[<1361209076>](  950): 李昭
E/AuxilaryLog[<1361209076>](  950): 七夜
E/AuxilaryLog[<1361209076>](  950): Within 7km
E/AuxilaryLog[<1361209076>](  950): ¿
E/AuxilaryLog[<1361209076>](  950): ¿
E/AuxilaryLog[<1361209076>](  950): 夜深了该睡了
E/AuxilaryLog[<1361209076>](  950): 李恒
E/AuxilaryLog[<1361209076>](  950): 李恒
E/AuxilaryLog[<1361209076>](  950): miss　you
E/AuxilaryLog[<1361209076>](  950): Within 7km
E/AuxilaryLog[<1361209076>](  950): 幸福是一种心态,领悟了,放下了,就幸福,,,,
E/AuxilaryLog[<1361209076>](  950): 幸福是一种心态,领悟了,放下了,就幸福,,,,
E/AuxilaryLog[<1361209076>](  950): Your name ,my heart……
E/AuxilaryLog[<1361209076>](  950): 寂寞小男人
E/AuxilaryLog[<1361209076>](  950): 寂寞小男人
E/AuxilaryLog[<1361209076>](  950): 天壤
E/AuxilaryLog[<1361209076>](  950): Within 7km
E/AuxilaryLog[<1361209076>](  950): ——Helios
E/AuxilaryLog[<1361209076>](  950): ——Helios
E/AuxilaryLog[<1361209076>](  950): 北斗
E/AuxilaryLog[<1361209076>](  950): Within 7km
E/AuxilaryLog[<1361209076>](  950): 莫问
E/AuxilaryLog[<1361209076>](  950): 莫问
E/AuxilaryLog[<1361209076>](  950): 一切随缘
E/AuxilaryLog[<1361209076>](  950): Within 7km
E/AuxilaryLog[<1361209076>](  950): 离开了这个地方'还真的有点怀念'有点舍不得
E/AuxilaryLog[<1361209076>](  950): 离开了这个地方'还真的有点怀念'有点舍不得
E/AuxilaryLog[<1361209076>](  950): 感情是睡出来的，爱情是骗来的
E/AuxilaryLog[<1361209076>](  950): Dingli
E/AuxilaryLog[<1361209076>](  950): Dingli
E/AuxilaryLog[<1361209076>](  950): 高
E/AuxilaryLog[<1361209076>](  950): Within 7km
E/AuxilaryLog[<1361209076>](  950): Do not let up one's attack of the failing enemy
E/AuxilaryLog[<1361209076>](  950): Do not let up one's attack of the failing enemy
E/AuxilaryLog[<1361209076>](  950): 妈才是最亲最爱你的人
E/AuxilaryLog[<1361209076>](  950): 90后
E/AuxilaryLog[<1361209076>](  950): 90后
E/AuxilaryLog[<1361209076>](  950): 漆雕長銘
E/AuxilaryLog[<1361209076>](  950): Within 7km
E/AuxilaryLog[<1361209076>](  950): 感觉这样真的好累，我是不是该换个环境了
E/AuxilaryLog[<1361209076>](  950): 感觉这样真的好累，我是不是该换个环境了
E/AuxilaryLog[<1361209076>](  950): 寜靜致遠
E/AuxilaryLog[<1361209076>](  950): 心碎男孩
E/AuxilaryLog[<1361209076>](  950): 心碎男孩
E/AuxilaryLog[<1361209076>](  950): 豆豆
E/AuxilaryLog[<1361209076>](  950): Within 7km
E/AuxilaryLog[<1361209076>](  950): 爱情就像捡贝壳一样，不要捡最美的最好的，要捡自己最喜欢的，
E/AuxilaryLog[<1361209076>](  950): 爱情就像捡贝壳一样，不要捡最美的最好的，要捡自己最喜欢的，
E/AuxilaryLog[<1361209076>](  950): 老鼠老虎'傻傻分不清楚'小傻妞。。。
E/AuxilaryLog[<1361209076>](  950): 马刚
E/AuxilaryLog[<1361209076>](  950): 马刚
E/AuxilaryLog[<1361209076>](  950): 成熟r
E/AuxilaryLog[<1361209076>](  950): Within 7km
E/AuxilaryLog[<1361209076>](  950): 毛毛
E/AuxilaryLog[<1361209076>](  950): 毛毛
E/AuxilaryLog[<1361209076>](  950): 姜晓润
E/AuxilaryLog[<1361209076>](  950): Within 7km
E/AuxilaryLog[<1361209076>](  950): 大家好才是真的好
E/AuxilaryLog[<1361209076>](  950): 大家好才是真的好
E/AuxilaryLog[<1361209076>](  950): 爱那么短，遗忘那么长
E/AuxilaryLog[<1361209076>](  950): 忘流年
E/AuxilaryLog[<1361209076>](  950): 忘流年
E/AuxilaryLog[<1361209076>](  950): 神奇三彪
E/AuxilaryLog[<1361209076>](  950): Within 7km
E/AuxilaryLog[<1361209077>](  950): 小七
E/AuxilaryLog[<1361209077>](  950): 小七
E/AuxilaryLog[<1361209077>](  950): 方新
E/AuxilaryLog[<1361209077>](  950): Within 7km
E/AuxilaryLog[<1361209077>](  950): 享受生活
E/AuxilaryLog[<1361209077>](  950): 享受生活
E/AuxilaryLog[<1361209077>](  950): 我就是我
E/AuxilaryLog[<1361209077>](  950): lunatic/。
E/AuxilaryLog[<1361209077>](  950): lunatic/。
E/AuxilaryLog[<1361209077>](  950): 相見恨晚
E/AuxilaryLog[<1361209077>](  950): Within 7km
E/AuxilaryLog[<1361209077>](  950): 快到碗里来~
E/AuxilaryLog[<1361209077>](  950): 快到碗里来~
E/AuxilaryLog[<1361209077>](  950): 人生最精彩的不是实现梦想的瞬间，而是坚持梦想的过程。
E/AuxilaryLog[<1361209077>](  950): 奋斗
E/AuxilaryLog[<1361209077>](  950): 奋斗
E/AuxilaryLog[<1361209077>](  950): 仙草
E/AuxilaryLog[<1361209077>](  950): Within 7km
E/AuxilaryLog[<1361209077>](  950): 努力不一定成功，但是放弃一定失败
E/AuxilaryLog[<1361209077>](  950): 努力不一定成功，但是放弃一定失败
E/AuxilaryLog[<1361209077>](  950): 有缘一切皆有可能
E/AuxilaryLog[<1361209077>](  950): 罗静
E/AuxilaryLog[<1361209077>](  950): 罗静
E/AuxilaryLog[<1361209077>](  950): 孙浩
E/AuxilaryLog[<1361209077>](  950): Within 8km
E/AuxilaryLog[<1361209077>](  950): 人生有太多的无奈，就让一切顺其自然。新的一年，加油！
E/AuxilaryLog[<1361209077>](  950): 人生有太多的无奈，就让一切顺其自然。新的一年，加油！
E/AuxilaryLog[<1361209077>](  950): 萝卜青菜各有所爱！
E/AuxilaryLog[<1361209077>](  950): "JoJo
E/AuxilaryLog[<1361209077>](  950): "JoJo
E/AuxilaryLog[<1361209077>](  950): 别多想，，，
E/AuxilaryLog[<1361209077>](  950): Within 8km
E/AuxilaryLog[<1361209077>](  950): 无锡不去了。
E/AuxilaryLog[<1361209077>](  950): 无锡不去了。
E/AuxilaryLog[<1361209077>](  950): 为什么总是瞎想呀！太累了……
E/AuxilaryLog[<1361209077>](  950): ANE
E/AuxilaryLog[<1361209077>](  950): ANE
E/AuxilaryLog[<1361209077>](  950): 方謙偉
E/AuxilaryLog[<1361209077>](  950): Within 8km
E/AuxilaryLog[<1361209077>](  950): 你潇洒的走了！可我还是舍不得，放不开……
E/AuxilaryLog[<1361209077>](  950): 你潇洒的走了！可我还是舍不得，放不开……
E/AuxilaryLog[<1361209077>](  950): 你是我無法觸碰的彼岸花…
E/AuxilaryLog[<1361209077>](  950): 系统
E/AuxilaryLog[<1361209077>](  950): 系统
E/AuxilaryLog[<1361209077>](  950): 随风逐流漂向远方
E/AuxilaryLog[<1361209077>](  950): Within 8km
E/AuxilaryLog[<1361209077>](  950): 只有你懂我
E/AuxilaryLog[<1361209077>](  950): 只有你懂我
E/AuxilaryLog[<1361209077>](  950): 下一个永远比上一个好，亲们你认为呢？
E/AuxilaryLog[<1361209077>](  950): 七夜
E/AuxilaryLog[<1361209077>](  950): 七夜
E/AuxilaryLog[<1361209077>](  950): 丁荣
E/AuxilaryLog[<1361209077>](  950): Within 8km
E/AuxilaryLog[<1361209077>](  950): 夜深了该睡了
E/AuxilaryLog[<1361209077>](  950): 夜深了该睡了
E/AuxilaryLog[<1361209077>](  950): 过好现在
E/AuxilaryLog[<1361209077>](  950): miss　you
E/AuxilaryLog[<1361209077>](  950): miss　you
E/AuxilaryLog[<1361209077>](  950): 火星文
E/AuxilaryLog[<1361209077>](  950): Within 8km
E/AuxilaryLog[<1361209077>](  950): Your name ,my heart……
E/AuxilaryLog[<1361209077>](  950): Your name ,my heart……
E/AuxilaryLog[<1361209077>](  950): 有谁才是我知音
E/AuxilaryLog[<1361209077>](  950): 天壤
E/AuxilaryLog[<1361209077>](  950): 天壤
E/AuxilaryLog[<1361209077>](  950): 蜜糖吥甜
E/AuxilaryLog[<1361209077>](  950): Within 8km
E/AuxilaryLog[<1361209077>](  950): 甜言蜜語`說鉿左耳聽…
E/AuxilaryLog[<1361209077>](  950): 甜言蜜語`說鉿左耳聽…
E/AuxilaryLog[<1361209077>](  950): 甜言蜜語`說鉿左耳聽…
E/AuxilaryLog[<1361209077>](  950): 北斗
E/AuxilaryLog[<1361209077>](  950): 北斗
E/AuxilaryLog[<1361209077>](  950): 漆仲海
E/AuxilaryLog[<1361209077>](  950): Within 8km
E/AuxilaryLog[<1361209077>](  950): 人活在世界上不需理会别人的看法……做好自己该做的事就行了！
E/AuxilaryLog[<1361209077>](  950): 人活在世界上不需理会别人的看法……做好自己该做的事就行了！
E/AuxilaryLog[<1361209077>](  950): 国际国内航空运输 进出口报关  第三仓储等   上海
E/AuxilaryLog[<1361209077>](  950): 一切随缘
E/AuxilaryLog[<1361209077>](  950): 一切随缘
E/AuxilaryLog[<1361209077>](  950): 彬少
E/AuxilaryLog[<1361209077>](  950): Within 8km
E/AuxilaryLog[<1361209077>](  950): 感情是睡出来的，爱情是骗来的
E/AuxilaryLog[<1361209077>](  950): 感情是睡出来的，爱情是骗来的
E/AuxilaryLog[<1361209077>](  950): 00xx
E/AuxilaryLog[<1361209078>](  950): 高
E/AuxilaryLog[<1361209078>](  950): 高
E/AuxilaryLog[<1361209078>](  950): 7K
E/AuxilaryLog[<1361209078>](  950): Within 8km
E/AuxilaryLog[<1361209078>](  950): 漆雕長銘
E/AuxilaryLog[<1361209078>](  950): 漆雕長銘
E/AuxilaryLog[<1361209078>](  950): 发哥
E/AuxilaryLog[<1361209078>](  950): Within 8km
E/AuxilaryLog[<1361209078>](  950): 寜靜致遠
E/AuxilaryLog[<1361209078>](  950): 寜靜致遠
E/AuxilaryLog[<1361209078>](  950): 我是一只蜻蜓点过你的湖心！
E/AuxilaryLog[<1361209078>](  950): 豆豆
E/AuxilaryLog[<1361209078>](  950): 豆豆
E/AuxilaryLog[<1361209078>](  950): 漆仲安
E/AuxilaryLog[<1361209078>](  950): Within 9km
E/AuxilaryLog[<1361209078>](  950): 老鼠老虎'傻傻分不清楚'小傻妞。。。
E/AuxilaryLog[<1361209078>](  950): 老鼠老虎'傻傻分不清楚'小傻妞。。。
E/AuxilaryLog[<1361209078>](  950): (⊙o⊙)…看什么看
E/AuxilaryLog[<1361209078>](  950): 成熟r
E/AuxilaryLog[<1361209078>](  950): 成熟r
E/AuxilaryLog[<1361209078>](  950): zhangzhongwen
E/AuxilaryLog[<1361209078>](  950): Within 9km
E/AuxilaryLog[<1361209078>](  950): 嘻嘻
E/AuxilaryLog[<1361209078>](  950): 嘻嘻
E/AuxilaryLog[<1361209078>](  950): 奋斗，拼博，
E/AuxilaryLog[<1361209078>](  950): 姜晓润
E/AuxilaryLog[<1361209078>](  950): 姜晓润
E/AuxilaryLog[<1361209078>](  950): 蔡毅
E/AuxilaryLog[<1361209078>](  950): Within 9km
E/AuxilaryLog[<1361209078>](  950): 爱那么短，遗忘那么长
E/AuxilaryLog[<1361209078>](  950): 爱那么短，遗忘那么长
E/AuxilaryLog[<1361209078>](  950): 真TA的有些累
E/AuxilaryLog[<1361209078>](  950): 神奇三彪
E/AuxilaryLog[<1361209078>](  950): 神奇三彪
E/AuxilaryLog[<1361209078>](  950): 哈～
E/AuxilaryLog[<1361209078>](  950): Within 9km
E/AuxilaryLog[<1361209078>](  950): 爱无非就是给你伤害我的理由…
E/AuxilaryLog[<1361209078>](  950): 爱无非就是给你伤害我的理由…
E/AuxilaryLog[<1361209078>](  950): 额、
E/AuxilaryLog[<1361209078>](  950): 方新
E/AuxilaryLog[<1361209078>](  950): 方新
E/AuxilaryLog[<1361209078>](  950): 潘鑫焱
E/AuxilaryLog[<1361209078>](  950): Within 9km
E/AuxilaryLog[<1361209078>](  950): 我就是我
E/AuxilaryLog[<1361209078>](  950): 我就是我
E/AuxilaryLog[<1361209078>](  950): 心静自然凉
E/AuxilaryLog[<1361209078>](  950): 相見恨晚
E/AuxilaryLog[<1361209078>](  950): 相見恨晚
E/AuxilaryLog[<1361209078>](  950): 画地为牢
E/AuxilaryLog[<1361209078>](  950): Within 9km
E/AuxilaryLog[<1361209078>](  950): 仙草
E/AuxilaryLog[<1361209078>](  950): 仙草
E/AuxilaryLog[<1361209078>](  950): 我怕我分不清真假
E/AuxilaryLog[<1361209078>](  950): Within 9km
E/AuxilaryLog[<1361209078>](  950): 有缘一切皆有可能
E/AuxilaryLog[<1361209078>](  950): 有缘一切皆有可能
E/AuxilaryLog[<1361209078>](  950): 怪我过分着迷
E/AuxilaryLog[<1361209078>](  950): 孙浩
E/AuxilaryLog[<1361209078>](  950): 孙浩
E/AuxilaryLog[<1361209078>](  950): 经历风雨见彩虹
E/AuxilaryLog[<1361209078>](  950): Within 9km
E/AuxilaryLog[<1361209078>](  950): 萝卜青菜各有所爱！
E/AuxilaryLog[<1361209078>](  950): 萝卜青菜各有所爱！
E/AuxilaryLog[<1361209078>](  950): 此时对你说对不起，显得那么苍白而无力。
E/AuxilaryLog[<1361209078>](  950): 别多想，，，
E/AuxilaryLog[<1361209078>](  950): 别多想，，，
E/AuxilaryLog[<1361209078>](  950): ℡不解的等待
E/AuxilaryLog[<1361209078>](  950): Within 9km
E/AuxilaryLog[<1361209078>](  950): 方謙偉
E/AuxilaryLog[<1361209078>](  950): 方謙偉
E/AuxilaryLog[<1361209078>](  950): 超越梦想
E/AuxilaryLog[<1361209078>](  950): Within 9km
E/AuxilaryLog[<1361209078>](  950): 你是我無法觸碰的彼岸花…
E/AuxilaryLog[<1361209078>](  950): 你是我無法觸碰的彼岸花…
E/AuxilaryLog[<1361209078>](  950): 我要用我的双手打造我全新的世界！
E/AuxilaryLog[<1361209078>](  950): 随风逐流漂向远方
E/AuxilaryLog[<1361209078>](  950): 随风逐流漂向远方
E/AuxilaryLog[<1361209078>](  950): 华
E/AuxilaryLog[<1361209078>](  950): Within 9km
E/AuxilaryLog[<1361209079>](  950): 丁荣
E/AuxilaryLog[<1361209079>](  950): 丁荣
E/AuxilaryLog[<1361209079>](  950): 飞鹰
E/AuxilaryLog[<1361209079>](  950): Within 9km
E/AuxilaryLog[<1361209079>](  950): 过好现在
E/AuxilaryLog[<1361209079>](  950): 过好现在
E/AuxilaryLog[<1361209079>](  950): 知足常乐，平安是福！
E/AuxilaryLog[<1361209079>](  950): 火星文
E/AuxilaryLog[<1361209079>](  950): 火星文
E/AuxilaryLog[<1361209079>](  950): 地图
E/AuxilaryLog[<1361209079>](  950): Within 9km
E/AuxilaryLog[<1361209079>](  950): 有谁才是我知音
E/AuxilaryLog[<1361209079>](  950): 有谁才是我知音
E/AuxilaryLog[<1361209079>](  950): 在老家亨几天轻福，谁能给安排相几次亲就刺激了。
E/AuxilaryLog[<1361209079>](  950): 蜜糖吥甜
E/AuxilaryLog[<1361209079>](  950): 蜜糖吥甜
E/AuxilaryLog[<1361209079>](  950): 高枫
E/AuxilaryLog[<1361209079>](  950): Within 9km
E/AuxilaryLog[<1361209079>](  950): 甜言蜜語`說鉿左耳聽…
E/AuxilaryLog[<1361209079>](  950): 甜言蜜語`說鉿左耳聽…
E/AuxilaryLog[<1361209079>](  950): 静待有缘人
E/AuxilaryLog[<1361209079>](  950): 漆仲海
E/AuxilaryLog[<1361209079>](  950): 漆仲海
E/AuxilaryLog[<1361209079>](  950): 阿元
E/AuxilaryLog[<1361209079>](  950): Within 9km
E/AuxilaryLog[<1361209079>](  950): 国际国内航空运输 进出口报关  第三仓储等   上海
E/AuxilaryLog[<1361209079>](  950): 国际国内航空运输 进出口报关  第三仓储等   上海
E/AuxilaryLog[<1361209079>](  950): 母亲儿想您了！愿您在天的那边过的都好。天冷别望了多加点衣裳…
E/AuxilaryLog[<1361209079>](  950): 彬少
E/AuxilaryLog[<1361209079>](  950): 彬少
E/AuxilaryLog[<1361209079>](  950): 阿正
E/AuxilaryLog[<1361209079>](  950): Within 9km
E/AuxilaryLog[<1361209079>](  950): 7K
E/AuxilaryLog[<1361209079>](  950): 7K
E/AuxilaryLog[<1361209079>](  950): 钱多多
E/AuxilaryLog[<1361209079>](  950): Within 9km
E/AuxilaryLog[<1361209079>](  950): 妈才是最亲最爱你的人
E/AuxilaryLog[<1361209079>](  950): 妈才是最亲最爱你的人
E/AuxilaryLog[<1361209079>](  950): 世上无难事，只怕用心人。
E/AuxilaryLog[<1361209079>](  950): 发哥
E/AuxilaryLog[<1361209079>](  950): 发哥
E/AuxilaryLog[<1361209079>](  950): 梦之缘
E/AuxilaryLog[<1361209079>](  950): Within 9km
E/AuxilaryLog[<1361209079>](  950): 我是一只蜻蜓点过你的湖心！
E/AuxilaryLog[<1361209079>](  950): 我是一只蜻蜓点过你的湖心！
E/AuxilaryLog[<1361209079>](  950): 快乐过好每一分钟
E/AuxilaryLog[<1361209079>](  950): 漆仲安
E/AuxilaryLog[<1361209079>](  950): 漆仲安
E/AuxilaryLog[<1361209079>](  950): 汪洋
E/AuxilaryLog[<1361209079>](  950): Within 9km
E/AuxilaryLog[<1361209079>](  950): (⊙o⊙)…看什么看
E/AuxilaryLog[<1361209079>](  950): (⊙o⊙)…看什么看
E/AuxilaryLog[<1361209079>](  950): 生活是一种艺术!
E/AuxilaryLog[<1361209079>](  950): zhangzhongwen
E/AuxilaryLog[<1361209079>](  950): zhangzhongwen
E/AuxilaryLog[<1361209079>](  950): 珍珍
E/AuxilaryLog[<1361209079>](  950): Within 9km
E/AuxilaryLog[<1361209079>](  950): 奋斗，拼博，
E/AuxilaryLog[<1361209079>](  950): 奋斗，拼博，
E/AuxilaryLog[<1361209079>](  950): 你若离去，后会无期！
E/AuxilaryLog[<1361209079>](  950): 生活怎么那么累，那么烦！
E/AuxilaryLog[<1361209079>](  950): 蔡毅
E/AuxilaryLog[<1361209079>](  950): 蔡毅
E/AuxilaryLog[<1361209079>](  950): 石头
E/AuxilaryLog[<1361209079>](  950): Within 9km
E/AuxilaryLog[<1361209079>](  950): 真TA的有些累
E/AuxilaryLog[<1361209079>](  950): 真TA的有些累
E/AuxilaryLog[<1361209079>](  950): 幸运的女人，男人骗你一辈子，不幸女人，男人骗你一阵子，
E/AuxilaryLog[<1361209079>](  950): 哈～
E/AuxilaryLog[<1361209079>](  950): 哈～
E/AuxilaryLog[<1361209079>](  950): 蓝羽飞鸟
E/AuxilaryLog[<1361209079>](  950): Within 9km
E/AuxilaryLog[<1361209079>](  950): 额、
E/AuxilaryLog[<1361209079>](  950): 额、
E/AuxilaryLog[<1361209079>](  950): 做了也是错！不做也是错
E/AuxilaryLog[<1361209079>](  950): 潘鑫焱
E/AuxilaryLog[<1361209079>](  950): 潘鑫焱
E/AuxilaryLog[<1361209079>](  950): shmily
E/AuxilaryLog[<1361209079>](  950): Within 9km
E/AuxilaryLog[<1361209079>](  950): 心静自然凉
E/AuxilaryLog[<1361209079>](  950): 心静自然凉
E/AuxilaryLog[<1361209079>](  950): 我希望，有一天这个世界能因为我而有一点点的不一样。
E/AuxilaryLog[<1361209080>](  355): 12:38
E/AuxilaryLog[<1361209080>](  355): 12:38
E/AuxilaryLog[<1361209080>](  355): Monday
E/AuxilaryLog[<1361209080>](  355): February 18, 2013
E/AuxilaryLog[<1361209080>](  950): 画地为牢
E/AuxilaryLog[<1361209080>](  950): 画地为牢
E/AuxilaryLog[<1361209080>](  950): 禁不住似水流连的伤害
E/AuxilaryLog[<1361209080>](  950): Within 9km
E/AuxilaryLog[<1361209080>](  950): 人生最精彩的不是实现梦想的瞬间，而是坚持梦想的过程。
E/AuxilaryLog[<1361209080>](  950): 人生最精彩的不是实现梦想的瞬间，而是坚持梦想的过程。
E/AuxilaryLog[<1361209080>](  950): 曾经有你笑开艳，今生有你苦也甜……
E/AuxilaryLog[<1361209080>](  950): 我怕我分不清真假
E/AuxilaryLog[<1361209080>](  950): 我怕我分不清真假
E/AuxilaryLog[<1361209080>](  950): 阿强
E/AuxilaryLog[<1361209080>](  950): Within 9km
E/AuxilaryLog[<1361209080>](  950): 经历风雨见彩虹
E/AuxilaryLog[<1361209080>](  950): 经历风雨见彩虹
E/AuxilaryLog[<1361209080>](  950): 琛
E/AuxilaryLog[<1361209080>](  950): Within 9km
E/AuxilaryLog[<1361209080>](  950): 此时对你说对不起，显得那么苍白而无力。
E/AuxilaryLog[<1361209080>](  950): 此时对你说对不起，显得那么苍白而无力。
E/AuxilaryLog[<1361209080>](  950): 江湖辈有流氓出，各领风骚一两年。
E/AuxilaryLog[<1361209080>](  950): ℡不解的等待
E/AuxilaryLog[<1361209080>](  950): ℡不解的等待
E/AuxilaryLog[<1361209080>](  950): づ學會 珍稀 
E/AuxilaryLog[<1361209080>](  950): Within 9km
E/AuxilaryLog[<1361209080>](  950): 为什么总是瞎想呀！太累了……
E/AuxilaryLog[<1361209080>](  950): 为什么总是瞎想呀！太累了……
E/AuxilaryLog[<1361209080>](  950): 生 活，并不是为了无休不止的工作！ 
E/AuxilaryLog[<1361209080>](  950): 超越梦想
E/AuxilaryLog[<1361209080>](  950): 超越梦想
E/AuxilaryLog[<1361209080>](  950): 谮么暧昧谮么演
E/AuxilaryLog[<1361209080>](  950): Within 10km
E/AuxilaryLog[<1361209080>](  950): 我要用我的双手打造我全新的世界！
E/AuxilaryLog[<1361209080>](  950): 我要用我的双手打造我全新的世界！
E/AuxilaryLog[<1361209080>](  950): 谁来陪伴我走像天空得另一端
E/AuxilaryLog[<1361209080>](  950): 华
E/AuxilaryLog[<1361209080>](  950): 华
E/AuxilaryLog[<1361209080>](  950): 周宏
E/AuxilaryLog[<1361209080>](  950): Within 10km
E/AuxilaryLog[<1361209080>](  950): 下一个永远比上一个好，亲们你认为呢？
E/AuxilaryLog[<1361209080>](  950): 下一个永远比上一个好，亲们你认为呢？
E/AuxilaryLog[<1361209080>](  950): 路還是要走、只是不再囘頭…
D/dalvikvm(  950): GC_CONCURRENT freed 1657K, 14% free 10947K/12679K, paused 19ms+1ms, total 82ms
D/dalvikvm(  950): GC_FOR_ALLOC freed 899K, 15% free 11143K/13063K, paused 4ms, total 5ms
E/AuxilaryLog[<1361209140>](  355): 12:39
E/AuxilaryLog[<1361209140>](  355): 12:39
E/AuxilaryLog[<1361209140>](  355): Monday
E/AuxilaryLog[<1361209140>](  355): February 18, 2013
E/AuxilaryLog[<1361209200>](  355): 12:40
E/AuxilaryLog[<1361209200>](  355): 12:40
E/AuxilaryLog[<1361209200>](  355): Monday
E/AuxilaryLog[<1361209200>](  355): February 18, 2013
D/dalvikvm(  950): GC_FOR_ALLOC freed 679K, 16% free 11257K/13255K, paused 6ms, total 6ms
E/AuxilaryLog[<1361209260>](  355): 12:41
E/AuxilaryLog[<1361209260>](  355): 12:41
E/AuxilaryLog[<1361209260>](  355): Monday
E/AuxilaryLog[<1361209260>](  355): February 18, 2013
D/dalvikvm(  858): GC_CONCURRENT freed 520K, 11% free 5593K/6215K, paused 0ms+1ms, total 2ms
D/dalvikvm(  858): GC_FOR_ALLOC freed 305K, 7% free 5800K/6215K, paused 2ms, total 2ms
D/dalvikvm(  858): GC_CONCURRENT freed 40K, 6% free 5903K/6215K, paused 10ms+0ms, total 12ms
D/dalvikvm(  858): GC_FOR_ALLOC freed 254K, 6% free 6106K/6471K, paused 2ms, total 2ms
D/dalvikvm(  858): GC_CONCURRENT freed 154K, 6% free 6112K/6471K, paused 0ms+1ms, total 2ms
D/dalvikvm(  858): GC_FOR_ALLOC freed 272K, 9% free 6245K/6791K, paused 2ms, total 2ms
D/dalvikvm(  858): GC_CONCURRENT freed 267K, 5% free 6582K/6919K, paused 10ms+0ms, total 13ms
D/dalvikvm(  858): GC_CONCURRENT freed 351K, 7% free 6904K/7367K, paused 10ms+0ms, total 13ms
D/dalvikvm(  858): GC_CONCURRENT freed 503K, 8% free 7209K/7815K, paused 11ms+0ms, total 14ms
W/DebugConnManager(  858): getNetworkInfo() on networkType 1
D/dalvikvm(  282): GC_CONCURRENT freed 1118K, 13% free 9072K/10311K, paused 0ms+4ms, total 12ms
D/dalvikvm(  858): GC_CONCURRENT freed 546K, 8% free 7558K/8199K, paused 0ms+0ms, total 4ms
D/Finsky  (  858): [1] 5.onFinished: Installation state replication succeeded.
E/AuxilaryLog[<1361209320>](  355): 12:42
E/AuxilaryLog[<1361209320>](  355): 12:42
E/AuxilaryLog[<1361209320>](  355): Monday
E/AuxilaryLog[<1361209320>](  355): February 18, 2013
W/ThrottleService(  282): unable to find stats for iface rmnet0
E/AuxilaryLog[<1361209380>](  355): 12:43
E/AuxilaryLog[<1361209380>](  355): 12:43
E/AuxilaryLog[<1361209380>](  355): Monday
E/AuxilaryLog[<1361209380>](  355): February 18, 2013
E/AuxilaryLog[<1361209440>](  355): 12:44
E/AuxilaryLog[<1361209440>](  355): 12:44
E/AuxilaryLog[<1361209440>](  355): Monday
E/AuxilaryLog[<1361209440>](  355): February 18, 2013
E/AuxilaryLog[<1361209500>](  355): 12:45
E/AuxilaryLog[<1361209500>](  355): 12:45
E/AuxilaryLog[<1361209500>](  355): Monday
E/AuxilaryLog[<1361209500>](  355): February 18, 2013
E/AuxilaryLog[<1361209560>](  355): 12:46
E/AuxilaryLog[<1361209560>](  355): 12:46
E/AuxilaryLog[<1361209560>](  355): Monday
E/AuxilaryLog[<1361209560>](  355): February 18, 2013
E/AuxilaryLog[<1361209620>](  355): 12:47
E/AuxilaryLog[<1361209620>](  355): 12:47
E/AuxilaryLog[<1361209620>](  355): Monday
E/AuxilaryLog[<1361209620>](  355): February 18, 2013
E/AuxilaryLog[<1361209680>](  355): 12:48
E/AuxilaryLog[<1361209680>](  355): 12:48
E/AuxilaryLog[<1361209680>](  355): Monday
E/AuxilaryLog[<1361209680>](  355): February 18, 2013
E/AuxilaryLog[<1361209740>](  355): 12:49
E/AuxilaryLog[<1361209740>](  355): 12:49
E/AuxilaryLog[<1361209740>](  355): Monday
E/AuxilaryLog[<1361209740>](  355): February 18, 2013
E/AuxilaryLog[<1361209800>](  355): 12:50
E/AuxilaryLog[<1361209800>](  355): 12:50
E/AuxilaryLog[<1361209800>](  355): Monday
E/AuxilaryLog[<1361209800>](  355): February 18, 2013
E/AuxilaryLog[<1361209860>](  355): 12:51
E/AuxilaryLog[<1361209860>](  355): 12:51
E/AuxilaryLog[<1361209860>](  355): Monday
E/AuxilaryLog[<1361209860>](  355): February 18, 2013
E/AuxilaryLog[<1361209920>](  355): 12:52
E/AuxilaryLog[<1361209920>](  355): 12:52
E/AuxilaryLog[<1361209920>](  355): Monday
E/AuxilaryLog[<1361209920>](  355): February 18, 2013
W/ThrottleService(  282): unable to find stats for iface rmnet0
E/AuxilaryLog[<1361209980>](  355): 12:53
E/AuxilaryLog[<1361209980>](  355): 12:53
E/AuxilaryLog[<1361209980>](  355): Monday
E/AuxilaryLog[<1361209980>](  355): February 18, 2013
E/AuxilaryLog[<1361210040>](  355): 12:54
E/AuxilaryLog[<1361210040>](  355): 12:54
E/AuxilaryLog[<1361210040>](  355): Monday
E/AuxilaryLog[<1361210040>](  355): February 18, 2013
E/AuxilaryLog[<1361210100>](  355): 12:55
E/AuxilaryLog[<1361210100>](  355): 12:55
E/AuxilaryLog[<1361210100>](  355): Monday
E/AuxilaryLog[<1361210100>](  355): February 18, 2013
E/AuxilaryLog[<1361210160>](  355): 12:56
E/AuxilaryLog[<1361210160>](  355): 12:56
E/AuxilaryLog[<1361210160>](  355): Monday
E/AuxilaryLog[<1361210160>](  355): February 18, 2013
E/AuxilaryLog[<1361210220>](  355): 12:57
E/AuxilaryLog[<1361210220>](  355): 12:57
E/AuxilaryLog[<1361210220>](  355): Monday
E/AuxilaryLog[<1361210220>](  355): February 18, 2013
E/AuxilaryLog[<1361210280>](  355): 12:58
E/AuxilaryLog[<1361210280>](  355): 12:58
E/AuxilaryLog[<1361210280>](  355): Monday
E/AuxilaryLog[<1361210280>](  355): February 18, 2013
E/AuxilaryLog[<1361210340>](  355): 12:59
E/AuxilaryLog[<1361210340>](  355): 12:59
E/AuxilaryLog[<1361210340>](  355): Monday
E/AuxilaryLog[<1361210340>](  355): February 18, 2013
E/AuxilaryLog[<1361210400>](  355): 1:00
E/AuxilaryLog[<1361210400>](  355): 1:00
E/AuxilaryLog[<1361210400>](  355): Monday
E/AuxilaryLog[<1361210400>](  355): February 18, 2013
W/BatteryStatsImpl(  282): Couldn't get kernel wake lock stats
D/dalvikvm(  282): GC_CONCURRENT freed 1105K, 12% free 9101K/10311K, paused 11ms+1ms, total 20ms
E/AuxilaryLog[<1361210460>](  355): 1:01
E/AuxilaryLog[<1361210460>](  355): 1:01
E/AuxilaryLog[<1361210460>](  355): Monday
E/AuxilaryLog[<1361210460>](  355): February 18, 2013
I/EventLogService(  723): Aggregate from 1361208664504 (log), 1361208664504 (data)
I/ActivityManager(  282): No longer want com.android.email (pid 665): hidden #16
D/dalvikvm(  723): WAIT_FOR_CONCURRENT_GC blocked 0ms
D/dalvikvm(  723): GC_EXPLICIT freed 237K, 8% free 5621K/6087K, paused 0ms+1ms, total 3ms
I/ActivityManager(  282): No longer want com.immomo.momo:push (pid 924): hidden #16
E/AuxilaryLog[<1361210520>](  355): 1:02
W/ActivityManager(  282): Scheduling restart of crashed service com.immomo.momo/.android.service.XService in 5000ms
E/AuxilaryLog[<1361210520>](  355): 1:02
E/AuxilaryLog[<1361210520>](  355): Monday
E/AuxilaryLog[<1361210520>](  355): February 18, 2013
I/ActivityManager(  282): Start proc com.immomo.momo:push for service com.immomo.momo/.android.service.XService: pid=1611 uid=10065 gids={3003, 1015, 1028}
E/Trace   ( 1611): error opening trace file: No such file or directory (2)
D/dalvikvm( 1611): GC_CONCURRENT freed 153K, 5% free 4530K/4743K, paused 12ms+0ms, total 13ms
E/PhonePolicy( 1611): Could not preload class for phone policy: com.android.internal.policy.impl.PhoneWindow$ContextMenuCallback
D/TextLayoutCache( 1611): Using debug level = 0 - Debug Enabled = 0
D/dalvikvm( 1611): GC_CONCURRENT freed 127K, 5% free 4831K/5063K, paused 10ms+0ms, total 11ms
D/dalvikvm( 1611): Trying to load lib /data/data/com.immomo.momo/lib/libmomonative.so 0xa6a0f0b0
E/dalvikvm( 1611): The lib may be ARM... trying to load it [/data/data/com.immomo.momo/lib/libmomonative.so] using houdini
D/houdini ( 1611): [1611] Loading library(version: 2.0.5.42475 RELEASE)... successfully.
D/dalvikvm( 1611): Added shared lib /data/data/com.immomo.momo/lib/libmomonative.so 0xa6a0f0b0
D/dalvikvm( 1611): No JNI_OnLoad found in /data/data/com.immomo.momo/lib/libmomonative.so 0xa6a0f0b0, skipping init
V/dalvikvm( 1611): +++ not scanning 'libnativehelper.so' for 'mmla' (wrong CL)
V/dalvikvm( 1611): +++ not scanning '/system/lib/librs_jni.so' for 'mmla' (wrong CL)
V/dalvikvm( 1611): +++ scanning '/data/data/com.immomo.momo/lib/libmomonative.so' for 'mmla'
V/dalvikvm( 1611): +++ calling dlsym(Java_com_immomo_momo_util_jni_Codec_mmla)
V/dalvikvm( 1611): Found 'Java_com_immomo_momo_util_jni_Codec_mmla' with dlsym
V/dalvikvm( 1611): +++ not scanning 'libnativehelper.so' for 'ccc' (wrong CL)
V/dalvikvm( 1611): +++ not scanning '/system/lib/librs_jni.so' for 'ccc' (wrong CL)
V/dalvikvm( 1611): +++ scanning '/data/data/com.immomo.momo/lib/libmomonative.so' for 'ccc'
V/dalvikvm( 1611): +++ calling dlsym(Java_com_immomo_momo_util_jni_Codec_ccc)
V/dalvikvm( 1611): Found 'Java_com_immomo_momo_util_jni_Codec_ccc' with dlsym
V/dalvikvm( 1611): +++ not scanning 'libnativehelper.so' for 'hhh' (wrong CL)
V/dalvikvm( 1611): +++ not scanning '/system/lib/librs_jni.so' for 'hhh' (wrong CL)
V/dalvikvm( 1611): +++ scanning '/data/data/com.immomo.momo/lib/libmomonative.so' for 'hhh'
V/dalvikvm( 1611): +++ calling dlsym(Java_com_immomo_momo_util_jni_Codec_hhh)
V/dalvikvm( 1611): Found 'Java_com_immomo_momo_util_jni_Codec_hhh' with dlsym
V/dalvikvm( 1611): +++ not scanning 'libnativehelper.so' for 'aaa' (wrong CL)
V/dalvikvm( 1611): +++ not scanning '/system/lib/librs_jni.so' for 'aaa' (wrong CL)
V/dalvikvm( 1611): +++ scanning '/data/data/com.immomo.momo/lib/libmomonative.so' for 'aaa'
V/dalvikvm( 1611): +++ calling dlsym(Java_com_immomo_momo_util_jni_Codec_aaa)
V/dalvikvm( 1611): Found 'Java_com_immomo_momo_util_jni_Codec_aaa' with dlsym
V/dalvikvm( 1611): +++ not scanning 'libnativehelper.so' for 'ggg' (wrong CL)
V/dalvikvm( 1611): +++ not scanning '/system/lib/librs_jni.so' for 'ggg' (wrong CL)
V/dalvikvm( 1611): +++ scanning '/data/data/com.immomo.momo/lib/libmomonative.so' for 'ggg'
V/dalvikvm( 1611): +++ calling dlsym(Java_com_immomo_momo_util_jni_Codec_ggg)
V/dalvikvm( 1611): Found 'Java_com_immomo_momo_util_jni_Codec_ggg' with dlsym
V/dalvikvm( 1611): +++ not scanning 'libnativehelper.so' for 'bbb' (wrong CL)
V/dalvikvm( 1611): +++ not scanning '/system/lib/librs_jni.so' for 'bbb' (wrong CL)
V/dalvikvm( 1611): +++ scanning '/data/data/com.immomo.momo/lib/libmomonative.so' for 'bbb'
V/dalvikvm( 1611): +++ calling dlsym(Java_com_immomo_momo_util_jni_Codec_bbb)
V/dalvikvm( 1611): Found 'Java_com_immomo_momo_util_jni_Codec_bbb' with dlsym
V/dalvikvm( 1611): +++ not scanning 'libnativehelper.so' for 'mccc' (wrong CL)
V/dalvikvm( 1611): +++ not scanning '/system/lib/librs_jni.so' for 'mccc' (wrong CL)
V/dalvikvm( 1611): +++ scanning '/data/data/com.immomo.momo/lib/libmomonative.so' for 'mccc'
V/dalvikvm( 1611): +++ calling dlsym(Java_com_immomo_momo_util_jni_Codec_mccc)
V/dalvikvm( 1611): Found 'Java_com_immomo_momo_util_jni_Codec_mccc' with dlsym
V/dalvikvm( 1611): +++ not scanning 'libnativehelper.so' for 'ddd' (wrong CL)
V/dalvikvm( 1611): +++ not scanning '/system/lib/librs_jni.so' for 'ddd' (wrong CL)
V/dalvikvm( 1611): +++ scanning '/data/data/com.immomo.momo/lib/libmomonative.so' for 'ddd'
V/dalvikvm( 1611): +++ calling dlsym(Java_com_immomo_momo_util_jni_Codec_ddd)
V/dalvikvm( 1611): Found 'Java_com_immomo_momo_util_jni_Codec_ddd' with dlsym
V/dalvikvm( 1611): +++ not scanning 'libnativehelper.so' for 'eee' (wrong CL)
V/dalvikvm( 1611): +++ not scanning '/system/lib/librs_jni.so' for 'eee' (wrong CL)
V/dalvikvm( 1611): +++ scanning '/data/data/com.immomo.momo/lib/libmomonative.so' for 'eee'
V/dalvikvm( 1611): +++ calling dlsym(Java_com_immomo_momo_util_jni_Codec_eee)
V/dalvikvm( 1611): Found 'Java_com_immomo_momo_util_jni_Codec_eee' with dlsym
V/dalvikvm( 1611): +++ not scanning 'libnativehelper.so' for 'fff' (wrong CL)
V/dalvikvm( 1611): +++ not scanning '/system/lib/librs_jni.so' for 'fff' (wrong CL)
V/dalvikvm( 1611): +++ scanning '/data/data/com.immomo.momo/lib/libmomonative.so' for 'fff'
V/dalvikvm( 1611): +++ calling dlsym(Java_com_immomo_momo_util_jni_Codec_fff)
V/dalvikvm( 1611): Found 'Java_com_immomo_momo_util_jni_Codec_fff' with dlsym
V/dalvikvm( 1611): +++ not scanning 'libnativehelper.so' for 'mmm' (wrong CL)
V/dalvikvm( 1611): +++ not scanning '/system/lib/librs_jni.so' for 'mmm' (wrong CL)
V/dalvikvm( 1611): +++ scanning '/data/data/com.immomo.momo/lib/libmomonative.so' for 'mmm'
V/dalvikvm( 1611): +++ calling dlsym(Java_com_immomo_momo_util_jni_Codec_mmm)
V/dalvikvm( 1611): Found 'Java_com_immomo_momo_util_jni_Codec_mmm' with dlsym
V/dalvikvm( 1611): +++ not scanning 'libnativehelper.so' for 'nnn' (wrong CL)
V/dalvikvm( 1611): +++ not scanning '/system/lib/librs_jni.so' for 'nnn' (wrong CL)
V/dalvikvm( 1611): +++ scanning '/data/data/com.immomo.momo/lib/libmomonative.so' for 'nnn'
V/dalvikvm( 1611): +++ calling dlsym(Java_com_immomo_momo_util_jni_Codec_nnn)
V/dalvikvm( 1611): Found 'Java_com_immomo_momo_util_jni_Codec_nnn' with dlsym
V/dalvikvm( 1611): +++ not scanning 'libnativehelper.so' for 'ooo' (wrong CL)
V/dalvikvm( 1611): +++ not scanning '/system/lib/librs_jni.so' for 'ooo' (wrong CL)
V/dalvikvm( 1611): +++ scanning '/data/data/com.immomo.momo/lib/libmomonative.so' for 'ooo'
V/dalvikvm( 1611): +++ calling dlsym(Java_com_immomo_momo_util_jni_Codec_ooo)
V/dalvikvm( 1611): Found 'Java_com_immomo_momo_util_jni_Codec_ooo' with dlsym
V/dalvikvm( 1611): +++ not scanning 'libnativehelper.so' for 'iii' (wrong CL)
V/dalvikvm( 1611): +++ not scanning '/system/lib/librs_jni.so' for 'iii' (wrong CL)
V/dalvikvm( 1611): +++ scanning '/data/data/com.immomo.momo/lib/libmomonative.so' for 'iii'
V/dalvikvm( 1611): +++ calling dlsym(Java_com_immomo_momo_util_jni_Codec_iii)
V/dalvikvm( 1611): Found 'Java_com_immomo_momo_util_jni_Codec_iii' with dlsym
V/dalvikvm( 1611): +++ not scanning 'libnativehelper.so' for 'jjj' (wrong CL)
V/dalvikvm( 1611): +++ not scanning '/system/lib/librs_jni.so' for 'jjj' (wrong CL)
V/dalvikvm( 1611): +++ scanning '/data/data/com.immomo.momo/lib/libmomonative.so' for 'jjj'
V/dalvikvm( 1611): +++ calling dlsym(Java_com_immomo_momo_util_jni_Codec_jjj)
V/dalvikvm( 1611): Found 'Java_com_immomo_momo_util_jni_Codec_jjj' with dlsym
V/dalvikvm( 1611): +++ not scanning 'libnativehelper.so' for 'kkk' (wrong CL)
V/dalvikvm( 1611): +++ not scanning '/system/lib/librs_jni.so' for 'kkk' (wrong CL)
V/dalvikvm( 1611): +++ scanning '/data/data/com.immomo.momo/lib/libmomonative.so' for 'kkk'
V/dalvikvm( 1611): +++ calling dlsym(Java_com_immomo_momo_util_jni_Codec_kkk)
V/dalvikvm( 1611): Found 'Java_com_immomo_momo_util_jni_Codec_kkk' with dlsym
V/dalvikvm( 1611): +++ not scanning 'libnativehelper.so' for 'lll' (wrong CL)
V/dalvikvm( 1611): +++ not scanning '/system/lib/librs_jni.so' for 'lll' (wrong CL)
V/dalvikvm( 1611): +++ scanning '/data/data/com.immomo.momo/lib/libmomonative.so' for 'lll'
V/dalvikvm( 1611): +++ calling dlsym(Java_com_immomo_momo_util_jni_Codec_lll)
V/dalvikvm( 1611): Found 'Java_com_immomo_momo_util_jni_Codec_lll' with dlsym
V/dalvikvm( 1611): +++ not scanning 'libnativehelper.so' for 'ppp' (wrong CL)
V/dalvikvm( 1611): +++ not scanning '/system/lib/librs_jni.so' for 'ppp' (wrong CL)
V/dalvikvm( 1611): +++ scanning '/data/data/com.immomo.momo/lib/libmomonative.so' for 'ppp'
V/dalvikvm( 1611): +++ calling dlsym(Java_com_immomo_momo_util_jni_Codec_ppp)
V/dalvikvm( 1611): Found 'Java_com_immomo_momo_util_jni_Codec_ppp' with dlsym
V/dalvikvm( 1611): +++ not scanning 'libnativehelper.so' for 'qqq' (wrong CL)
V/dalvikvm( 1611): +++ not scanning '/system/lib/librs_jni.so' for 'qqq' (wrong CL)
V/dalvikvm( 1611): +++ scanning '/data/data/com.immomo.momo/lib/libmomonative.so' for 'qqq'
V/dalvikvm( 1611): +++ calling dlsym(Java_com_immomo_momo_util_jni_Codec_qqq)
V/dalvikvm( 1611): Found 'Java_com_immomo_momo_util_jni_Codec_qqq' with dlsym
V/dalvikvm( 1611): +++ not scanning 'libnativehelper.so' for 'rrr' (wrong CL)
V/dalvikvm( 1611): +++ not scanning '/system/lib/librs_jni.so' for 'rrr' (wrong CL)
V/dalvikvm( 1611): +++ scanning '/data/data/com.immomo.momo/lib/libmomonative.so' for 'rrr'
V/dalvikvm( 1611): +++ calling dlsym(Java_com_immomo_momo_util_jni_Codec_rrr)
V/dalvikvm( 1611): Found 'Java_com_immomo_momo_util_jni_Codec_rrr' with dlsym
V/dalvikvm( 1611): +++ not scanning 'libnativehelper.so' for 'uuu' (wrong CL)
V/dalvikvm( 1611): +++ not scanning '/system/lib/librs_jni.so' for 'uuu' (wrong CL)
V/dalvikvm( 1611): +++ scanning '/data/data/com.immomo.momo/lib/libmomonative.so' for 'uuu'
V/dalvikvm( 1611): +++ calling dlsym(Java_com_immomo_momo_util_jni_Codec_uuu)
V/dalvikvm( 1611): Found 'Java_com_immomo_momo_util_jni_Codec_uuu' with dlsym
V/dalvikvm( 1611): +++ not scanning 'libnativehelper.so' for 'lsn' (wrong CL)
V/dalvikvm( 1611): +++ not scanning '/system/lib/librs_jni.so' for 'lsn' (wrong CL)
V/dalvikvm( 1611): +++ scanning '/data/data/com.immomo.momo/lib/libmomonative.so' for 'lsn'
V/dalvikvm( 1611): +++ calling dlsym(Java_com_immomo_momo_util_jni_Codec_lsn)
V/dalvikvm( 1611): Found 'Java_com_immomo_momo_util_jni_Codec_lsn' with dlsym
V/dalvikvm( 1611): +++ not scanning 'libnativehelper.so' for 'opq' (wrong CL)
V/dalvikvm( 1611): +++ not scanning '/system/lib/librs_jni.so' for 'opq' (wrong CL)
V/dalvikvm( 1611): +++ scanning '/data/data/com.immomo.momo/lib/libmomonative.so' for 'opq'
V/dalvikvm( 1611): +++ calling dlsym(Java_com_immomo_momo_util_jni_Codec_opq)
V/dalvikvm( 1611): Found 'Java_com_immomo_momo_util_jni_Codec_opq' with dlsym
V/dalvikvm( 1611): +++ not scanning 'libnativehelper.so' for 'mm' (wrong CL)
V/dalvikvm( 1611): +++ not scanning '/system/lib/librs_jni.so' for 'mm' (wrong CL)
V/dalvikvm( 1611): +++ scanning '/data/data/com.immomo.momo/lib/libmomonative.so' for 'mm'
V/dalvikvm( 1611): +++ calling dlsym(Java_com_immomo_momo_util_jni_Codec_mm)
