E/AuxilaryLog[<1361214585>](  950): 心碎男孩
E/AuxilaryLog[<1361214585>](  950): Within 6km
E/AuxilaryLog[<1361214585>](  950): 老鼠老虎'傻傻分不清楚'小傻妞。。。
E/AuxilaryLog[<1361214585>](  950): 老鼠老虎'傻傻分不清楚'小傻妞。。。
E/AuxilaryLog[<1361214585>](  950): 爱情就像捡贝壳一样，不要捡最美的最好的，要捡自己最喜欢的，
E/AuxilaryLog[<1361214586>](  950): 漆雕長銘
E/AuxilaryLog[<1361214586>](  950): 漆雕長銘
E/AuxilaryLog[<1361214586>](  950): 90后
E/AuxilaryLog[<1361214586>](  950): Within 6km
E/AuxilaryLog[<1361214586>](  950): 寜靜致遠
E/AuxilaryLog[<1361214586>](  950): 寜靜致遠
E/AuxilaryLog[<1361214586>](  950): 感觉这样真的好累，我是不是该换个环境了
E/AuxilaryLog[<1361214586>](  950): 高
E/AuxilaryLog[<1361214586>](  950): 高
E/AuxilaryLog[<1361214586>](  950): Dingli
E/AuxilaryLog[<1361214586>](  950): Within 6km
E/AuxilaryLog[<1361214586>](  950): 妈才是最亲最爱你的人
E/AuxilaryLog[<1361214586>](  950): 妈才是最亲最爱你的人
E/AuxilaryLog[<1361214586>](  950): Do not let up one's attack of the failing enemy
E/AuxilaryLog[<1361214586>](  950): 一切随缘
E/AuxilaryLog[<1361214586>](  950): 一切随缘
E/AuxilaryLog[<1361214586>](  950): 莫问
E/AuxilaryLog[<1361214586>](  950): Within 6km
E/AuxilaryLog[<1361214586>](  950): 北斗
E/AuxilaryLog[<1361214586>](  950): 北斗
E/AuxilaryLog[<1361214586>](  950): ——Helios
E/AuxilaryLog[<1361214586>](  950): Within 6km
E/AuxilaryLog[<1361214586>](  950): 国际国内航空运输 进出口报关  第三仓储等   上海
E/AuxilaryLog[<1361214586>](  950): 国际国内航空运输 进出口报关  第三仓储等   上海
E/AuxilaryLog[<1361214586>](  950): 人活在世界上不需理会别人的看法……做好自己该做的事就行了！
E/AuxilaryLog[<1361214586>](  950): 天壤
E/AuxilaryLog[<1361214586>](  950): 天壤
E/AuxilaryLog[<1361214586>](  950): 寂寞小男人
E/AuxilaryLog[<1361214586>](  950): Within 5km
E/AuxilaryLog[<1361214586>](  950): miss　you
E/AuxilaryLog[<1361214586>](  950): miss　you
E/AuxilaryLog[<1361214586>](  950): 李恒
E/AuxilaryLog[<1361214586>](  950): Within 5km
E/AuxilaryLog[<1361214586>](  950): 七夜
E/AuxilaryLog[<1361214586>](  950): 七夜
E/AuxilaryLog[<1361214586>](  950): 李昭
E/AuxilaryLog[<1361214586>](  950): Within 5km
E/AuxilaryLog[<1361214586>](  950): 夜深了该睡了
E/AuxilaryLog[<1361214586>](  950): 夜深了该睡了
E/AuxilaryLog[<1361214586>](  950): ¿
E/AuxilaryLog[<1361214586>](  950): 系统
E/AuxilaryLog[<1361214586>](  950): 系统
E/AuxilaryLog[<1361214586>](  950): 李新焕
E/AuxilaryLog[<1361214586>](  950): Within 5km
E/AuxilaryLog[<1361214586>](  950): ANE
E/AuxilaryLog[<1361214586>](  950): ANE
E/AuxilaryLog[<1361214586>](  950): 张亚辉
E/AuxilaryLog[<1361214586>](  950): Within 5km
E/AuxilaryLog[<1361214586>](  950): 你是我無法觸碰的彼岸花…
E/AuxilaryLog[<1361214586>](  950): 你是我無法觸碰的彼岸花…
E/AuxilaryLog[<1361214586>](  950): 你潇洒的走了！可我还是舍不得，放不开……
E/AuxilaryLog[<1361214600>](  355): 2:10
E/AuxilaryLog[<1361214600>](  355): 2:10
E/AuxilaryLog[<1361214600>](  355): Monday
E/AuxilaryLog[<1361214600>](  355): February 18, 2013
E/AuxilaryLog[<1361214660>](  355): 2:11
E/AuxilaryLog[<1361214660>](  355): 2:11
E/AuxilaryLog[<1361214660>](  355): Monday
E/AuxilaryLog[<1361214660>](  355): February 18, 2013
E/AuxilaryLog[<1361214720>](  355): 2:12
E/AuxilaryLog[<1361214720>](  355): 2:12
E/AuxilaryLog[<1361214720>](  355): Monday
E/AuxilaryLog[<1361214720>](  355): February 18, 2013
W/ThrottleService(  282): unable to find stats for iface rmnet0
E/AuxilaryLog[<1361214780>](  355): 2:13
E/AuxilaryLog[<1361214780>](  355): 2:13
E/AuxilaryLog[<1361214780>](  355): Monday
E/AuxilaryLog[<1361214780>](  355): February 18, 2013
D/dalvikvm( 1611): GC_CONCURRENT freed 398K, 9% free 5377K/5895K, paused 0ms+0ms, total 2ms
E/AuxilaryLog[<1361214840>](  355): 2:14
E/AuxilaryLog[<1361214840>](  355): 2:14
E/AuxilaryLog[<1361214840>](  355): Monday
E/AuxilaryLog[<1361214840>](  355): February 18, 2013
E/AuxilaryLog[<1361214900>](  355): 2:15
E/AuxilaryLog[<1361214900>](  355): 2:15
E/AuxilaryLog[<1361214900>](  355): Monday
E/AuxilaryLog[<1361214900>](  355): February 18, 2013
E/AuxilaryLog[<1361214960>](  355): 2:16
E/AuxilaryLog[<1361214960>](  355): 2:16
E/AuxilaryLog[<1361214960>](  355): Monday
E/AuxilaryLog[<1361214960>](  355): February 18, 2013
D/dalvikvm( 1313): GC_CONCURRENT freed 377K, 10% free 4629K/5127K, paused 0ms+1ms, total 2ms
E/AuxilaryLog[<1361215020>](  355): 2:17
E/AuxilaryLog[<1361215020>](  355): 2:17
D/dalvikvm(  282): GC_CONCURRENT freed 1080K, 13% free 9142K/10439K, paused 0ms+1ms, total 10ms
E/AuxilaryLog[<1361215020>](  355): Monday
E/AuxilaryLog[<1361215020>](  355): February 18, 2013
E/AuxilaryLog[<1361215080>](  355): 2:18
E/AuxilaryLog[<1361215080>](  355): 2:18
E/AuxilaryLog[<1361215080>](  355): Monday
E/AuxilaryLog[<1361215080>](  355): February 18, 2013
E/AuxilaryLog[<1361215140>](  355): 2:19
E/AuxilaryLog[<1361215140>](  355): 2:19
E/AuxilaryLog[<1361215140>](  355): Monday
E/AuxilaryLog[<1361215140>](  355): February 18, 2013
E/AuxilaryLog[<1361215200>](  355): 2:20
E/AuxilaryLog[<1361215200>](  355): 2:20
E/AuxilaryLog[<1361215200>](  355): Monday
E/AuxilaryLog[<1361215200>](  355): February 18, 2013
E/AuxilaryLog[<1361215260>](  355): 2:21
E/AuxilaryLog[<1361215260>](  355): 2:21
E/AuxilaryLog[<1361215260>](  355): Monday
E/AuxilaryLog[<1361215260>](  355): February 18, 2013
D/dalvikvm(  950): GC_CONCURRENT freed 1965K, 16% free 11569K/13639K, paused 11ms+1ms, total 18ms
E/AuxilaryLog[<1361215320>](  355): 2:22
E/AuxilaryLog[<1361215320>](  355): 2:22
E/AuxilaryLog[<1361215320>](  355): Monday
E/AuxilaryLog[<1361215320>](  355): February 18, 2013
W/ThrottleService(  282): unable to find stats for iface rmnet0
E/AuxilaryLog[<1361215380>](  355): 2:23
E/AuxilaryLog[<1361215380>](  355): 2:23
E/AuxilaryLog[<1361215380>](  355): Monday
E/AuxilaryLog[<1361215380>](  355): February 18, 2013
E/AuxilaryLog[<1361215440>](  355): 2:24
E/AuxilaryLog[<1361215440>](  355): 2:24
E/AuxilaryLog[<1361215440>](  355): Monday
E/AuxilaryLog[<1361215440>](  355): February 18, 2013
E/AuxilaryLog[<1361215500>](  355): 2:25
E/AuxilaryLog[<1361215500>](  355): 2:25
E/AuxilaryLog[<1361215500>](  355): Monday
E/AuxilaryLog[<1361215500>](  355): February 18, 2013
E/AuxilaryLog[<1361215560>](  355): 2:26
E/AuxilaryLog[<1361215560>](  355): 2:26
E/AuxilaryLog[<1361215560>](  355): Monday
E/AuxilaryLog[<1361215560>](  355): February 18, 2013
E/AuxilaryLog[<1361215620>](  355): 2:27
E/AuxilaryLog[<1361215620>](  355): 2:27
E/AuxilaryLog[<1361215620>](  355): Monday
E/AuxilaryLog[<1361215620>](  355): February 18, 2013
E/AuxilaryLog[<1361215680>](  355): 2:28
E/AuxilaryLog[<1361215680>](  355): 2:28
E/AuxilaryLog[<1361215680>](  355): Monday
E/AuxilaryLog[<1361215680>](  355): February 18, 2013
E/AuxilaryLog[<1361215740>](  355): 2:29
E/AuxilaryLog[<1361215740>](  355): 2:29
E/AuxilaryLog[<1361215740>](  355): Monday
E/AuxilaryLog[<1361215740>](  355): February 18, 2013
E/AuxilaryLog[<1361215800>](  355): 2:30
E/AuxilaryLog[<1361215800>](  355): 2:30
E/AuxilaryLog[<1361215800>](  355): Monday
E/AuxilaryLog[<1361215800>](  355): February 18, 2013
W/BatteryStatsImpl(  282): Couldn't get kernel wake lock stats
E/AuxilaryLog[<1361215860>](  355): 2:31
E/AuxilaryLog[<1361215860>](  355): 2:31
E/AuxilaryLog[<1361215860>](  355): Monday
E/AuxilaryLog[<1361215860>](  355): February 18, 2013
I/EventLogService(  723): Aggregate from 1361214064623 (log), 1361214064623 (data)
E/AuxilaryLog[<1361215920>](  355): 2:32
D/dalvikvm(  355): GC_CONCURRENT freed 553K, 73% free 5488K/20231K, paused 0ms+1ms, total 3ms
E/AuxilaryLog[<1361215920>](  355): 2:32
E/AuxilaryLog[<1361215920>](  355): Monday
E/AuxilaryLog[<1361215920>](  355): February 18, 2013
W/ThrottleService(  282): unable to find stats for iface rmnet0
E/AuxilaryLog[<1361215980>](  355): 2:33
E/AuxilaryLog[<1361215980>](  355): 2:33
E/AuxilaryLog[<1361215980>](  355): Monday
E/AuxilaryLog[<1361215980>](  355): February 18, 2013
